Archive member included to satisfy reference by file (symbol)

c:/program files (x86)/atmel/studio/7.0/toolchain/arm/arm-gnu-toolchain/bin/../lib/gcc/arm-none-eabi/6.3.1/../../../../arm-none-eabi/lib/thumb/v7e-m\libc_nano.a(lib_a-exit.o)
                              c:/program files (x86)/atmel/studio/7.0/toolchain/arm/arm-gnu-toolchain/bin/../lib/gcc/arm-none-eabi/6.3.1/../../../../arm-none-eabi/lib/thumb/v7e-m/crt0.o (exit)
c:/program files (x86)/atmel/studio/7.0/toolchain/arm/arm-gnu-toolchain/bin/../lib/gcc/arm-none-eabi/6.3.1/../../../../arm-none-eabi/lib/thumb/v7e-m\libc_nano.a(lib_a-impure.o)
                              c:/program files (x86)/atmel/studio/7.0/toolchain/arm/arm-gnu-toolchain/bin/../lib/gcc/arm-none-eabi/6.3.1/../../../../arm-none-eabi/lib/thumb/v7e-m\libc_nano.a(lib_a-exit.o) (_global_impure_ptr)
c:/program files (x86)/atmel/studio/7.0/toolchain/arm/arm-gnu-toolchain/bin/../lib/gcc/arm-none-eabi/6.3.1/../../../../arm-none-eabi/lib/thumb/v7e-m\libc_nano.a(lib_a-init.o)
                              c:/program files (x86)/atmel/studio/7.0/toolchain/arm/arm-gnu-toolchain/bin/../lib/gcc/arm-none-eabi/6.3.1/../../../../arm-none-eabi/lib/thumb/v7e-m/crt0.o (__libc_init_array)
c:/program files (x86)/atmel/studio/7.0/toolchain/arm/arm-gnu-toolchain/bin/../lib/gcc/arm-none-eabi/6.3.1/../../../../arm-none-eabi/lib/thumb/v7e-m\libc_nano.a(lib_a-memset.o)
                              c:/program files (x86)/atmel/studio/7.0/toolchain/arm/arm-gnu-toolchain/bin/../lib/gcc/arm-none-eabi/6.3.1/../../../../arm-none-eabi/lib/thumb/v7e-m/crt0.o (memset)
c:/program files (x86)/atmel/studio/7.0/toolchain/arm/arm-gnu-toolchain/bin/../lib/gcc/arm-none-eabi/6.3.1/../../../../arm-none-eabi/lib/thumb/v7e-m\libc_nano.a(lib_a-printf.o)
                              hal/utils/src/utils_syscalls.o (printf)
c:/program files (x86)/atmel/studio/7.0/toolchain/arm/arm-gnu-toolchain/bin/../lib/gcc/arm-none-eabi/6.3.1/../../../../arm-none-eabi/lib/thumb/v7e-m\libc_nano.a(lib_a-puts.o)
                              examples/driver_examples.o (puts)
c:/program files (x86)/atmel/studio/7.0/toolchain/arm/arm-gnu-toolchain/bin/../lib/gcc/arm-none-eabi/6.3.1/../../../../arm-none-eabi/lib/thumb/v7e-m\libc_nano.a(lib_a-setbuf.o)
                              stdio_redirect/stdio_io.o (setbuf)
c:/program files (x86)/atmel/studio/7.0/toolchain/arm/arm-gnu-toolchain/bin/../lib/gcc/arm-none-eabi/6.3.1/../../../../arm-none-eabi/lib/thumb/v7e-m\libc_nano.a(lib_a-setvbuf.o)
                              c:/program files (x86)/atmel/studio/7.0/toolchain/arm/arm-gnu-toolchain/bin/../lib/gcc/arm-none-eabi/6.3.1/../../../../arm-none-eabi/lib/thumb/v7e-m\libc_nano.a(lib_a-setbuf.o) (setvbuf)
c:/program files (x86)/atmel/studio/7.0/toolchain/arm/arm-gnu-toolchain/bin/../lib/gcc/arm-none-eabi/6.3.1/../../../../arm-none-eabi/lib/thumb/v7e-m\libc_nano.a(lib_a-wbuf.o)
                              c:/program files (x86)/atmel/studio/7.0/toolchain/arm/arm-gnu-toolchain/bin/../lib/gcc/arm-none-eabi/6.3.1/../../../../arm-none-eabi/lib/thumb/v7e-m\libc_nano.a(lib_a-puts.o) (__swbuf_r)
c:/program files (x86)/atmel/studio/7.0/toolchain/arm/arm-gnu-toolchain/bin/../lib/gcc/arm-none-eabi/6.3.1/../../../../arm-none-eabi/lib/thumb/v7e-m\libc_nano.a(lib_a-wsetup.o)
                              c:/program files (x86)/atmel/studio/7.0/toolchain/arm/arm-gnu-toolchain/bin/../lib/gcc/arm-none-eabi/6.3.1/../../../../arm-none-eabi/lib/thumb/v7e-m\libc_nano.a(lib_a-puts.o) (__swsetup_r)
c:/program files (x86)/atmel/studio/7.0/toolchain/arm/arm-gnu-toolchain/bin/../lib/gcc/arm-none-eabi/6.3.1/../../../../arm-none-eabi/lib/thumb/v7e-m\libc_nano.a(lib_a-fflush.o)
                              c:/program files (x86)/atmel/studio/7.0/toolchain/arm/arm-gnu-toolchain/bin/../lib/gcc/arm-none-eabi/6.3.1/../../../../arm-none-eabi/lib/thumb/v7e-m\libc_nano.a(lib_a-setvbuf.o) (_fflush_r)
c:/program files (x86)/atmel/studio/7.0/toolchain/arm/arm-gnu-toolchain/bin/../lib/gcc/arm-none-eabi/6.3.1/../../../../arm-none-eabi/lib/thumb/v7e-m\libc_nano.a(lib_a-findfp.o)
                              c:/program files (x86)/atmel/studio/7.0/toolchain/arm/arm-gnu-toolchain/bin/../lib/gcc/arm-none-eabi/6.3.1/../../../../arm-none-eabi/lib/thumb/v7e-m\libc_nano.a(lib_a-printf.o) (__sinit)
c:/program files (x86)/atmel/studio/7.0/toolchain/arm/arm-gnu-toolchain/bin/../lib/gcc/arm-none-eabi/6.3.1/../../../../arm-none-eabi/lib/thumb/v7e-m\libc_nano.a(lib_a-fwalk.o)
                              c:/program files (x86)/atmel/studio/7.0/toolchain/arm/arm-gnu-toolchain/bin/../lib/gcc/arm-none-eabi/6.3.1/../../../../arm-none-eabi/lib/thumb/v7e-m\libc_nano.a(lib_a-findfp.o) (_fwalk)
c:/program files (x86)/atmel/studio/7.0/toolchain/arm/arm-gnu-toolchain/bin/../lib/gcc/arm-none-eabi/6.3.1/../../../../arm-none-eabi/lib/thumb/v7e-m\libc_nano.a(lib_a-makebuf.o)
[...]
Memory Configuration

Name             Origin             Length             Attributes
rom              0x00400000         0x00200000         xr
ram              0x20400000         0x00060000         xrw
*default*        0x00000000         0xffffffff

Linker script and memory map

LOAD c:/program files (x86)/atmel/studio/7.0/toolchain/arm/arm-gnu-toolchain/bin/../lib/gcc/arm-none-eabi/6.3.1/thumb/v7e-m/crti.o
LOAD c:/program files (x86)/atmel/studio/7.0/toolchain/arm/arm-gnu-toolchain/bin/../lib/gcc/arm-none-eabi/6.3.1/thumb/v7e-m/crtbegin.o
LOAD c:/program files (x86)/atmel/studio/7.0/toolchain/arm/arm-gnu-toolchain/bin/../lib/gcc/arm-none-eabi/6.3.1/../../../../arm-none-eabi/lib/thumb/v7e-m/crt0.o
LOAD atmel_start.o
LOAD Device_Startup/startup_samv71q21b.o
LOAD Device_Startup/system_samv71q21b.o
LOAD driver_init.o
LOAD examples/driver_examples.o
LOAD hal/src/hal_atomic.o
LOAD hal/src/hal_delay.o
LOAD hal/src/hal_gpio.o
LOAD hal/src/hal_init.o
LOAD hal/src/hal_io.o
LOAD hal/src/hal_sleep.o
LOAD hal/src/hal_spi_m_async.o
LOAD hal/src/hal_usart_sync.o
LOAD hal/utils/src/utils_assert.o
LOAD hal/utils/src/utils_event.o
LOAD hal/utils/src/utils_list.o
LOAD hal/utils/src/utils_ringbuffer.o
LOAD hal/utils/src/utils_syscalls.o
LOAD hpl/core/hpl_core_m7_base.o
LOAD hpl/core/hpl_init.o
LOAD hpl/pmc/hpl_pmc.o
LOAD hpl/pmc/hpl_sleep.o
LOAD hpl/spi/hpl_spi.o
LOAD hpl/usart/hpl_usart.o
LOAD hpl/xdmac/hpl_xdmac.o
LOAD main.o
LOAD stdio_redirect/gcc/read.o
LOAD stdio_redirect/gcc/write.o
LOAD stdio_redirect/stdio_io.o
LOAD stdio_start.o
START GROUP
LOAD c:/program files (x86)/atmel/studio/7.0/toolchain/arm/arm-gnu-toolchain/bin/../lib/gcc/arm-none-eabi/6.3.1/../../../../arm-none-eabi/lib/thumb/v7e-m\libm.a
END GROUP
START GROUP
LOAD c:/program files (x86)/atmel/studio/7.0/toolchain/arm/arm-gnu-toolchain/bin/../lib/gcc/arm-none-eabi/6.3.1/thumb/v7e-m\libgcc.a
LOAD c:/program files (x86)/atmel/studio/7.0/toolchain/arm/arm-gnu-toolchain/bin/../lib/gcc/arm-none-eabi/6.3.1/../../../../arm-none-eabi/lib/thumb/v7e-m\libc_nano.a
END GROUP
START GROUP
LOAD c:/program files (x86)/atmel/studio/7.0/toolchain/arm/arm-gnu-toolchain/bin/../lib/gcc/arm-none-eabi/6.3.1/thumb/v7e-m\libgcc.a
LOAD c:/program files (x86)/atmel/studio/7.0/toolchain/arm/arm-gnu-toolchain/bin/../lib/gcc/arm-none-eabi/6.3.1/../../../../arm-none-eabi/lib/thumb/v7e-m\libc_nano.a
END GROUP
LOAD c:/program files (x86)/atmel/studio/7.0/toolchain/arm/arm-gnu-toolchain/bin/../lib/gcc/arm-none-eabi/6.3.1/thumb/v7e-m/crtend.o
LOAD c:/program files (x86)/atmel/studio/7.0/toolchain/arm/arm-gnu-toolchain/bin/../lib/gcc/arm-none-eabi/6.3.1/thumb/v7e-m/crtn.o
                0x00000400                STACK_SIZE = DEFINED (STACK_SIZE)?STACK_SIZE:DEFINED (__stack_size__)?__stack_size__:0x400
                0x00000200                HEAP_SIZE = DEFINED (HEAP_SIZE)?HEAP_SIZE:DEFINED (__heap_size__)?__heap_size__:0x200

.text           0x00400000     0x1d20
                0x00400000                . = ALIGN (0x4)
                0x00400000                _sfixed = .
 *(.vectors .vectors.*)
 .vectors       0x00400000      0x168 Device_Startup/startup_samv71q21b.o
                0x00400000                exception_table
 *(.text .text.* .gnu.linkonce.t.*)
 .text          0x00400168       0x6c c:/program files (x86)/atmel/studio/7.0/toolchain/arm/arm-gnu-toolchain/bin/../lib/gcc/arm-none-eabi/6.3.1/thumb/v7e-m/crtbegin.o
 .text.atmel_start_init
                0x004001d4       0x14 atmel_start.o
                0x004001d4                atmel_start_init
 .text.Dummy_Handler
                0x004001e8        0x2 Device_Startup/startup_samv71q21b.o
                0x004001e8                DACC_Handler
                0x004001e8                SVCall_Handler
                0x004001e8                UART3_Handler
                0x004001e8                UART2_Handler
                0x004001e8                TRNG_Handler
                0x004001e8                HardFault_Handler
                0x004001e8                TC2_Handler
                0x004001e8                SysTick_Handler
                0x004001e8                AFEC1_Handler
                0x004001e8                PendSV_Handler
                0x004001e8                TC7_Handler
                0x004001e8                QSPI_Handler
                0x004001e8                NonMaskableInt_Handler
                0x004001e8                ISI_Handler
                0x004001e8                MCAN0_INT0_Handler
                0x004001e8                TC9_Handler
                0x004001e8                RSWDT_Handler
                0x004001e8                USART0_Handler
                0x004001e8                RTT_Handler
                0x004001e8                USBHS_Handler
                0x004001e8                IXC_Handler
                0x004001e8                CCF_Handler
                0x004001e8                PIOB_Handler
                0x004001e8                RTC_Handler
                0x004001e8                UsageFault_Handler
                0x004001e8                TC6_Handler
                0x004001e8                WDT_Handler
                0x004001e8                MCAN1_INT1_Handler
                0x004001e8                TC4_Handler
                0x004001e8                TC1_Handler
                0x004001e8                HSMCI_Handler
                0x004001e8                UART1_Handler
                0x004001e8                TC3_Handler
                0x004001e8                Dummy_Handler
                0x004001e8                TWIHS1_Handler
                0x004001e8                XDMAC_Handler
                0x004001e8                UART4_Handler
                0x004001e8                PWM1_Handler
                0x004001e8                USART1_Handler
                0x004001e8                PWM0_Handler
                0x004001e8                PIOA_Handler
                0x004001e8                AFEC0_Handler
                0x004001e8                CCW_Handler
                0x004001e8                SSC_Handler
                0x004001e8                TC11_Handler
                0x004001e8                ACC_Handler
                0x004001e8                PMC_Handler
                0x004001e8                GMAC_Handler
                0x004001e8                MCAN0_INT1_Handler
                0x004001e8                GMAC_Q5_Handler
                0x004001e8                SUPC_Handler
                0x004001e8                TC8_Handler
                0x004001e8                MCAN1_INT0_Handler
                0x004001e8                EFC_Handler
                0x004001e8                GMAC_Q1_Handler
                0x004001e8                USART2_Handler
                0x004001e8                SDRAMC_Handler
                0x004001e8                GMAC_Q2_Handler
                0x004001e8                PIOE_Handler
                0x004001e8                SPI1_Handler
                0x004001e8                TC10_Handler
                0x004001e8                GMAC_Q3_Handler
                0x004001e8                PIOD_Handler
                0x004001e8                TWIHS2_Handler
                0x004001e8                MLB_Handler
                0x004001e8                I2SC0_Handler
                0x004001e8                UART0_Handler
                0x004001e8                I2SC1_Handler
                0x004001e8                PIOC_Handler
                0x004001e8                GMAC_Q4_Handler
                0x004001e8                FPU_Handler
                0x004001e8                BusFault_Handler
                0x004001e8                RSTC_Handler
                0x004001e8                TC0_Handler
                0x004001e8                MemoryManagement_Handler
                0x004001e8                DebugMonitor_Handler
                0x004001e8                TC5_Handler
                0x004001e8                ICM_Handler
                0x004001e8                AES_Handler
                0x004001e8                TWIHS0_Handler
 *fill*         0x004001ea        0x2 
 .text.Reset_Handler
                0x004001ec       0x68 Device_Startup/startup_samv71q21b.o
                0x004001ec                Reset_Handler
 .text.SPI_0_PORT_init
                0x00400254       0x4c driver_init.o
                0x00400254                SPI_0_PORT_init
 .text.SPI_0_CLOCK_init
                0x004002a0       0x18 driver_init.o
                0x004002a0                SPI_0_CLOCK_init
 .text.SPI_0_init
                0x004002b8       0x40 driver_init.o
                0x004002b8                SPI_0_init
 .text.TARGET_IO_PORT_init
                0x004002f8       0x4c driver_init.o
                0x004002f8                TARGET_IO_PORT_init
 .text.TARGET_IO_CLOCK_init
                0x00400344       0x18 driver_init.o
                0x00400344                TARGET_IO_CLOCK_init
 .text.TARGET_IO_init
                0x0040035c       0x34 driver_init.o
                0x0040035c                TARGET_IO_init
 .text.system_init
                0x00400390       0x2c driver_init.o
                0x00400390                system_init
 .text.atomic_enter_critical
                0x004003bc        0xe hal/src/hal_atomic.o
                0x004003bc                atomic_enter_critical
 .text.atomic_leave_critical
                0x004003ca        0xc hal/src/hal_atomic.o
                0x004003ca                atomic_leave_critical
 *fill*         0x004003d6        0x2 
 .text.delay_ms
                0x004003d8       0x20 hal/src/hal_delay.o
                0x004003d8                delay_ms
 .text.io_write
                0x004003f8       0x30 hal/src/hal_io.o
                0x004003f8                io_write
 .text.io_read  0x00400428       0x30 hal/src/hal_io.o
                0x00400428                io_read
 .text._spi_m_async_io_write
                0x00400458       0x40 hal/src/hal_spi_m_async.o
 .text._spi_m_async_io_read
                0x00400498       0x50 hal/src/hal_spi_m_async.o
 .text._spi_dev_error
                0x004004e8       0x3c hal/src/hal_spi_m_async.o
 .text._spi_dev_complete
                0x00400524       0x2c hal/src/hal_spi_m_async.o
 .text._spi_dev_tx
                0x00400550       0x54 hal/src/hal_spi_m_async.o
 .text._spi_dev_rx
                0x004005a4       0x90 hal/src/hal_spi_m_async.o
 .text.spi_m_async_set_func_ptr
                0x00400634       0x20 hal/src/hal_spi_m_async.o
                0x00400634                spi_m_async_set_func_ptr
 .text.spi_m_async_init
                0x00400654       0x84 hal/src/hal_spi_m_async.o
                0x00400654                spi_m_async_init
 .text.spi_m_async_enable
                0x004006d8       0x28 hal/src/hal_spi_m_async.o
                0x004006d8                spi_m_async_enable
 .text.spi_m_async_register_callback
                0x00400700       0x44 hal/src/hal_spi_m_async.o
                0x00400700                spi_m_async_register_callback
 .text.spi_m_async_get_io_descriptor
                0x00400744       0x2c hal/src/hal_spi_m_async.o
                0x00400744                spi_m_async_get_io_descriptor
 .text.usart_sync_write
                0x00400770       0x70 hal/src/hal_usart_sync.o
 .text.usart_sync_read
                0x004007e0       0x60 hal/src/hal_usart_sync.o
 .text.usart_sync_init
                0x00400840       0x48 hal/src/hal_usart_sync.o
                0x00400840                usart_sync_init
 .text.usart_sync_enable
                0x00400888       0x2c hal/src/hal_usart_sync.o
                0x00400888                usart_sync_enable
 .text.assert   0x004008b4        0x6 hal/utils/src/utils_assert.o
                0x004008b4                assert
 *fill*         0x004008ba        0x2 
 .text._sbrk    0x004008bc       0x24 hal/utils/src/utils_syscalls.o
                0x004008bc                _sbrk
 .text._close   0x004008e0        0x6 hal/utils/src/utils_syscalls.o
                0x004008e0                _close
 .text._fstat   0x004008e6        0xa hal/utils/src/utils_syscalls.o
                0x004008e6                _fstat
 .text._isatty  0x004008f0        0x4 hal/utils/src/utils_syscalls.o
                0x004008f0                _isatty
 .text._lseek   0x004008f4        0x4 hal/utils/src/utils_syscalls.o
                0x004008f4                _lseek
 .text._get_cycles_for_ms
                0x004008f8       0x12 hpl/core/hpl_core_m7_base.o
                0x004008f8                _get_cycles_for_ms
 .text._delay_cycles
                0x0040090a        0x6 hpl/core/hpl_core_m7_base.o
                0x0040090a                _delay_cycles
 .text._init_chip
                0x00400910       0x54 hpl/core/hpl_init.o
                0x00400910                _init_chip
 .text._pmc_init_sources
                0x00400964       0x50 hpl/pmc/hpl_pmc.o
 .text._pmc_init_master_clock
                0x004009b4       0x4c hpl/pmc/hpl_pmc.o
 .text._pmc_init
                0x00400a00       0x14 hpl/pmc/hpl_pmc.o
                0x00400a00                _pmc_init
 .text._spi_get_irq_num
                0x00400a14       0x14 hpl/spi/hpl_spi.o
 .text._spi_init_irq_param
                0x00400a28       0x18 hpl/spi/hpl_spi.o
 .text._spi_sync_enable
                0x00400a40        0x8 hpl/spi/hpl_spi.o
 .text._spi_async_enable
                0x00400a48       0x34 hpl/spi/hpl_spi.o
 .text._spi_get_hardware_index
                0x00400a7c       0x18 hpl/spi/hpl_spi.o
 .text._spi_handler
                0x00400a94       0x42 hpl/spi/hpl_spi.o
 *fill*         0x00400ad6        0x2 
 .text.SPI0_Handler
                0x00400ad8       0x14 hpl/spi/hpl_spi.o
                0x00400ad8                SPI0_Handler
 .text._spi_spi_m_sync_init
                0x00400aec       0xa8 hpl/spi/hpl_spi.o
                0x00400aec                _spi_spi_m_sync_init
 .text._spi_m_async_init
                0x00400b94       0x74 hpl/spi/hpl_spi.o
                0x00400b94                _spi_m_async_init
 .text._spi_m_async_enable
                0x00400c08       0x34 hpl/spi/hpl_spi.o
                0x00400c08                _spi_m_async_enable
 .text._spi_m_async_enable_tx
                0x00400c3c       0x34 hpl/spi/hpl_spi.o
                0x00400c3c                _spi_m_async_enable_tx
 .text._spi_m_async_enable_rx
                0x00400c70       0x40 hpl/spi/hpl_spi.o
                0x00400c70                _spi_m_async_enable_rx
 .text._spi_m_async_enable_tx_complete
                0x00400cb0       0x44 hpl/spi/hpl_spi.o
                0x00400cb0                _spi_m_async_enable_tx_complete
 .text._spi_m_async_write_one
                0x00400cf4       0x30 hpl/spi/hpl_spi.o
                0x00400cf4                _spi_m_async_write_one
 .text._spi_m_async_read_one
                0x00400d24       0x30 hpl/spi/hpl_spi.o
                0x00400d24                _spi_m_async_read_one
 .text._spi_m_async_register_callback
                0x00400d54       0x30 hpl/spi/hpl_spi.o
                0x00400d54                _spi_m_async_register_callback
 .text._spi_m_async_set_irq_state
                0x00400d84       0x38 hpl/spi/hpl_spi.o
                0x00400d84                _spi_m_async_set_irq_state
 .text._spi_get_spi_m_async
                0x00400dbc        0x4 hpl/spi/hpl_spi.o
                0x00400dbc                _spi_get_spi_m_async
 .text._usart_get_hardware_index
                0x00400dc0       0x2c hpl/usart/hpl_usart.o
 .text._get_usart_index
                0x00400dec       0x54 hpl/usart/hpl_usart.o
 .text._usart_init
                0x00400e40       0x68 hpl/usart/hpl_usart.o
 .text._usart_sync_init
                0x00400ea8       0x38 hpl/usart/hpl_usart.o
                0x00400ea8                _usart_sync_init
 .text._usart_sync_enable
                0x00400ee0       0x34 hpl/usart/hpl_usart.o
                0x00400ee0                _usart_sync_enable
 .text._usart_sync_write_byte
                0x00400f14       0x24 hpl/usart/hpl_usart.o
                0x00400f14                _usart_sync_write_byte
 .text._usart_sync_read_byte
                0x00400f38       0x24 hpl/usart/hpl_usart.o
                0x00400f38                _usart_sync_read_byte
 .text._usart_sync_is_ready_to_send
                0x00400f5c       0x28 hpl/usart/hpl_usart.o
                0x00400f5c                _usart_sync_is_ready_to_send
 .text._usart_sync_is_transmit_done
                0x00400f84       0x28 hpl/usart/hpl_usart.o
                0x00400f84                _usart_sync_is_transmit_done
 .text._usart_sync_is_byte_received
                0x00400fac       0x28 hpl/usart/hpl_usart.o
                0x00400fac                _usart_sync_is_byte_received
 .text._usart_get_usart_sync
                0x00400fd4        0x4 hpl/usart/hpl_usart.o
                0x00400fd4                _usart_get_usart_sync
 .text.SPI_callback_test
                0x00400fd8       0x14 main.o
 .text.SPI_Test
                0x00400fec       0x4c main.o
                0x00400fec                SPI_Test
 .text.main     0x00401038       0x20 main.o
                0x00401038                main
 .text._read    0x00401058       0x24 stdio_redirect/gcc/read.o
                0x00401058                _read
 .text._write   0x0040107c       0x28 stdio_redirect/gcc/write.o
                0x0040107c                _write
 .text.stdio_io_init
                0x004010a4       0x2c stdio_redirect/stdio_io.o
                0x004010a4                stdio_io_init
 .text.stdio_io_read
                0x004010d0       0x24 stdio_redirect/stdio_io.o
                0x004010d0                stdio_io_read
 .text.stdio_io_write
                0x004010f4       0x24 stdio_redirect/stdio_io.o
                0x004010f4                stdio_io_write
 .text.stdio_redirect_init
                0x00401118       0x20 stdio_start.o
                0x00401118                stdio_redirect_init
 .text.__libc_init_array
                0x00401138       0x48 c:/program files (x86)/atmel/studio/7.0/toolchain/arm/arm-gnu-toolchain/bin/../lib/gcc/arm-none-eabi/6.3.1/../../../../arm-none-eabi/lib/thumb/v7e-m\libc_nano.a(lib_a-init.o)
                0x00401138                __libc_init_array
 .text.memset   0x00401180       0x10 c:/program files (x86)/atmel/studio/7.0/toolchain/arm/arm-gnu-toolchain/bin/../lib/gcc/arm-none-eabi/6.3.1/../../../../arm-none-eabi/lib/thumb/v7e-m\libc_nano.a(lib_a-memset.o)
                0x00401180                memset
 .text._puts_r  0x00401190       0xb8 c:/program files (x86)/atmel/studio/7.0/toolchain/arm/arm-gnu-toolchain/bin/../lib/gcc/arm-none-eabi/6.3.1/../../../../arm-none-eabi/lib/thumb/v7e-m\libc_nano.a(lib_a-puts.o)
                0x00401190                _puts_r
 .text.puts     0x00401248       0x10 c:/program files (x86)/atmel/studio/7.0/toolchain/arm/arm-gnu-toolchain/bin/../lib/gcc/arm-none-eabi/6.3.1/../../../../arm-none-eabi/lib/thumb/v7e-m\libc_nano.a(lib_a-puts.o)
                0x00401248                puts
 .text.setbuf   0x00401258       0x10 c:/program files (x86)/atmel/studio/7.0/toolchain/arm/arm-gnu-toolchain/bin/../lib/gcc/arm-none-eabi/6.3.1/../../../../arm-none-eabi/lib/thumb/v7e-m\libc_nano.a(lib_a-setbuf.o)
                0x00401258                setbuf
 .text.setvbuf  0x00401268      0x15c c:/program files (x86)/atmel/studio/7.0/toolchain/arm/arm-gnu-toolchain/bin/../lib/gcc/arm-none-eabi/6.3.1/../../../../arm-none-eabi/lib/thumb/v7e-m\libc_nano.a(lib_a-setvbuf.o)
                0x00401268                setvbuf
 .text.__swbuf_r
                0x004013c4       0xa4 c:/program files (x86)/atmel/studio/7.0/toolchain/arm/arm-gnu-toolchain/bin/../lib/gcc/arm-none-eabi/6.3.1/../../../../arm-none-eabi/lib/thumb/v7e-m\libc_nano.a(lib_a-wbuf.o)
                0x004013c4                __swbuf_r
 .text.__swsetup_r
                0x00401468       0xdc c:/program files (x86)/atmel/studio/7.0/toolchain/arm/arm-gnu-toolchain/bin/../lib/gcc/arm-none-eabi/6.3.1/../../../../arm-none-eabi/lib/thumb/v7e-m\libc_nano.a(lib_a-wsetup.o)
                0x00401468                __swsetup_r
 .text.__sflush_r
                0x00401544      0x110 c:/program files (x86)/atmel/studio/7.0/toolchain/arm/arm-gnu-toolchain/bin/../lib/gcc/arm-none-eabi/6.3.1/../../../../arm-none-eabi/lib/thumb/v7e-m\libc_nano.a(lib_a-fflush.o)
                0x00401544                __sflush_r
 .text._fflush_r
                0x00401654       0x54 c:/program files (x86)/atmel/studio/7.0/toolchain/arm/arm-gnu-toolchain/bin/../lib/gcc/arm-none-eabi/6.3.1/../../../../arm-none-eabi/lib/thumb/v7e-m\libc_nano.a(lib_a-fflush.o)
                0x00401654                _fflush_r
 .text._cleanup_r
                0x004016a8        0xc c:/program files (x86)/atmel/studio/7.0/toolchain/arm/arm-gnu-toolchain/bin/../lib/gcc/arm-none-eabi/6.3.1/../../../../arm-none-eabi/lib/thumb/v7e-m\libc_nano.a(lib_a-findfp.o)
                0x004016a8                _cleanup_r
 .text.std.isra.0
                0x004016b4       0x48 c:/program files (x86)/atmel/studio/7.0/toolchain/arm/arm-gnu-toolchain/bin/../lib/gcc/arm-none-eabi/6.3.1/../../../../arm-none-eabi/lib/thumb/v7e-m\libc_nano.a(lib_a-findfp.o)
 .text.__sfmoreglue
                0x004016fc       0x2c c:/program files (x86)/atmel/studio/7.0/toolchain/arm/arm-gnu-toolchain/bin/../lib/gcc/arm-none-eabi/6.3.1/../../../../arm-none-eabi/lib/thumb/v7e-m\libc_nano.a(lib_a-findfp.o)
                0x004016fc                __sfmoreglue
 .text.__sinit  0x00401728       0x60 c:/program files (x86)/atmel/studio/7.0/toolchain/arm/arm-gnu-toolchain/bin/../lib/gcc/arm-none-eabi/6.3.1/../../../../arm-none-eabi/lib/thumb/v7e-m\libc_nano.a(lib_a-findfp.o)
                0x00401728                __sinit
 .text.__sfp    0x00401788       0x78 c:/program files (x86)/atmel/studio/7.0/toolchain/arm/arm-gnu-toolchain/bin/../lib/gcc/arm-none-eabi/6.3.1/../../../../arm-none-eabi/lib/thumb/v7e-m\libc_nano.a(lib_a-findfp.o)
                0x00401788                __sfp
 .text._fwalk_reent
                0x00401800       0x3c c:/program files (x86)/atmel/studio/7.0/toolchain/arm/arm-gnu-toolchain/bin/../lib/gcc/arm-none-eabi/6.3.1/../../../../arm-none-eabi/lib/thumb/v7e-m\libc_nano.a(lib_a-fwalk.o)
                0x00401800                _fwalk_reent
 .text.__swhatbuf_r
                0x0040183c       0x48 c:/program files (x86)/atmel/studio/7.0/toolchain/arm/arm-gnu-toolchain/bin/../lib/gcc/arm-none-eabi/6.3.1/../../../../arm-none-eabi/lib/thumb/v7e-m\libc_nano.a(lib_a-makebuf.o)
                0x0040183c                __swhatbuf_r
 .text.__smakebuf_r
                0x00401884       0x80 c:/program files (x86)/atmel/studio/7.0/toolchain/arm/arm-gnu-toolchain/bin/../lib/gcc/arm-none-eabi/6.3.1/../../../../arm-none-eabi/lib/thumb/v7e-m\libc_nano.a(lib_a-makebuf.o)
                0x00401884                __smakebuf_r
 .text.malloc   0x00401904       0x10 c:/program files (x86)/atmel/studio/7.0/toolchain/arm/arm-gnu-toolchain/bin/../lib/gcc/arm-none-eabi/6.3.1/../../../../arm-none-eabi/lib/thumb/v7e-m\libc_nano.a(lib_a-malloc.o)
                0x00401904                malloc
 .text._free_r  0x00401914       0x9c c:/program files (x86)/atmel/studio/7.0/toolchain/arm/arm-gnu-toolchain/bin/../lib/gcc/arm-none-eabi/6.3.1/../../../../arm-none-eabi/lib/thumb/v7e-m\libc_nano.a(lib_a-nano-freer.o)
                0x00401914                _free_r
 .text._malloc_r
                0x004019b0       0xbc c:/program files (x86)/atmel/studio/7.0/toolchain/arm/arm-gnu-toolchain/bin/../lib/gcc/arm-none-eabi/6.3.1/../../../../arm-none-eabi/lib/thumb/v7e-m\libc_nano.a(lib_a-nano-mallocr.o)
                0x004019b0                _malloc_r
 .text._sbrk_r  0x00401a6c       0x20 c:/program files (x86)/atmel/studio/7.0/toolchain/arm/arm-gnu-toolchain/bin/../lib/gcc/arm-none-eabi/6.3.1/../../../../arm-none-eabi/lib/thumb/v7e-m\libc_nano.a(lib_a-sbrkr.o)
                0x00401a6c                _sbrk_r
 .text.__sread  0x00401a8c       0x22 c:/program files (x86)/atmel/studio/7.0/toolchain/arm/arm-gnu-toolchain/bin/../lib/gcc/arm-none-eabi/6.3.1/../../../../arm-none-eabi/lib/thumb/v7e-m\libc_nano.a(lib_a-stdio.o)
                0x00401a8c                __sread
 .text.__swrite
                0x00401aae       0x38 c:/program files (x86)/atmel/studio/7.0/toolchain/arm/arm-gnu-toolchain/bin/../lib/gcc/arm-none-eabi/6.3.1/../../../../arm-none-eabi/lib/thumb/v7e-m\libc_nano.a(lib_a-stdio.o)
                0x00401aae                __swrite
 .text.__sseek  0x00401ae6       0x24 c:/program files (x86)/atmel/studio/7.0/toolchain/arm/arm-gnu-toolchain/bin/../lib/gcc/arm-none-eabi/6.3.1/../../../../arm-none-eabi/lib/thumb/v7e-m\libc_nano.a(lib_a-stdio.o)
                0x00401ae6                __sseek
 .text.__sclose
                0x00401b0a        0x8 c:/program files (x86)/atmel/studio/7.0/toolchain/arm/arm-gnu-toolchain/bin/../lib/gcc/arm-none-eabi/6.3.1/../../../../arm-none-eabi/lib/thumb/v7e-m\libc_nano.a(lib_a-stdio.o)
                0x00401b0a                __sclose
 *fill*         0x00401b12        0x2 
 .text._write_r
                0x00401b14       0x24 c:/program files (x86)/atmel/studio/7.0/toolchain/arm/arm-gnu-toolchain/bin/../lib/gcc/arm-none-eabi/6.3.1/../../../../arm-none-eabi/lib/thumb/v7e-m\libc_nano.a(lib_a-writer.o)
                0x00401b14                _write_r
 .text._close_r
                0x00401b38       0x20 c:/program files (x86)/atmel/studio/7.0/toolchain/arm/arm-gnu-toolchain/bin/../lib/gcc/arm-none-eabi/6.3.1/../../../../arm-none-eabi/lib/thumb/v7e-m\libc_nano.a(lib_a-closer.o)
                0x00401b38                _close_r
 .text._fstat_r
                0x00401b58       0x24 c:/program files (x86)/atmel/studio/7.0/toolchain/arm/arm-gnu-toolchain/bin/../lib/gcc/arm-none-eabi/6.3.1/../../../../arm-none-eabi/lib/thumb/v7e-m\libc_nano.a(lib_a-fstatr.o)
                0x00401b58                _fstat_r
 .text._isatty_r
                0x00401b7c       0x20 c:/program files (x86)/atmel/studio/7.0/toolchain/arm/arm-gnu-toolchain/bin/../lib/gcc/arm-none-eabi/6.3.1/../../../../arm-none-eabi/lib/thumb/v7e-m\libc_nano.a(lib_a-isattyr.o)
                0x00401b7c                _isatty_r
 .text._lseek_r
                0x00401b9c       0x24 c:/program files (x86)/atmel/studio/7.0/toolchain/arm/arm-gnu-toolchain/bin/../lib/gcc/arm-none-eabi/6.3.1/../../../../arm-none-eabi/lib/thumb/v7e-m\libc_nano.a(lib_a-lseekr.o)
                0x00401b9c                _lseek_r
 .text.__malloc_lock
                0x00401bc0        0x2 c:/program files (x86)/atmel/studio/7.0/toolchain/arm/arm-gnu-toolchain/bin/../lib/gcc/arm-none-eabi/6.3.1/../../../../arm-none-eabi/lib/thumb/v7e-m\libc_nano.a(lib_a-mlock.o)
                0x00401bc0                __malloc_lock
 .text.__malloc_unlock
                0x00401bc2        0x2 c:/program files (x86)/atmel/studio/7.0/toolchain/arm/arm-gnu-toolchain/bin/../lib/gcc/arm-none-eabi/6.3.1/../../../../arm-none-eabi/lib/thumb/v7e-m\libc_nano.a(lib_a-mlock.o)
                0x00401bc2                __malloc_unlock
 .text._read_r  0x00401bc4       0x24 c:/program files (x86)/atmel/studio/7.0/toolchain/arm/arm-gnu-toolchain/bin/../lib/gcc/arm-none-eabi/6.3.1/../../../../arm-none-eabi/lib/thumb/v7e-m\libc_nano.a(lib_a-readr.o)
                0x00401bc4                _read_r
 *(.glue_7t)
 .glue_7t       0x00401be8        0x0 linker stubs
 *(.glue_7)
 .glue_7        0x00401be8        0x0 linker stubs
 *(.rodata .rodata* .gnu.linkonce.r.*)
 .rodata.str1.4
                0x00401be8       0x14 hal/src/hal_io.o
 .rodata.str1.4
                0x00401bfc       0x1d hal/src/hal_spi_m_async.o
 *fill*         0x00401c19        0x3 
 .rodata.str1.4
                0x00401c1c       0x1c hal/src/hal_usart_sync.o
 .rodata        0x00401c38       0x14 hpl/spi/hpl_spi.o
 .rodata.str1.4
                0x00401c4c       0x15 hpl/spi/hpl_spi.o
 *fill*         0x00401c61        0x3 
 .rodata        0x00401c64        0xc hpl/usart/hpl_usart.o
 .rodata.str1.4
                0x00401c70       0x19 hpl/usart/hpl_usart.o
 *fill*         0x00401c89        0x3 
 .rodata.str1.4
                0x00401c8c       0x10 main.o
                                  0xe (size before relaxing)
 .rodata._global_impure_ptr
                0x00401c9c        0x4 c:/program files (x86)/atmel/studio/7.0/toolchain/arm/arm-gnu-toolchain/bin/../lib/gcc/arm-none-eabi/6.3.1/../../../../arm-none-eabi/lib/thumb/v7e-m\libc_nano.a(lib_a-impure.o)
                0x00401c9c                _global_impure_ptr
 .rodata.__sf_fake_stderr
                0x00401ca0       0x20 c:/program files (x86)/atmel/studio/7.0/toolchain/arm/arm-gnu-toolchain/bin/../lib/gcc/arm-none-eabi/6.3.1/../../../../arm-none-eabi/lib/thumb/v7e-m\libc_nano.a(lib_a-findfp.o)
                0x00401ca0                __sf_fake_stderr
 .rodata.__sf_fake_stdin
                0x00401cc0       0x20 c:/program files (x86)/atmel/studio/7.0/toolchain/arm/arm-gnu-toolchain/bin/../lib/gcc/arm-none-eabi/6.3.1/../../../../arm-none-eabi/lib/thumb/v7e-m\libc_nano.a(lib_a-findfp.o)
                0x00401cc0                __sf_fake_stdin
 .rodata.__sf_fake_stdout
                0x00401ce0       0x20 c:/program files (x86)/atmel/studio/7.0/toolchain/arm/arm-gnu-toolchain/bin/../lib/gcc/arm-none-eabi/6.3.1/../../../../arm-none-eabi/lib/thumb/v7e-m\libc_nano.a(lib_a-findfp.o)
                0x00401ce0                __sf_fake_stdout
 *(.ARM.extab* .gnu.linkonce.armextab.*)
                0x00401d00                . = ALIGN (0x4)
 *(.init)
 .init          0x00401d00        0x4 c:/program files (x86)/atmel/studio/7.0/toolchain/arm/arm-gnu-toolchain/bin/../lib/gcc/arm-none-eabi/6.3.1/thumb/v7e-m/crti.o
                0x00401d00                _init
 .init          0x00401d04        0x8 c:/program files (x86)/atmel/studio/7.0/toolchain/arm/arm-gnu-toolchain/bin/../lib/gcc/arm-none-eabi/6.3.1/thumb/v7e-m/crtn.o
                0x00401d0c                . = ALIGN (0x4)
                0x00401d0c                __preinit_array_start = .
 *(.preinit_array)
                0x00401d0c                __preinit_array_end = .
                0x00401d0c                . = ALIGN (0x4)
                0x00401d0c                __init_array_start = .
 *(SORT(.init_array.*))
 *(.init_array)
 .init_array    0x00401d0c        0x4 c:/program files (x86)/atmel/studio/7.0/toolchain/arm/arm-gnu-toolchain/bin/../lib/gcc/arm-none-eabi/6.3.1/thumb/v7e-m/crtbegin.o
                0x00401d10                __init_array_end = .
                0x00401d10                . = ALIGN (0x4)
 *crtbegin.o(.ctors)
 *(EXCLUDE_FILE(*crtend.o) .ctors)
 *(SORT(.ctors.*))
 *crtend.o(.ctors)
                0x00401d10                . = ALIGN (0x4)
 *(.fini)
 .fini          0x00401d10        0x4 c:/program files (x86)/atmel/studio/7.0/toolchain/arm/arm-gnu-toolchain/bin/../lib/gcc/arm-none-eabi/6.3.1/thumb/v7e-m/crti.o
                0x00401d10                _fini
 .fini          0x00401d14        0x8 c:/program files (x86)/atmel/studio/7.0/toolchain/arm/arm-gnu-toolchain/bin/../lib/gcc/arm-none-eabi/6.3.1/thumb/v7e-m/crtn.o
                0x00401d1c                . = ALIGN (0x4)
                0x00401d1c                __fini_array_start = .
 *(.fini_array)
 .fini_array    0x00401d1c        0x4 c:/program files (x86)/atmel/studio/7.0/toolchain/arm/arm-gnu-toolchain/bin/../lib/gcc/arm-none-eabi/6.3.1/thumb/v7e-m/crtbegin.o
 *(SORT(.fini_array.*))
                0x00401d20                __fini_array_end = .
 *crtbegin.o(.dtors)
 *(EXCLUDE_FILE(*crtend.o) .dtors)
 *(SORT(.dtors.*))
 *crtend.o(.dtors)
                0x00401d20                . = ALIGN (0x4)
                0x00401d20                _efixed = .
                [!provide]                PROVIDE (__exidx_start, .)

.vfp11_veneer   0x00401d20        0x0
 .vfp11_veneer  0x00401d20        0x0 linker stubs

.v4_bx          0x00401d20        0x0
 .v4_bx         0x00401d20        0x0 linker stubs

.iplt           0x00401d20        0x0
 .iplt          0x00401d20        0x0 c:/program files (x86)/atmel/studio/7.0/toolchain/arm/arm-gnu-toolchain/bin/../lib/gcc/arm-none-eabi/6.3.1/thumb/v7e-m/crtbegin.o

.eh_frame       0x00401d20        0x0
 .eh_frame      0x00401d20        0x0 c:/program files (x86)/atmel/studio/7.0/toolchain/arm/arm-gnu-toolchain/bin/../lib/gcc/arm-none-eabi/6.3.1/thumb/v7e-m/crtbegin.o

.rel.dyn        0x00401d20        0x0
 .rel.iplt      0x00401d20        0x0 c:/program files (x86)/atmel/studio/7.0/toolchain/arm/arm-gnu-toolchain/bin/../lib/gcc/arm-none-eabi/6.3.1/thumb/v7e-m/crtbegin.o

.jcr            0x00401d20        0x0
 .jcr           0x00401d20        0x0 c:/program files (x86)/atmel/studio/7.0/toolchain/arm/arm-gnu-toolchain/bin/../lib/gcc/arm-none-eabi/6.3.1/thumb/v7e-m/crtbegin.o

.igot.plt       0x00401d20        0x0
 .igot.plt      0x00401d20        0x0 c:/program files (x86)/atmel/studio/7.0/toolchain/arm/arm-gnu-toolchain/bin/../lib/gcc/arm-none-eabi/6.3.1/thumb/v7e-m/crtbegin.o

.ARM.exidx
 *(.ARM.exidx* .gnu.linkonce.armexidx.*)
                [!provide]                PROVIDE (__exidx_end, .)
                0x00401d20                . = ALIGN (0x4)
                0x00401d20                _etext = .

.relocate       0x20400000       0x64 load address 0x00401d20
                0x20400000                . = ALIGN (0x4)
                0x20400000                _srelocate = .
 *(.ramfunc .ramfunc.*)
 *(.data .data.*)
 .data._impure_ptr
                0x20400000        0x4 c:/program files (x86)/atmel/studio/7.0/toolchain/arm/arm-gnu-toolchain/bin/../lib/gcc/arm-none-eabi/6.3.1/../../../../arm-none-eabi/lib/thumb/v7e-m\libc_nano.a(lib_a-impure.o)
                0x20400000                _impure_ptr
 .data.impure_data
                0x20400004       0x60 c:/program files (x86)/atmel/studio/7.0/toolchain/arm/arm-gnu-toolchain/bin/../lib/gcc/arm-none-eabi/6.3.1/../../../../arm-none-eabi/lib/thumb/v7e-m\libc_nano.a(lib_a-impure.o)
                0x20400064                . = ALIGN (0x4)
                0x20400064                _erelocate = .

.bss            0x20400064       0x8c load address 0x00401d84
                0x20400064                . = ALIGN (0x4)
                0x20400064                _sbss = .
                0x20400064                _szero = .
 *(.bss .bss.*)
 .bss           0x20400064       0x1c c:/program files (x86)/atmel/studio/7.0/toolchain/arm/arm-gnu-toolchain/bin/../lib/gcc/arm-none-eabi/6.3.1/thumb/v7e-m/crtbegin.o
 .bss           0x20400080        0x4 hal/src/hal_delay.o
 .bss           0x20400084        0x4 hal/utils/src/utils_syscalls.o
 .bss           0x20400088        0x4 hpl/spi/hpl_spi.o
 .bss           0x2040008c        0x4 stdio_redirect/stdio_io.o
 .bss.__malloc_free_list
                0x20400090        0x4 c:/program files (x86)/atmel/studio/7.0/toolchain/arm/arm-gnu-toolchain/bin/../lib/gcc/arm-none-eabi/6.3.1/../../../../arm-none-eabi/lib/thumb/v7e-m\libc_nano.a(lib_a-nano-mallocr.o)
                0x20400090                __malloc_free_list
 .bss.__malloc_sbrk_start
                0x20400094        0x4 c:/program files (x86)/atmel/studio/7.0/toolchain/arm/arm-gnu-toolchain/bin/../lib/gcc/arm-none-eabi/6.3.1/../../../../arm-none-eabi/lib/thumb/v7e-m\libc_nano.a(lib_a-nano-mallocr.o)
                0x20400094                __malloc_sbrk_start
 *(COMMON)
 COMMON         0x20400098       0x54 driver_init.o
                0x20400098                TARGET_IO
                0x204000a4                SPI_0
 COMMON         0x204000ec        0x4 c:/program files (x86)/atmel/studio/7.0/toolchain/arm/arm-gnu-toolchain/bin/../lib/gcc/arm-none-eabi/6.3.1/../../../../arm-none-eabi/lib/thumb/v7e-m\libc_nano.a(lib_a-reent.o)
                0x204000ec                errno
                0x204000f0                . = ALIGN (0x4)
                0x204000f0                _ebss = .
                0x204000f0                _ezero = .

.heap           0x204000f0      0x200 load address 0x00401e10
                0x204000f0                . = ALIGN (0x8)
                0x204000f0                _sheap = .
                0x204002f0                . = (. + HEAP_SIZE)
 *fill*         0x204000f0      0x200 
                0x204002f0                . = ALIGN (0x8)
                0x204002f0                _eheap = .

.stack          0x204002f0      0x400 load address 0x00402010
                0x204002f0                . = ALIGN (0x8)
                0x204002f0                _sstack = .
                0x204006f0                . = (. + STACK_SIZE)
 *fill*         0x204002f0      0x400 
                0x204006f0                . = ALIGN (0x8)
                0x204006f0                _estack = .
                0x204006f0                . = ALIGN (0x4)
                0x204006f0                _end = .
                0x2045ffff                _ram_end_ = ((ORIGIN (ram) + LENGTH (ram)) - 0x1)
OUTPUT(SPI_Async.elf elf32-littlearm)

.ARM.attributes
                0x00000000       0x2e
 .ARM.attributes
                0x00000000       0x1e c:/program files (x86)/atmel/studio/7.0/toolchain/arm/arm-gnu-toolchain/bin/../lib/gcc/arm-none-eabi/6.3.1/thumb/v7e-m/crti.o
 .ARM.attributes
                0x0000001e       0x2e c:/program files (x86)/atmel/studio/7.0/toolchain/arm/arm-gnu-toolchain/bin/../lib/gcc/arm-none-eabi/6.3.1/thumb/v7e-m/crtbegin.o
 .ARM.attributes
                0x0000004c       0x37 atmel_start.o
 .ARM.attributes
                0x00000083       0x37 Device_Startup/startup_samv71q21b.o
 .ARM.attributes
                0x000000ba       0x37 driver_init.o
 .ARM.attributes
                0x000000f1       0x37 hal/src/hal_atomic.o
 .ARM.attributes
                0x00000128       0x37 hal/src/hal_delay.o
 .ARM.attributes
                0x0000015f       0x37 hal/src/hal_io.o
 .ARM.attributes
                0x00000196       0x37 hal/src/hal_spi_m_async.o
 .ARM.attributes
                0x000001cd       0x37 hal/src/hal_usart_sync.o
 .ARM.attributes
                0x00000204       0x37 hal/utils/src/utils_assert.o
 .ARM.attributes
                0x0000023b       0x37 hal/utils/src/utils_syscalls.o
 .ARM.attributes
                0x00000272       0x37 hpl/core/hpl_core_m7_base.o
 .ARM.attributes
                0x000002a9       0x37 hpl/core/hpl_init.o
 .ARM.attributes
                0x000002e0       0x37 hpl/pmc/hpl_pmc.o
 .ARM.attributes
                0x00000317       0x37 hpl/spi/hpl_spi.o
 .ARM.attributes
                0x0000034e       0x37 hpl/usart/hpl_usart.o
 .ARM.attributes
                0x00000385       0x37 main.o
 .ARM.attributes
                0x000003bc       0x37 stdio_redirect/gcc/read.o
 .ARM.attributes
                0x000003f3       0x37 stdio_redirect/gcc/write.o
 .ARM.attributes
                0x0000042a       0x37 stdio_redirect/stdio_io.o
 .ARM.attributes
                0x00000461       0x37 stdio_start.o
 .ARM.attributes
                0x00000498       0x2e c:/program files (x86)/atmel/studio/7.0/toolchain/arm/arm-gnu-toolchain/bin/../lib/gcc/arm-none-eabi/6.3.1/../../../../arm-none-eabi/lib/thumb/v7e-m\libc_nano.a(lib_a-impure.o)
 .ARM.attributes
                0x000004c6       0x2e c:/program files (x86)/atmel/studio/7.0/toolchain/arm/arm-gnu-toolchain/bin/../lib/gcc/arm-none-eabi/6.3.1/../../../../arm-none-eabi/lib/thumb/v7e-m\libc_nano.a(lib_a-init.o)
 .ARM.attributes
                0x000004f4       0x2e c:/program files (x86)/atmel/studio/7.0/toolchain/arm/arm-gnu-toolchain/bin/../lib/gcc/arm-none-eabi/6.3.1/../../../../arm-none-eabi/lib/thumb/v7e-m\libc_nano.a(lib_a-memset.o)
 .ARM.attributes
                0x00000522       0x2e c:/program files (x86)/atmel/studio/7.0/toolchain/arm/arm-gnu-toolchain/bin/../lib/gcc/arm-none-eabi/6.3.1/../../../../arm-none-eabi/lib/thumb/v7e-m\libc_nano.a(lib_a-puts.o)
 .ARM.attributes
                0x00000550       0x2e c:/program files (x86)/atmel/studio/7.0/toolchain/arm/arm-gnu-toolchain/bin/../lib/gcc/arm-none-eabi/6.3.1/../../../../arm-none-eabi/lib/thumb/v7e-m\libc_nano.a(lib_a-setbuf.o)
 .ARM.attributes
                0x0000057e       0x2e c:/program files (x86)/atmel/studio/7.0/toolchain/arm/arm-gnu-toolchain/bin/../lib/gcc/arm-none-eabi/6.3.1/../../../../arm-none-eabi/lib/thumb/v7e-m\libc_nano.a(lib_a-setvbuf.o)
 .ARM.attributes
                0x000005ac       0x2e c:/program files (x86)/atmel/studio/7.0/toolchain/arm/arm-gnu-toolchain/bin/../lib/gcc/arm-none-eabi/6.3.1/../../../../arm-none-eabi/lib/thumb/v7e-m\libc_nano.a(lib_a-wbuf.o)
 .ARM.attributes
                0x000005da       0x2e c:/program files (x86)/atmel/studio/7.0/toolchain/arm/arm-gnu-toolchain/bin/../lib/gcc/arm-none-eabi/6.3.1/../../../../arm-none-eabi/lib/thumb/v7e-m\libc_nano.a(lib_a-wsetup.o)
 .ARM.attributes
                0x00000608       0x2e c:/program files (x86)/atmel/studio/7.0/toolchain/arm/arm-gnu-toolchain/bin/../lib/gcc/arm-none-eabi/6.3.1/../../../../arm-none-eabi/lib/thumb/v7e-m\libc_nano.a(lib_a-fflush.o)
 .ARM.attributes
                0x00000636       0x2e c:/program files (x86)/atmel/studio/7.0/toolchain/arm/arm-gnu-toolchain/bin/../lib/gcc/arm-none-eabi/6.3.1/../../../../arm-none-eabi/lib/thumb/v7e-m\libc_nano.a(lib_a-findfp.o)
 .ARM.attributes
                0x00000664       0x2e c:/program files (x86)/atmel/studio/7.0/toolchain/arm/arm-gnu-toolchain/bin/../lib/gcc/arm-none-eabi/6.3.1/../../../../arm-none-eabi/lib/thumb/v7e-m\libc_nano.a(lib_a-fwalk.o)
 .ARM.attributes
                0x00000692       0x2e c:/program files (x86)/atmel/studio/7.0/toolchain/arm/arm-gnu-toolchain/bin/../lib/gcc/arm-none-eabi/6.3.1/../../../../arm-none-eabi/lib/thumb/v7e-m\libc_nano.a(lib_a-makebuf.o)
 .ARM.attributes
                0x000006c0       0x2e c:/program files (x86)/atmel/studio/7.0/toolchain/arm/arm-gnu-toolchain/bin/../lib/gcc/arm-none-eabi/6.3.1/../../../../arm-none-eabi/lib/thumb/v7e-m\libc_nano.a(lib_a-malloc.o)
 .ARM.attributes
                0x000006ee       0x2e c:/program files (x86)/atmel/studio/7.0/toolchain/arm/arm-gnu-toolchain/bin/../lib/gcc/arm-none-eabi/6.3.1/../../../../arm-none-eabi/lib/thumb/v7e-m\libc_nano.a(lib_a-nano-freer.o)
 .ARM.attributes
                0x0000071c       0x2e c:/program files (x86)/atmel/studio/7.0/toolchain/arm/arm-gnu-toolchain/bin/../lib/gcc/arm-none-eabi/6.3.1/../../../../arm-none-eabi/lib/thumb/v7e-m\libc_nano.a(lib_a-nano-mallocr.o)
 .ARM.attributes
                0x0000074a       0x2e c:/program files (x86)/atmel/studio/7.0/toolchain/arm/arm-gnu-toolchain/bin/../lib/gcc/arm-none-eabi/6.3.1/../../../../arm-none-eabi/lib/thumb/v7e-m\libc_nano.a(lib_a-sbrkr.o)
 .ARM.attributes
                0x00000778       0x2e c:/program files (x86)/atmel/studio/7.0/toolchain/arm/arm-gnu-toolchain/bin/../lib/gcc/arm-none-eabi/6.3.1/../../../../arm-none-eabi/lib/thumb/v7e-m\libc_nano.a(lib_a-stdio.o)
 .ARM.attributes
                0x000007a6       0x2e c:/program files (x86)/atmel/studio/7.0/toolchain/arm/arm-gnu-toolchain/bin/../lib/gcc/arm-none-eabi/6.3.1/../../../../arm-none-eabi/lib/thumb/v7e-m\libc_nano.a(lib_a-writer.o)
 .ARM.attributes
                0x000007d4       0x2e c:/program files (x86)/atmel/studio/7.0/toolchain/arm/arm-gnu-toolchain/bin/../lib/gcc/arm-none-eabi/6.3.1/../../../../arm-none-eabi/lib/thumb/v7e-m\libc_nano.a(lib_a-closer.o)
 .ARM.attributes
                0x00000802       0x2e c:/program files (x86)/atmel/studio/7.0/toolchain/arm/arm-gnu-toolchain/bin/../lib/gcc/arm-none-eabi/6.3.1/../../../../arm-none-eabi/lib/thumb/v7e-m\libc_nano.a(lib_a-fstatr.o)
 .ARM.attributes
                0x00000830       0x2e c:/program files (x86)/atmel/studio/7.0/toolchain/arm/arm-gnu-toolchain/bin/../lib/gcc/arm-none-eabi/6.3.1/../../../../arm-none-eabi/lib/thumb/v7e-m\libc_nano.a(lib_a-isattyr.o)
 .ARM.attributes
                0x0000085e       0x2e c:/program files (x86)/atmel/studio/7.0/toolchain/arm/arm-gnu-toolchain/bin/../lib/gcc/arm-none-eabi/6.3.1/../../../../arm-none-eabi/lib/thumb/v7e-m\libc_nano.a(lib_a-lseekr.o)
 .ARM.attributes
                0x0000088c       0x2e c:/program files (x86)/atmel/studio/7.0/toolchain/arm/arm-gnu-toolchain/bin/../lib/gcc/arm-none-eabi/6.3.1/../../../../arm-none-eabi/lib/thumb/v7e-m\libc_nano.a(lib_a-mlock.o)
 .ARM.attributes
                0x000008ba       0x2e c:/program files (x86)/atmel/studio/7.0/toolchain/arm/arm-gnu-toolchain/bin/../lib/gcc/arm-none-eabi/6.3.1/../../../../arm-none-eabi/lib/thumb/v7e-m\libc_nano.a(lib_a-readr.o)
 .ARM.attributes
                0x000008e8       0x2e c:/program files (x86)/atmel/studio/7.0/toolchain/arm/arm-gnu-toolchain/bin/../lib/gcc/arm-none-eabi/6.3.1/../../../../arm-none-eabi/lib/thumb/v7e-m\libc_nano.a(lib_a-reent.o)
 .ARM.attributes
                0x00000916       0x1e c:/program files (x86)/atmel/studio/7.0/toolchain/arm/arm-gnu-toolchain/bin/../lib/gcc/arm-none-eabi/6.3.1/thumb/v7e-m/crtn.o

.comment        0x00000000       0x59
 .comment       0x00000000       0x59 atmel_start.o
                                 0x5a (size before relaxing)
 .comment       0x00000059       0x5a Device_Startup/startup_samv71q21b.o
 .comment       0x00000059       0x5a driver_init.o
 .comment       0x00000059       0x5a hal/src/hal_atomic.o
 .comment       0x00000059       0x5a hal/src/hal_delay.o
 .comment       0x00000059       0x5a hal/src/hal_io.o
 .comment       0x00000059       0x5a hal/src/hal_spi_m_async.o
 .comment       0x00000059       0x5a hal/src/hal_usart_sync.o
 .comment       0x00000059       0x5a hal/utils/src/utils_assert.o
 .comment       0x00000059       0x5a hal/utils/src/utils_syscalls.o
 .comment       0x00000059       0x5a hpl/core/hpl_core_m7_base.o
 .comment       0x00000059       0x5a hpl/core/hpl_init.o
 .comment       0x00000059       0x5a hpl/pmc/hpl_pmc.o
 .comment       0x00000059       0x5a hpl/spi/hpl_spi.o
 .comment       0x00000059       0x5a hpl/usart/hpl_usart.o
 .comment       0x00000059       0x5a main.o
 .comment       0x00000059       0x5a stdio_redirect/gcc/read.o
 .comment       0x00000059       0x5a stdio_redirect/gcc/write.o
 .comment       0x00000059       0x5a stdio_redirect/stdio_io.o
 .comment       0x00000059       0x5a stdio_start.o

.debug_info     0x00000000    0x1269f
 .debug_info    0x00000000      0xd7c atmel_start.o
 .debug_info    0x00000d7c      0xb34 Device_Startup/startup_samv71q21b.o
 .debug_info    0x000018b0     0x1c55 driver_init.o
 .debug_info    0x00003505      0x1fa hal/src/hal_atomic.o
 .debug_info    0x000036ff      0x205 hal/src/hal_delay.o
 .debug_info    0x00003904      0x311 hal/src/hal_io.o
 .debug_info    0x00003c15     0x1118 hal/src/hal_spi_m_async.o
 .debug_info    0x00004d2d      0xd3b hal/src/hal_usart_sync.o
 .debug_info    0x00005a68      0x130 hal/utils/src/utils_assert.o
 .debug_info    0x00005b98      0xdca hal/utils/src/utils_syscalls.o
 .debug_info    0x00006962      0xd99 hpl/core/hpl_core_m7_base.o
 .debug_info    0x000076fb      0x6be hpl/core/hpl_init.o
 .debug_info    0x00007db9      0x894 hpl/pmc/hpl_pmc.o
 .debug_info    0x0000864d     0x302a hpl/spi/hpl_spi.o
 .debug_info    0x0000b677     0x32b9 hpl/usart/hpl_usart.o
 .debug_info    0x0000e930      0xef1 main.o
 .debug_info    0x0000f821      0xa5d stdio_redirect/gcc/read.o
 .debug_info    0x0001027e      0xa5d stdio_redirect/gcc/write.o
 .debug_info    0x00010cdb      0xbf7 stdio_redirect/stdio_io.o
 .debug_info    0x000118d2      0xdcd stdio_start.o

.debug_abbrev   0x00000000     0x2aad
 .debug_abbrev  0x00000000      0x1b4 atmel_start.o
 .debug_abbrev  0x000001b4      0x153 Device_Startup/startup_samv71q21b.o
 .debug_abbrev  0x00000307      0x2e8 driver_init.o
 .debug_abbrev  0x000005ef      0x155 hal/src/hal_atomic.o
 .debug_abbrev  0x00000744       0xf9 hal/src/hal_delay.o
 .debug_abbrev  0x0000083d      0x12d hal/src/hal_io.o
 .debug_abbrev  0x0000096a      0x268 hal/src/hal_spi_m_async.o
 .debug_abbrev  0x00000bd2      0x22f hal/src/hal_usart_sync.o
 .debug_abbrev  0x00000e01       0x9e hal/utils/src/utils_assert.o
 .debug_abbrev  0x00000e9f      0x269 hal/utils/src/utils_syscalls.o
 .debug_abbrev  0x00001108      0x2b1 hpl/core/hpl_core_m7_base.o
 .debug_abbrev  0x000013b9      0x1e7 hpl/core/hpl_init.o
 .debug_abbrev  0x000015a0      0x1b7 hpl/pmc/hpl_pmc.o
 .debug_abbrev  0x00001757      0x4af hpl/spi/hpl_spi.o
 .debug_abbrev  0x00001c06      0x42d hpl/usart/hpl_usart.o
 .debug_abbrev  0x00002033      0x28a main.o
 .debug_abbrev  0x000022bd      0x1ef stdio_redirect/gcc/read.o
 .debug_abbrev  0x000024ac      0x1ef stdio_redirect/gcc/write.o
 .debug_abbrev  0x0000269b      0x230 stdio_redirect/stdio_io.o
 .debug_abbrev  0x000028cb      0x1e2 stdio_start.o

.debug_loc      0x00000000     0x6568
 .debug_loc     0x00000000       0x20 atmel_start.o
 .debug_loc     0x00000020       0x78 Device_Startup/startup_samv71q21b.o
 .debug_loc     0x00000098      0x2c4 driver_init.o
 .debug_loc     0x0000035c       0x13 hal/src/hal_atomic.o
 .debug_loc     0x0000036f       0xc3 hal/src/hal_delay.o
 .debug_loc     0x00000432      0x132 hal/src/hal_io.o
 .debug_loc     0x00000564      0x9f9 hal/src/hal_spi_m_async.o
 .debug_loc     0x00000f5d      0x8b2 hal/src/hal_usart_sync.o
 .debug_loc     0x0000180f      0x13b hal/utils/src/utils_syscalls.o
 .debug_loc     0x0000194a      0x23a hpl/core/hpl_core_m7_base.o
 .debug_loc     0x00001b84       0x77 hpl/core/hpl_init.o
 .debug_loc     0x00001bfb      0x204 hpl/pmc/hpl_pmc.o
 .debug_loc     0x00001dff     0x23f0 hpl/spi/hpl_spi.o
 .debug_loc     0x000041ef     0x1f4a hpl/usart/hpl_usart.o
 .debug_loc     0x00006139       0x78 main.o
 .debug_loc     0x000061b1       0xff stdio_redirect/gcc/read.o
 .debug_loc     0x000062b0       0xf3 stdio_redirect/gcc/write.o
 .debug_loc     0x000063a3      0x185 stdio_redirect/stdio_io.o
 .debug_loc     0x00006528       0x40 stdio_start.o

.debug_aranges  0x00000000      0x8c0
 .debug_aranges
                0x00000000       0x20 atmel_start.o
 .debug_aranges
                0x00000020       0x28 Device_Startup/startup_samv71q21b.o
 .debug_aranges
                0x00000048       0x50 driver_init.o
 .debug_aranges
                0x00000098       0x30 hal/src/hal_atomic.o
 .debug_aranges
                0x000000c8       0x38 hal/src/hal_delay.o
 .debug_aranges
                0x00000100       0x30 hal/src/hal_io.o
 .debug_aranges
                0x00000130       0xb8 hal/src/hal_spi_m_async.o
 .debug_aranges
                0x000001e8       0xa8 hal/src/hal_usart_sync.o
 .debug_aranges
                0x00000290       0x20 hal/utils/src/utils_assert.o
 .debug_aranges
                0x000002b0       0x60 hal/utils/src/utils_syscalls.o
 .debug_aranges
                0x00000310       0x80 hpl/core/hpl_core_m7_base.o
 .debug_aranges
                0x00000390       0x20 hpl/core/hpl_init.o
 .debug_aranges
                0x000003b0       0x30 hpl/pmc/hpl_pmc.o
 .debug_aranges
                0x000003e0      0x248 hpl/spi/hpl_spi.o
 .debug_aranges
                0x00000628      0x1c8 hpl/usart/hpl_usart.o
 .debug_aranges
                0x000007f0       0x30 main.o
 .debug_aranges
                0x00000820       0x20 stdio_redirect/gcc/read.o
 .debug_aranges
                0x00000840       0x20 stdio_redirect/gcc/write.o
 .debug_aranges
                0x00000860       0x38 stdio_redirect/stdio_io.o
 .debug_aranges
                0x00000898       0x28 stdio_start.o

.debug_ranges   0x00000000      0x7e0
 .debug_ranges  0x00000000       0x10 atmel_start.o
 .debug_ranges  0x00000010       0x18 Device_Startup/startup_samv71q21b.o
 .debug_ranges  0x00000028       0x40 driver_init.o
 .debug_ranges  0x00000068       0x20 hal/src/hal_atomic.o
 .debug_ranges  0x00000088       0x28 hal/src/hal_delay.o
 .debug_ranges  0x000000b0       0x20 hal/src/hal_io.o
 .debug_ranges  0x000000d0       0xa8 hal/src/hal_spi_m_async.o
 .debug_ranges  0x00000178       0x98 hal/src/hal_usart_sync.o
 .debug_ranges  0x00000210       0x10 hal/utils/src/utils_assert.o
 .debug_ranges  0x00000220       0x50 hal/utils/src/utils_syscalls.o
 .debug_ranges  0x00000270       0x70 hpl/core/hpl_core_m7_base.o
 .debug_ranges  0x000002e0       0x10 hpl/core/hpl_init.o
 .debug_ranges  0x000002f0       0x20 hpl/pmc/hpl_pmc.o
 .debug_ranges  0x00000310      0x298 hpl/spi/hpl_spi.o
 .debug_ranges  0x000005a8      0x1b8 hpl/usart/hpl_usart.o
 .debug_ranges  0x00000760       0x20 main.o
 .debug_ranges  0x00000780       0x10 stdio_redirect/gcc/read.o
 .debug_ranges  0x00000790       0x10 stdio_redirect/gcc/write.o
 .debug_ranges  0x000007a0       0x28 stdio_redirect/stdio_io.o
 .debug_ranges  0x000007c8       0x18 stdio_start.o

.debug_macro    0x00000000    0x3f2f1
 .debug_macro   0x00000000      0x8f1 atmel_start.o
 .debug_macro   0x000008f1      0x8b0 atmel_start.o
 .debug_macro   0x000011a1      0x16d atmel_start.o
 .debug_macro   0x0000130e       0x22 atmel_start.o
 .debug_macro   0x00001330       0x87 atmel_start.o
 .debug_macro   0x000013b7       0x51 atmel_start.o
 .debug_macro   0x00001408       0xef atmel_start.o
 .debug_macro   0x000014f7       0x6a atmel_start.o
 .debug_macro   0x00001561      0x1df atmel_start.o
 .debug_macro   0x00001740       0x22 atmel_start.o
 .debug_macro   0x00001762       0xd7 atmel_start.o
 .debug_macro   0x00001839       0x1c atmel_start.o
 .debug_macro   0x00001855       0x22 atmel_start.o
 .debug_macro   0x00001877       0xdf atmel_start.o
 .debug_macro   0x00001956     0x12cd atmel_start.o
 .debug_macro   0x00002c23      0x11f atmel_start.o
 .debug_macro   0x00002d42       0x19 atmel_start.o
 .debug_macro   0x00002d5b      0x3e2 atmel_start.o
 .debug_macro   0x0000313d      0x5a9 atmel_start.o
 .debug_macro   0x000036e6     0x1797 atmel_start.o
 .debug_macro   0x00004e7d      0x3bb atmel_start.o
 .debug_macro   0x00005238      0x830 atmel_start.o
 .debug_macro   0x00005a68      0x316 atmel_start.o
 .debug_macro   0x00005d7e     0x269d atmel_start.o
 .debug_macro   0x0000841b       0x40 atmel_start.o
 .debug_macro   0x0000845b     0x105e atmel_start.o
 .debug_macro   0x000094b9      0x60b atmel_start.o
 .debug_macro   0x00009ac4      0x555 atmel_start.o
 .debug_macro   0x0000a019      0xb8f atmel_start.o
 .debug_macro   0x0000aba8      0x62e atmel_start.o
 .debug_macro   0x0000b1d6     0x3ac9 atmel_start.o
 .debug_macro   0x0000ec9f      0x6bf atmel_start.o
 .debug_macro   0x0000f35e     0x83ff atmel_start.o
 .debug_macro   0x0001775d     0x326e atmel_start.o
 .debug_macro   0x0001a9cb     0x24d0 atmel_start.o
 .debug_macro   0x0001ce9b      0x87f atmel_start.o
 .debug_macro   0x0001d71a      0x17d atmel_start.o
 .debug_macro   0x0001d897      0x118 atmel_start.o
 .debug_macro   0x0001d9af      0x909 atmel_start.o
 .debug_macro   0x0001e2b8      0x125 atmel_start.o
 .debug_macro   0x0001e3dd      0x503 atmel_start.o
 .debug_macro   0x0001e8e0      0x3e0 atmel_start.o
 .debug_macro   0x0001ecc0      0x709 atmel_start.o
 .debug_macro   0x0001f3c9      0xb64 atmel_start.o
 .debug_macro   0x0001ff2d      0xf03 atmel_start.o
 .debug_macro   0x00020e30      0xff2 atmel_start.o
 .debug_macro   0x00021e22      0x1a8 atmel_start.o
 .debug_macro   0x00021fca      0x124 atmel_start.o
 .debug_macro   0x000220ee      0xbc2 atmel_start.o
 .debug_macro   0x00022cb0      0x5c5 atmel_start.o
 .debug_macro   0x00023275     0x1afb atmel_start.o
 .debug_macro   0x00024d70      0x664 atmel_start.o
 .debug_macro   0x000253d4     0x41a7 atmel_start.o
 .debug_macro   0x0002957b      0x64f atmel_start.o
 .debug_macro   0x00029bca       0xc4 atmel_start.o
 .debug_macro   0x00029c8e      0x12d atmel_start.o
 .debug_macro   0x00029dbb     0x2a5f atmel_start.o
 .debug_macro   0x0002c81a       0x7c atmel_start.o
 .debug_macro   0x0002c896      0x14e atmel_start.o
 .debug_macro   0x0002c9e4       0xf4 atmel_start.o
 .debug_macro   0x0002cad8       0xf4 atmel_start.o
 .debug_macro   0x0002cbcc       0x16 atmel_start.o
 .debug_macro   0x0002cbe2       0x7c atmel_start.o
 .debug_macro   0x0002cc5e       0x40 atmel_start.o
 .debug_macro   0x0002cc9e      0x623 atmel_start.o
 .debug_macro   0x0002d2c1       0x40 atmel_start.o
 .debug_macro   0x0002d301      0x7ce atmel_start.o
 .debug_macro   0x0002dacf       0x6a atmel_start.o
 .debug_macro   0x0002db39       0x6a atmel_start.o
 .debug_macro   0x0002dba3       0x88 atmel_start.o
 .debug_macro   0x0002dc2b       0xac atmel_start.o
 .debug_macro   0x0002dcd7      0x142 atmel_start.o
 .debug_macro   0x0002de19      0x138 atmel_start.o
 .debug_macro   0x0002df51      0x138 atmel_start.o
 .debug_macro   0x0002e089       0xee atmel_start.o
 .debug_macro   0x0002e177      0x187 atmel_start.o
 .debug_macro   0x0002e2fe      0x180 atmel_start.o
 .debug_macro   0x0002e47e      0x180 atmel_start.o
 .debug_macro   0x0002e5fe      0x180 atmel_start.o
 .debug_macro   0x0002e77e      0x180 atmel_start.o
 .debug_macro   0x0002e8fe      0x121 atmel_start.o
 .debug_macro   0x0002ea1f      0x352 atmel_start.o
 .debug_macro   0x0002ed71      0x352 atmel_start.o
 .debug_macro   0x0002f0c3       0x82 atmel_start.o
 .debug_macro   0x0002f145       0x22 atmel_start.o
 .debug_macro   0x0002f167       0x22 atmel_start.o
 .debug_macro   0x0002f189       0x58 atmel_start.o
 .debug_macro   0x0002f1e1       0x28 atmel_start.o
 .debug_macro   0x0002f209       0x64 atmel_start.o
 .debug_macro   0x0002f26d       0x94 atmel_start.o
 .debug_macro   0x0002f301       0x7c atmel_start.o
 .debug_macro   0x0002f37d       0x7c atmel_start.o
 .debug_macro   0x0002f3f9       0x8e atmel_start.o
 .debug_macro   0x0002f487       0x34 atmel_start.o
 .debug_macro   0x0002f4bb      0x1a8 atmel_start.o
 .debug_macro   0x0002f663      0x1a8 atmel_start.o
 .debug_macro   0x0002f80b      0x1a8 atmel_start.o
 .debug_macro   0x0002f9b3      0x1a8 atmel_start.o
 .debug_macro   0x0002fb5b       0x3a atmel_start.o
 .debug_macro   0x0002fb95       0x82 atmel_start.o
 .debug_macro   0x0002fc17       0x82 atmel_start.o
 .debug_macro   0x0002fc99       0x82 atmel_start.o
 .debug_macro   0x0002fd1b       0x70 atmel_start.o
 .debug_macro   0x0002fd8b       0x70 atmel_start.o
 .debug_macro   0x0002fdfb       0x70 atmel_start.o
 .debug_macro   0x0002fe6b       0x70 atmel_start.o
 .debug_macro   0x0002fedb       0x70 atmel_start.o
 .debug_macro   0x0002ff4b       0xf4 atmel_start.o
 .debug_macro   0x0003003f       0xf4 atmel_start.o
 .debug_macro   0x00030133       0xf4 atmel_start.o
 .debug_macro   0x00030227      0x71f atmel_start.o
 .debug_macro   0x00030946       0x16 atmel_start.o
 .debug_macro   0x0003095c       0x22 atmel_start.o
 .debug_macro   0x0003097e      0x9bf atmel_start.o
 .debug_macro   0x0003133d      0x59f atmel_start.o
 .debug_macro   0x000318dc     0x2879 atmel_start.o
 .debug_macro   0x00034155      0x169 atmel_start.o
 .debug_macro   0x000342be       0x10 atmel_start.o
 .debug_macro   0x000342ce       0x10 atmel_start.o
 .debug_macro   0x000342de       0x16 atmel_start.o
 .debug_macro   0x000342f4       0x16 atmel_start.o
 .debug_macro   0x0003430a       0x16 atmel_start.o
 .debug_macro   0x00034320       0x16 atmel_start.o
 .debug_macro   0x00034336       0x16 atmel_start.o
 .debug_macro   0x0003434c       0x16 atmel_start.o
 .debug_macro   0x00034362       0x16 atmel_start.o
 .debug_macro   0x00034378       0x16 atmel_start.o
 .debug_macro   0x0003438e       0x16 atmel_start.o
 .debug_macro   0x000343a4       0x16 atmel_start.o
 .debug_macro   0x000343ba       0x16 atmel_start.o
 .debug_macro   0x000343d0       0x16 atmel_start.o
 .debug_macro   0x000343e6       0x16 atmel_start.o
 .debug_macro   0x000343fc       0x16 atmel_start.o
 .debug_macro   0x00034412       0x16 atmel_start.o
 .debug_macro   0x00034428       0x16 atmel_start.o
 .debug_macro   0x0003443e       0x16 atmel_start.o
 .debug_macro   0x00034454       0x16 atmel_start.o
 .debug_macro   0x0003446a       0x16 atmel_start.o
 .debug_macro   0x00034480       0x16 atmel_start.o
 .debug_macro   0x00034496       0x16 atmel_start.o
 .debug_macro   0x000344ac       0x16 atmel_start.o
 .debug_macro   0x000344c2       0x16 atmel_start.o
 .debug_macro   0x000344d8       0x16 atmel_start.o
 .debug_macro   0x000344ee       0x16 atmel_start.o
 .debug_macro   0x00034504       0x16 atmel_start.o
 .debug_macro   0x0003451a       0x16 atmel_start.o
 .debug_macro   0x00034530      0x27e atmel_start.o
 .debug_macro   0x000347ae       0x16 atmel_start.o
 .debug_macro   0x000347c4       0x16 atmel_start.o
 .debug_macro   0x000347da       0x16 atmel_start.o
 .debug_macro   0x000347f0      0x373 atmel_start.o
 .debug_macro   0x00034b63       0xa9 atmel_start.o
 .debug_macro   0x00034c0c       0x16 atmel_start.o
 .debug_macro   0x00034c22       0x16 atmel_start.o
 .debug_macro   0x00034c38       0x16 atmel_start.o
 .debug_macro   0x00034c4e       0xca atmel_start.o
 .debug_macro   0x00034d18       0x1c atmel_start.o
 .debug_macro   0x00034d34       0x16 atmel_start.o
 .debug_macro   0x00034d4a       0x3a atmel_start.o
 .debug_macro   0x00034d84       0xc9 atmel_start.o
 .debug_macro   0x00034e4d       0x1c atmel_start.o
 .debug_macro   0x00034e69       0x3a atmel_start.o
 .debug_macro   0x00034ea3       0x58 atmel_start.o
 .debug_macro   0x00034efb       0x35 atmel_start.o
 .debug_macro   0x00034f30       0x9c atmel_start.o
 .debug_macro   0x00034fcc       0x16 atmel_start.o
 .debug_macro   0x00034fe2       0x35 atmel_start.o
 .debug_macro   0x00035017      0x34d atmel_start.o
 .debug_macro   0x00035364       0x10 atmel_start.o
 .debug_macro   0x00035374       0x58 atmel_start.o
 .debug_macro   0x000353cc       0x1f atmel_start.o
 .debug_macro   0x000353eb       0x43 atmel_start.o
 .debug_macro   0x0003542e       0x20 atmel_start.o
 .debug_macro   0x0003544e      0x187 atmel_start.o
 .debug_macro   0x000355d5       0x10 atmel_start.o
 .debug_macro   0x000355e5       0x1c atmel_start.o
 .debug_macro   0x00035601       0x52 atmel_start.o
 .debug_macro   0x00035653       0x40 atmel_start.o
 .debug_macro   0x00035693       0x10 atmel_start.o
 .debug_macro   0x000356a3       0x40 atmel_start.o
 .debug_macro   0x000356e3       0xd7 atmel_start.o
 .debug_macro   0x000357ba       0x16 atmel_start.o
 .debug_macro   0x000357d0      0x18b atmel_start.o
 .debug_macro   0x0003595b      0x49c Device_Startup/startup_samv71q21b.o
 .debug_macro   0x00035df7       0xd1 Device_Startup/startup_samv71q21b.o
 .debug_macro   0x00035ec8      0x7b9 driver_init.o
 .debug_macro   0x00036681       0x10 driver_init.o
 .debug_macro   0x00036691       0x4c driver_init.o
 .debug_macro   0x000366dd      0x669 hal/src/hal_atomic.o
 .debug_macro   0x00036d46      0x6a0 hal/src/hal_delay.o
 .debug_macro   0x000373e6      0x67e hal/src/hal_io.o
 .debug_macro   0x00037a64      0x6d5 hal/src/hal_spi_m_async.o
 .debug_macro   0x00038139      0x6a9 hal/src/hal_usart_sync.o
 .debug_macro   0x000387e2      0x673 hal/utils/src/utils_assert.o
 .debug_macro   0x00038e55       0x10 hal/utils/src/utils_assert.o
 .debug_macro   0x00038e65      0x1d6 hal/utils/src/utils_syscalls.o
 .debug_macro   0x0003903b       0x52 hal/utils/src/utils_syscalls.o
 .debug_macro   0x0003908d       0x8d hal/utils/src/utils_syscalls.o
 .debug_macro   0x0003911a       0x57 hal/utils/src/utils_syscalls.o
 .debug_macro   0x00039171       0x97 hal/utils/src/utils_syscalls.o
 .debug_macro   0x00039208      0x353 hal/utils/src/utils_syscalls.o
 .debug_macro   0x0003955b       0xf6 hal/utils/src/utils_syscalls.o
 .debug_macro   0x00039651       0x4c hal/utils/src/utils_syscalls.o
 .debug_macro   0x0003969d       0x16 hal/utils/src/utils_syscalls.o
 .debug_macro   0x000396b3       0x10 hal/utils/src/utils_syscalls.o
 .debug_macro   0x000396c3       0x10 hal/utils/src/utils_syscalls.o
 .debug_macro   0x000396d3       0x35 hal/utils/src/utils_syscalls.o
 .debug_macro   0x00039708      0x122 hal/utils/src/utils_syscalls.o
 .debug_macro   0x0003982a      0x6c9 hpl/core/hpl_core_m7_base.o
 .debug_macro   0x00039ef3      0x6e1 hpl/core/hpl_init.o
 .debug_macro   0x0003a5d4      0x324 hpl/core/hpl_init.o
 .debug_macro   0x0003a8f8      0x9df hpl/core/hpl_init.o
 .debug_macro   0x0003b2d7      0x692 hpl/pmc/hpl_pmc.o
 .debug_macro   0x0003b969      0x739 hpl/spi/hpl_spi.o
 .debug_macro   0x0003c0a2       0x64 hpl/spi/hpl_spi.o
 .debug_macro   0x0003c106       0x22 hpl/spi/hpl_spi.o
 .debug_macro   0x0003c128       0x10 hpl/spi/hpl_spi.o
 .debug_macro   0x0003c138      0x6d9 hpl/usart/hpl_usart.o
 .debug_macro   0x0003c811       0x9f hpl/usart/hpl_usart.o
 .debug_macro   0x0003c8b0      0x8f2 main.o
 .debug_macro   0x0003d1a2      0x7d9 stdio_redirect/gcc/read.o
 .debug_macro   0x0003d97b      0x7d9 stdio_redirect/gcc/write.o
 .debug_macro   0x0003e154      0x7d2 stdio_redirect/stdio_io.o
 .debug_macro   0x0003e926       0xd9 stdio_redirect/stdio_io.o
 .debug_macro   0x0003e9ff      0x8f2 stdio_start.o

.debug_line     0x00000000    0x11389
 .debug_line    0x00000000      0xef9 atmel_start.o
 .debug_line    0x00000ef9      0x900 Device_Startup/startup_samv71q21b.o
 .debug_line    0x000017f9      0xf1d driver_init.o
 .debug_line    0x00002716      0xc78 hal/src/hal_atomic.o
 .debug_line    0x0000338e      0xcac hal/src/hal_delay.o
 .debug_line    0x0000403a      0xc70 hal/src/hal_io.o
 .debug_line    0x00004caa      0xe6a hal/src/hal_spi_m_async.o
 .debug_line    0x00005b14      0xe19 hal/src/hal_usart_sync.o
 .debug_line    0x0000692d      0xc4d hal/utils/src/utils_assert.o
 .debug_line    0x0000757a      0x40a hal/utils/src/utils_syscalls.o
 .debug_line    0x00007984      0xdf5 hpl/core/hpl_core_m7_base.o
 .debug_line    0x00008779      0xd33 hpl/core/hpl_init.o
 .debug_line    0x000094ac      0xd3e hpl/pmc/hpl_pmc.o
 .debug_line    0x0000a1ea     0x17b7 hpl/spi/hpl_spi.o
 .debug_line    0x0000b9a1     0x1323 hpl/usart/hpl_usart.o
 .debug_line    0x0000ccc4      0xf2e main.o
 .debug_line    0x0000dbf2      0xd78 stdio_redirect/gcc/read.o
 .debug_line    0x0000e96a      0xd79 stdio_redirect/gcc/write.o
 .debug_line    0x0000f6e3      0xd99 stdio_redirect/stdio_io.o
 .debug_line    0x0001047c      0xf0d stdio_start.o

.debug_str      0x00000000   0x146699
 .debug_str     0x00000000   0x13e7b0 atmel_start.o
                             0x13f23b (size before relaxing)
 .debug_str     0x0013e7b0      0x78d Device_Startup/startup_samv71q21b.o
                             0x1353cf (size before relaxing)
 .debug_str     0x0013ef3d      0xae9 driver_init.o
                             0x13bef2 (size before relaxing)
 .debug_str     0x0013fa26       0x9c hal/src/hal_atomic.o
                             0x13a787 (size before relaxing)
 .debug_str     0x0013fac2       0x9b hal/src/hal_delay.o
                             0x13a7f1 (size before relaxing)
 .debug_str     0x0013fb5d       0x3a hal/src/hal_io.o
                             0x13a822 (size before relaxing)
 .debug_str     0x0013fb97      0x46c hal/src/hal_spi_m_async.o
                             0x13b65c (size before relaxing)
 .debug_str     0x00140003      0x4aa hal/src/hal_usart_sync.o
                             0x13b2c2 (size before relaxing)
 .debug_str     0x001404ad       0x2a hal/utils/src/utils_assert.o
                             0x13a797 (size before relaxing)
 .debug_str     0x001404d7      0x77f hal/utils/src/utils_syscalls.o
                               0x73b6 (size before relaxing)
 .debug_str     0x00140c56      0x5c9 hpl/core/hpl_core_m7_base.o
                             0x13b5dd (size before relaxing)
 .debug_str     0x0014121f     0x3073 hpl/core/hpl_init.o
                             0x13dbee (size before relaxing)
 .debug_str     0x00144292      0x1d6 hpl/pmc/hpl_pmc.o
                             0x13b81e (size before relaxing)
 .debug_str     0x00144468      0xe8e hpl/spi/hpl_spi.o
                             0x13c651 (size before relaxing)
 .debug_str     0x001452f6     0x1296 hpl/usart/hpl_usart.o
                             0x13ca42 (size before relaxing)
 .debug_str     0x0014658c       0x3e main.o
                             0x13f308 (size before relaxing)
 .debug_str     0x001465ca       0x2b stdio_redirect/gcc/read.o
                             0x13e544 (size before relaxing)
 .debug_str     0x001465f5       0x2d stdio_redirect/gcc/write.o
                             0x13e546 (size before relaxing)
 .debug_str     0x00146622       0x4b stdio_redirect/stdio_io.o
                             0x13e5cd (size before relaxing)
 .debug_str     0x0014666d       0x2c stdio_start.o
                             0x13f26b (size before relaxing)

.debug_frame    0x00000000     0x1c38
 .debug_frame   0x00000000       0x28 atmel_start.o
 .debug_frame   0x00000028       0x38 Device_Startup/startup_samv71q21b.o
 .debug_frame   0x00000060       0x98 driver_init.o
 .debug_frame   0x000000f8       0x40 hal/src/hal_atomic.o
 .debug_frame   0x00000138       0x68 hal/src/hal_delay.o
 .debug_frame   0x000001a0       0x58 hal/src/hal_io.o
 .debug_frame   0x000001f8      0x230 hal/src/hal_spi_m_async.o
 .debug_frame   0x00000428      0x1f0 hal/src/hal_usart_sync.o
 .debug_frame   0x00000618       0x20 hal/utils/src/utils_assert.o
 .debug_frame   0x00000638       0xa8 hal/utils/src/utils_syscalls.o
 .debug_frame   0x000006e0       0xec hpl/core/hpl_core_m7_base.o
 .debug_frame   0x000007cc       0x2c hpl/core/hpl_init.o
 .debug_frame   0x000007f8       0x48 hpl/pmc/hpl_pmc.o
 .debug_frame   0x00000840      0x6a8 hpl/spi/hpl_spi.o
 .debug_frame   0x00000ee8      0x594 hpl/usart/hpl_usart.o
 .debug_frame   0x0000147c       0x60 main.o
 .debug_frame   0x000014dc       0x2c stdio_redirect/gcc/read.o
 .debug_frame   0x00001508       0x2c stdio_redirect/gcc/write.o
 .debug_frame   0x00001534       0x6c stdio_redirect/stdio_io.o
 .debug_frame   0x000015a0       0x40 stdio_start.o
 .debug_frame   0x000015e0       0x2c c:/program files (x86)/atmel/studio/7.0/toolchain/arm/arm-gnu-toolchain/bin/../lib/gcc/arm-none-eabi/6.3.1/../../../../arm-none-eabi/lib/thumb/v7e-m\libc_nano.a(lib_a-init.o)
 .debug_frame   0x0000160c       0x20 c:/program files (x86)/atmel/studio/7.0/toolchain/arm/arm-gnu-toolchain/bin/../lib/gcc/arm-none-eabi/6.3.1/../../../../arm-none-eabi/lib/thumb/v7e-m\libc_nano.a(lib_a-memset.o)
 .debug_frame   0x0000162c       0x3c c:/program files (x86)/atmel/studio/7.0/toolchain/arm/arm-gnu-toolchain/bin/../lib/gcc/arm-none-eabi/6.3.1/../../../../arm-none-eabi/lib/thumb/v7e-m\libc_nano.a(lib_a-puts.o)
 .debug_frame   0x00001668       0x20 c:/program files (x86)/atmel/studio/7.0/toolchain/arm/arm-gnu-toolchain/bin/../lib/gcc/arm-none-eabi/6.3.1/../../../../arm-none-eabi/lib/thumb/v7e-m\libc_nano.a(lib_a-setbuf.o)
 .debug_frame   0x00001688       0x38 c:/program files (x86)/atmel/studio/7.0/toolchain/arm/arm-gnu-toolchain/bin/../lib/gcc/arm-none-eabi/6.3.1/../../../../arm-none-eabi/lib/thumb/v7e-m\libc_nano.a(lib_a-setvbuf.o)
 .debug_frame   0x000016c0       0x40 c:/program files (x86)/atmel/studio/7.0/toolchain/arm/arm-gnu-toolchain/bin/../lib/gcc/arm-none-eabi/6.3.1/../../../../arm-none-eabi/lib/thumb/v7e-m\libc_nano.a(lib_a-wbuf.o)
 .debug_frame   0x00001700       0x2c c:/program files (x86)/atmel/studio/7.0/toolchain/arm/arm-gnu-toolchain/bin/../lib/gcc/arm-none-eabi/6.3.1/../../../../arm-none-eabi/lib/thumb/v7e-m\libc_nano.a(lib_a-wsetup.o)
 .debug_frame   0x0000172c       0x68 c:/program files (x86)/atmel/studio/7.0/toolchain/arm/arm-gnu-toolchain/bin/../lib/gcc/arm-none-eabi/6.3.1/../../../../arm-none-eabi/lib/thumb/v7e-m\libc_nano.a(lib_a-fflush.o)
 .debug_frame   0x00001794      0x11c c:/program files (x86)/atmel/studio/7.0/toolchain/arm/arm-gnu-toolchain/bin/../lib/gcc/arm-none-eabi/6.3.1/../../../../arm-none-eabi/lib/thumb/v7e-m\libc_nano.a(lib_a-findfp.o)
 .debug_frame   0x000018b0       0x54 c:/program files (x86)/atmel/studio/7.0/toolchain/arm/arm-gnu-toolchain/bin/../lib/gcc/arm-none-eabi/6.3.1/../../../../arm-none-eabi/lib/thumb/v7e-m\libc_nano.a(lib_a-fwalk.o)
 .debug_frame   0x00001904       0x58 c:/program files (x86)/atmel/studio/7.0/toolchain/arm/arm-gnu-toolchain/bin/../lib/gcc/arm-none-eabi/6.3.1/../../../../arm-none-eabi/lib/thumb/v7e-m\libc_nano.a(lib_a-makebuf.o)
 .debug_frame   0x0000195c       0x30 c:/program files (x86)/atmel/studio/7.0/toolchain/arm/arm-gnu-toolchain/bin/../lib/gcc/arm-none-eabi/6.3.1/../../../../arm-none-eabi/lib/thumb/v7e-m\libc_nano.a(lib_a-malloc.o)
 .debug_frame   0x0000198c       0x38 c:/program files (x86)/atmel/studio/7.0/toolchain/arm/arm-gnu-toolchain/bin/../lib/gcc/arm-none-eabi/6.3.1/../../../../arm-none-eabi/lib/thumb/v7e-m\libc_nano.a(lib_a-nano-freer.o)
 .debug_frame   0x000019c4       0x2c c:/program files (x86)/atmel/studio/7.0/toolchain/arm/arm-gnu-toolchain/bin/../lib/gcc/arm-none-eabi/6.3.1/../../../../arm-none-eabi/lib/thumb/v7e-m\libc_nano.a(lib_a-nano-mallocr.o)
 .debug_frame   0x000019f0       0x2c c:/program files (x86)/atmel/studio/7.0/toolchain/arm/arm-gnu-toolchain/bin/../lib/gcc/arm-none-eabi/6.3.1/../../../../arm-none-eabi/lib/thumb/v7e-m\libc_nano.a(lib_a-sbrkr.o)
 .debug_frame   0x00001a1c       0x88 c:/program files (x86)/atmel/studio/7.0/toolchain/arm/arm-gnu-toolchain/bin/../lib/gcc/arm-none-eabi/6.3.1/../../../../arm-none-eabi/lib/thumb/v7e-m\libc_nano.a(lib_a-stdio.o)
 .debug_frame   0x00001aa4       0x2c c:/program files (x86)/atmel/studio/7.0/toolchain/arm/arm-gnu-toolchain/bin/../lib/gcc/arm-none-eabi/6.3.1/../../../../arm-none-eabi/lib/thumb/v7e-m\libc_nano.a(lib_a-writer.o)
 .debug_frame   0x00001ad0       0x2c c:/program files (x86)/atmel/studio/7.0/toolchain/arm/arm-gnu-toolchain/bin/../lib/gcc/arm-none-eabi/6.3.1/../../../../arm-none-eabi/lib/thumb/v7e-m\libc_nano.a(lib_a-closer.o)
 .debug_frame   0x00001afc       0x2c c:/program files (x86)/atmel/studio/7.0/toolchain/arm/arm-gnu-toolchain/bin/../lib/gcc/arm-none-eabi/6.3.1/../../../../arm-none-eabi/lib/thumb/v7e-m\libc_nano.a(lib_a-fstatr.o)
 .debug_frame   0x00001b28       0x2c c:/program files (x86)/atmel/studio/7.0/toolchain/arm/arm-gnu-toolchain/bin/../lib/gcc/arm-none-eabi/6.3.1/../../../../arm-none-eabi/lib/thumb/v7e-m\libc_nano.a(lib_a-isattyr.o)
 .debug_frame   0x00001b54       0x2c c:/program files (x86)/atmel/studio/7.0/toolchain/arm/arm-gnu-toolchain/bin/../lib/gcc/arm-none-eabi/6.3.1/../../../../arm-none-eabi/lib/thumb/v7e-m\libc_nano.a(lib_a-lseekr.o)
 .debug_frame   0x00001b80       0x30 c:/program files (x86)/atmel/studio/7.0/toolchain/arm/arm-gnu-toolchain/bin/../lib/gcc/arm-none-eabi/6.3.1/../../../../arm-none-eabi/lib/thumb/v7e-m\libc_nano.a(lib_a-mlock.o)
 .debug_frame   0x00001bb0       0x2c c:/program files (x86)/atmel/studio/7.0/toolchain/arm/arm-gnu-toolchain/bin/../lib/gcc/arm-none-eabi/6.3.1/../../../../arm-none-eabi/lib/thumb/v7e-m\libc_nano.a(lib_a-readr.o)
 .debug_frame   0x00001bdc       0x5c c:/program files (x86)/atmel/studio/7.0/toolchain/arm/arm-gnu-toolchain/bin/../lib/gcc/arm-none-eabi/6.3.1/../../../../arm-none-eabi/lib/thumb/v7e-m\libc_nano.a(lib_a-reent.o)
