Archive member included to satisfy reference by file (symbol)

c:/program files (x86)/atmel/studio/7.0/toolchain/arm/arm-gnu-toolchain/bin/../lib/gcc/arm-none-eabi/6.3.1/../../../../arm-none-eabi/lib/thumb/v7e-m\libc_nano.a(lib_a-exit.o)
                              c:/program files (x86)/atmel/studio/7.0/toolchain/arm/arm-gnu-toolchain/bin/../lib/gcc/arm-none-eabi/6.3.1/../../../../arm-none-eabi/lib/thumb/v7e-m/crt0.o (exit)
c:/program files (x86)/atmel/studio/7.0/toolchain/arm/arm-gnu-toolchain/bin/../lib/gcc/arm-none-eabi/6.3.1/../../../../arm-none-eabi/lib/thumb/v7e-m\libc_nano.a(lib_a-impure.o)
                              c:/program files (x86)/atmel/studio/7.0/toolchain/arm/arm-gnu-toolchain/bin/../lib/gcc/arm-none-eabi/6.3.1/../../../../arm-none-eabi/lib/thumb/v7e-m\libc_nano.a(lib_a-exit.o) (_global_impure_ptr)
c:/program files (x86)/atmel/studio/7.0/toolchain/arm/arm-gnu-toolchain/bin/../lib/gcc/arm-none-eabi/6.3.1/../../../../arm-none-eabi/lib/thumb/v7e-m\libc_nano.a(lib_a-init.o)
                              c:/program files (x86)/atmel/studio/7.0/toolchain/arm/arm-gnu-toolchain/bin/../lib/gcc/arm-none-eabi/6.3.1/../../../../arm-none-eabi/lib/thumb/v7e-m/crt0.o (__libc_init_array)
c:/program files (x86)/atmel/studio/7.0/toolchain/arm/arm-gnu-toolchain/bin/../lib/gcc/arm-none-eabi/6.3.1/../../../../arm-none-eabi/lib/thumb/v7e-m\libc_nano.a(lib_a-memcpy-stub.o)
                              hpl/mcan/hpl_mcan.o (memcpy)
c:/program files (x86)/atmel/studio/7.0/toolchain/arm/arm-gnu-toolchain/bin/../lib/gcc/arm-none-eabi/6.3.1/../../../../arm-none-eabi/lib/thumb/v7e-m\libc_nano.a(lib_a-memset.o)
                              c:/program files (x86)/atmel/studio/7.0/toolchain/arm/arm-gnu-toolchain/bin/../lib/gcc/arm-none-eabi/6.3.1/../../../../arm-none-eabi/lib/thumb/v7e-m/crt0.o (memset)
c:/program files (x86)/atmel/studio/7.0/toolchain/arm/arm-gnu-toolchain/bin/../lib/gcc/arm-none-eabi/6.3.1/../../../../arm-none-eabi/lib/thumb/v7e-m\libc_nano.a(lib_a-printf.o)
                              hal/utils/src/utils_syscalls.o (printf)
c:/program files (x86)/atmel/studio/7.0/toolchain/arm/arm-gnu-toolchain/bin/../lib/gcc/arm-none-eabi/6.3.1/../../../../arm-none-eabi/lib/thumb/v7e-m\libc_nano.a(lib_a-strcat.o)
                              shift_can.o (strcat)
c:/program files (x86)/atmel/studio/7.0/toolchain/arm/arm-gnu-toolchain/bin/../lib/gcc/arm-none-eabi/6.3.1/../../../../arm-none-eabi/lib/thumb/v7e-m\libc_nano.a(lib_a-strlen.o)
                              shift_can.o (strlen)
c:/program files (x86)/atmel/studio/7.0/toolchain/arm/arm-gnu-toolchain/bin/../lib/gcc/arm-none-eabi/6.3.1/../../../../arm-none-eabi/lib/thumb/v7e-m\libc_nano.a(lib_a-findfp.o)
                              c:/program files (x86)/atmel/studio/7.0/toolchain/arm/arm-gnu-toolchain/bin/../lib/gcc/arm-none-eabi/6.3.1/../../../../arm-none-eabi/lib/thumb/v7e-m\libc_nano.a(lib_a-printf.o) (__sinit)
c:/program files (x86)/atmel/studio/7.0/toolchain/arm/arm-gnu-toolchain/bin/../lib/gcc/arm-none-eabi/6.3.1/../../../../arm-none-eabi/lib/thumb/v7e-m\libc_nano.a(lib_a-fwalk.o)
                              c:/program files (x86)/atmel/studio/7.0/toolchain/arm/arm-gnu-toolchain/bin/../lib/gcc/arm-none-eabi/6.3.1/../../../../arm-none-eabi/lib/thumb/v7e-m\libc_nano.a(lib_a-findfp.o) (_fwalk)
c:/program files (x86)/atmel/studio/7.0/toolchain/arm/arm-gnu-toolchain/bin/../lib/gcc/arm-none-eabi/6.3.1/../../../../arm-none-eabi/lib/thumb/v7e-m\libc_nano.a(lib_a-nano-mallocr.o)
                              c:/program files (x86)/atmel/studio/7.0/toolchain/arm/arm-gnu-toolchain/bin/../lib/gcc/arm-none-eabi/6.3.1/../../../../arm-none-eabi/lib/thumb/v7e-m\libc_nano.a(lib_a-findfp.o) (_malloc_r)
c:/program files (x86)/atmel/studio/7.0/toolchain/arm/arm-gnu-toolchain/bin/../lib/gcc/arm-none-eabi/6.3.1/../../../../arm-none-eabi/lib/thumb/v7e-m\libc_nano.a(lib_a-nano-vfprintf.o)
                              c:/program files (x86)/atmel/studio/7.0/toolchain/arm/arm-gnu-toolchain/bin/../lib/gcc/arm-none-eabi/6.3.1/../../../../arm-none-eabi/lib/thumb/v7e-m\libc_nano.a(lib_a-printf.o) (_vfprintf_r)
c:/program files (x86)/atmel/studio/7.0/toolchain/arm/arm-gnu-toolchain/bin/../lib/gcc/arm-none-eabi/6.3.1/../../../../arm-none-eabi/lib/thumb/v7e-m\libc_nano.a(lib_a-nano-vfprintf_i.o)
                              c:/program files (x86)/atmel/studio/7.0/toolchain/arm/arm-gnu-toolchain/bin/../lib/gcc/arm-none-eabi/6.3.1/../../../../arm-none-eabi/lib/thumb/v7e-m\libc_nano.a(lib_a-nano-vfprintf.o) (_printf_i)
c:/program files (x86)/atmel/studio/7.0/toolchain/arm/arm-gnu-toolchain/bin/../lib/gcc/arm-none-eabi/6.3.1/../../../../arm-none-eabi/lib/thumb/v7e-m\libc_nano.a(lib_a-sbrkr.o)
                              c:/program files (x86)/atmel/studio/7.0/toolchain/arm/arm-gnu-toolchain/bin/../lib/gcc/arm-none-eabi/6.3.1/../../../../arm-none-eabi/lib/thumb/v7e-m\libc_nano.a(lib_a-nano-mallocr.o) (_sbrk_r)
[...]
Memory Configuration

Name             Origin             Length             Attributes
rom              0x00400000         0x00200000         xr
ram              0x20400000         0x00060000         xrw
*default*        0x00000000         0xffffffff

Linker script and memory map

LOAD c:/program files (x86)/atmel/studio/7.0/toolchain/arm/arm-gnu-toolchain/bin/../lib/gcc/arm-none-eabi/6.3.1/thumb/v7e-m/crti.o
LOAD c:/program files (x86)/atmel/studio/7.0/toolchain/arm/arm-gnu-toolchain/bin/../lib/gcc/arm-none-eabi/6.3.1/thumb/v7e-m/crtbegin.o
LOAD c:/program files (x86)/atmel/studio/7.0/toolchain/arm/arm-gnu-toolchain/bin/../lib/gcc/arm-none-eabi/6.3.1/../../../../arm-none-eabi/lib/thumb/v7e-m/crt0.o
LOAD atmel_start.o
LOAD Device_Startup/startup_samv71q21b.o
LOAD Device_Startup/system_samv71q21b.o
LOAD driver_init.o
LOAD examples/driver_examples.o
LOAD hal/src/hal_atomic.o
LOAD hal/src/hal_can_async.o
LOAD hal/src/hal_delay.o
LOAD hal/src/hal_gpio.o
LOAD hal/src/hal_init.o
LOAD hal/src/hal_io.o
LOAD hal/src/hal_sleep.o
LOAD hal/src/hal_timer.o
LOAD hal/utils/src/utils_assert.o
LOAD hal/utils/src/utils_event.o
LOAD hal/utils/src/utils_list.o
LOAD hal/utils/src/utils_syscalls.o
LOAD hpl/core/hpl_core_m7_base.o
LOAD hpl/core/hpl_init.o
LOAD hpl/mcan/hpl_mcan.o
LOAD hpl/pmc/hpl_pmc.o
LOAD hpl/pmc/hpl_sleep.o
LOAD hpl/tc/hpl_tc.o
LOAD hpl/xdmac/hpl_xdmac.o
LOAD main.o
LOAD shift_can.o
START GROUP
LOAD c:/program files (x86)/atmel/studio/7.0/toolchain/arm/arm-gnu-toolchain/bin/../lib/gcc/arm-none-eabi/6.3.1/../../../../arm-none-eabi/lib/thumb/v7e-m\libm.a
END GROUP
START GROUP
LOAD c:/program files (x86)/atmel/studio/7.0/toolchain/arm/arm-gnu-toolchain/bin/../lib/gcc/arm-none-eabi/6.3.1/thumb/v7e-m\libgcc.a
LOAD c:/program files (x86)/atmel/studio/7.0/toolchain/arm/arm-gnu-toolchain/bin/../lib/gcc/arm-none-eabi/6.3.1/../../../../arm-none-eabi/lib/thumb/v7e-m\libc_nano.a
END GROUP
START GROUP
LOAD c:/program files (x86)/atmel/studio/7.0/toolchain/arm/arm-gnu-toolchain/bin/../lib/gcc/arm-none-eabi/6.3.1/thumb/v7e-m\libgcc.a
LOAD c:/program files (x86)/atmel/studio/7.0/toolchain/arm/arm-gnu-toolchain/bin/../lib/gcc/arm-none-eabi/6.3.1/../../../../arm-none-eabi/lib/thumb/v7e-m\libc_nano.a
END GROUP
LOAD c:/program files (x86)/atmel/studio/7.0/toolchain/arm/arm-gnu-toolchain/bin/../lib/gcc/arm-none-eabi/6.3.1/thumb/v7e-m/crtend.o
LOAD c:/program files (x86)/atmel/studio/7.0/toolchain/arm/arm-gnu-toolchain/bin/../lib/gcc/arm-none-eabi/6.3.1/thumb/v7e-m/crtn.o
                0x00000400                STACK_SIZE = DEFINED (STACK_SIZE)?STACK_SIZE:DEFINED (__stack_size__)?__stack_size__:0x400
                0x00000200                HEAP_SIZE = DEFINED (HEAP_SIZE)?HEAP_SIZE:DEFINED (__heap_size__)?__heap_size__:0x200

.text           0x00400000     0x1288
                0x00400000                . = ALIGN (0x4)
                0x00400000                _sfixed = .
 *(.vectors .vectors.*)
 .vectors       0x00400000      0x168 Device_Startup/startup_samv71q21b.o
                0x00400000                exception_table
 *(.text .text.* .gnu.linkonce.t.*)
 .text          0x00400168       0x6c c:/program files (x86)/atmel/studio/7.0/toolchain/arm/arm-gnu-toolchain/bin/../lib/gcc/arm-none-eabi/6.3.1/thumb/v7e-m/crtbegin.o
 .text.atmel_start_init
                0x004001d4        0xc atmel_start.o
                0x004001d4                atmel_start_init
 .text.Dummy_Handler
                0x004001e0        0x2 Device_Startup/startup_samv71q21b.o
                0x004001e0                DACC_Handler
                0x004001e0                SVCall_Handler
                0x004001e0                UART3_Handler
                0x004001e0                UART2_Handler
                0x004001e0                TRNG_Handler
                0x004001e0                HardFault_Handler
                0x004001e0                TC2_Handler
                0x004001e0                SysTick_Handler
                0x004001e0                AFEC1_Handler
                0x004001e0                PendSV_Handler
                0x004001e0                TC7_Handler
                0x004001e0                QSPI_Handler
                0x004001e0                NonMaskableInt_Handler
                0x004001e0                ISI_Handler
                0x004001e0                TC9_Handler
                0x004001e0                RSWDT_Handler
                0x004001e0                USART0_Handler
                0x004001e0                RTT_Handler
                0x004001e0                USBHS_Handler
                0x004001e0                IXC_Handler
                0x004001e0                CCF_Handler
                0x004001e0                PIOB_Handler
                0x004001e0                RTC_Handler
                0x004001e0                UsageFault_Handler
                0x004001e0                TC6_Handler
                0x004001e0                WDT_Handler
                0x004001e0                MCAN1_INT1_Handler
                0x004001e0                TC4_Handler
                0x004001e0                TC1_Handler
                0x004001e0                HSMCI_Handler
                0x004001e0                UART1_Handler
                0x004001e0                TC3_Handler
                0x004001e0                Dummy_Handler
                0x004001e0                TWIHS1_Handler
                0x004001e0                XDMAC_Handler
                0x004001e0                UART4_Handler
                0x004001e0                PWM1_Handler
                0x004001e0                USART1_Handler
                0x004001e0                PWM0_Handler
                0x004001e0                PIOA_Handler
                0x004001e0                AFEC0_Handler
                0x004001e0                CCW_Handler
                0x004001e0                SSC_Handler
                0x004001e0                TC11_Handler
                0x004001e0                ACC_Handler
                0x004001e0                PMC_Handler
                0x004001e0                GMAC_Handler
                0x004001e0                MCAN0_INT1_Handler
                0x004001e0                GMAC_Q5_Handler
                0x004001e0                SUPC_Handler
                0x004001e0                TC8_Handler
                0x004001e0                EFC_Handler
                0x004001e0                GMAC_Q1_Handler
                0x004001e0                USART2_Handler
                0x004001e0                SDRAMC_Handler
                0x004001e0                GMAC_Q2_Handler
                0x004001e0                PIOE_Handler
                0x004001e0                SPI1_Handler
                0x004001e0                TC10_Handler
                0x004001e0                GMAC_Q3_Handler
                0x004001e0                PIOD_Handler
                0x004001e0                TWIHS2_Handler
                0x004001e0                MLB_Handler
                0x004001e0                I2SC0_Handler
                0x004001e0                UART0_Handler
                0x004001e0                I2SC1_Handler
                0x004001e0                PIOC_Handler
                0x004001e0                GMAC_Q4_Handler
                0x004001e0                FPU_Handler
                0x004001e0                BusFault_Handler
                0x004001e0                RSTC_Handler
                0x004001e0                MemoryManagement_Handler
                0x004001e0                DebugMonitor_Handler
                0x004001e0                TC5_Handler
                0x004001e0                ICM_Handler
                0x004001e0                AES_Handler
                0x004001e0                TWIHS0_Handler
                0x004001e0                SPI0_Handler
 *fill*         0x004001e2        0x2 
 .text.Reset_Handler
                0x004001e4       0x68 Device_Startup/startup_samv71q21b.o
                0x004001e4                Reset_Handler
 .text.TIMER_0_init
                0x0040024c       0x38 driver_init.o
 .text.CAN_0_CLOCK_init
                0x00400284       0x1c driver_init.o
                0x00400284                CAN_0_CLOCK_init
 .text.CAN_0_PORT_init
                0x004002a0       0x30 driver_init.o
                0x004002a0                CAN_0_PORT_init
 .text.CAN_0_init
                0x004002d0       0x28 driver_init.o
                0x004002d0                CAN_0_init
 .text.CAN_1_CLOCK_init
                0x004002f8       0x1c driver_init.o
                0x004002f8                CAN_1_CLOCK_init
 .text.CAN_1_PORT_init
                0x00400314       0x34 driver_init.o
                0x00400314                CAN_1_PORT_init
 .text.CAN_1_init
                0x00400348       0x28 driver_init.o
                0x00400348                CAN_1_init
 .text.system_init
                0x00400370       0x60 driver_init.o
                0x00400370                system_init
 .text.atomic_enter_critical
                0x004003d0        0xe hal/src/hal_atomic.o
                0x004003d0                atomic_enter_critical
 .text.atomic_leave_critical
                0x004003de        0xc hal/src/hal_atomic.o
                0x004003de                atomic_leave_critical
 .text.can_tx_done
                0x004003ea        0xa hal/src/hal_can_async.o
 .text.can_rx_done
                0x004003f4        0xa hal/src/hal_can_async.o
 .text.can_irq_handler
                0x004003fe        0xa hal/src/hal_can_async.o
 .text.can_async_init
                0x00400408       0x50 hal/src/hal_can_async.o
                0x00400408                can_async_init
 .text.can_async_enable
                0x00400458       0x28 hal/src/hal_can_async.o
                0x00400458                can_async_enable
 .text.can_async_read
                0x00400480       0x30 hal/src/hal_can_async.o
                0x00400480                can_async_read
 .text.can_async_write
                0x004004b0       0x30 hal/src/hal_can_async.o
                0x004004b0                can_async_write
 .text.can_async_register_callback
                0x004004e0       0x50 hal/src/hal_can_async.o
                0x004004e0                can_async_register_callback
 .text.timer_add_timer_task
                0x00400530       0x50 hal/src/hal_timer.o
 .text.timer_process_counted
                0x00400580       0x68 hal/src/hal_timer.o
 .text.timer_init
                0x004005e8       0x3c hal/src/hal_timer.o
                0x004005e8                timer_init
 .text.timer_start
                0x00400624       0x3c hal/src/hal_timer.o
                0x00400624                timer_start
 .text.timer_add_task
                0x00400660       0xa8 hal/src/hal_timer.o
                0x00400660                timer_add_task
 .text.assert   0x00400708        0x6 hal/utils/src/utils_assert.o
                0x00400708                assert
 .text.is_list_element
                0x0040070e       0x14 hal/utils/src/utils_list.o
                0x0040070e                is_list_element
 *fill*         0x00400722        0x2 
 .text.list_insert_as_head
                0x00400724       0x2c hal/utils/src/utils_list.o
                0x00400724                list_insert_as_head
 .text.list_insert_after
                0x00400750        0x8 hal/utils/src/utils_list.o
                0x00400750                list_insert_after
 .text.list_remove_head
                0x00400758       0x10 hal/utils/src/utils_list.o
                0x00400758                list_remove_head
 .text._irq_set
                0x00400768       0x20 hpl/core/hpl_core_m7_base.o
                0x00400768                _irq_set
 .text._init_chip
                0x00400788       0x54 hpl/core/hpl_init.o
                0x00400788                _init_chip
 .text._can_irq_handler
                0x004007dc       0x74 hpl/mcan/hpl_mcan.o
 .text._can_async_init
                0x00400850      0x1d8 hpl/mcan/hpl_mcan.o
                0x00400850                _can_async_init
 .text._can_async_enable
                0x00400a28        0xe hpl/mcan/hpl_mcan.o
                0x00400a28                _can_async_enable
 *fill*         0x00400a36        0x2 
 .text._can_async_read
                0x00400a38       0xcc hpl/mcan/hpl_mcan.o
                0x00400a38                _can_async_read
 .text._can_async_write
                0x00400b04      0x134 hpl/mcan/hpl_mcan.o
                0x00400b04                _can_async_write
 .text._can_async_set_irq_state
                0x00400c38       0x44 hpl/mcan/hpl_mcan.o
                0x00400c38                _can_async_set_irq_state
 .text.MCAN0_INT0_Handler
                0x00400c7c       0x18 hpl/mcan/hpl_mcan.o
                0x00400c7c                MCAN0_INT0_Handler
 .text.MCAN1_INT0_Handler
                0x00400c94       0x18 hpl/mcan/hpl_mcan.o
                0x00400c94                MCAN1_INT0_Handler
 .text._pmc_init_sources
                0x00400cac       0x50 hpl/pmc/hpl_pmc.o
 .text._pmc_init_master_clock
                0x00400cfc       0x4c hpl/pmc/hpl_pmc.o
 .text._pmc_init_program_clock
                0x00400d48       0x20 hpl/pmc/hpl_pmc.o
 .text._pmc_init
                0x00400d68       0x1c hpl/pmc/hpl_pmc.o
                0x00400d68                _pmc_init
 .text.get_cfg  0x00400d84       0x38 hpl/tc/hpl_tc.o
 .text._tc_init_irq_param
                0x00400dbc       0x18 hpl/tc/hpl_tc.o
 .text.tc_interrupt_handler
                0x00400dd4       0x14 hpl/tc/hpl_tc.o
 .text._timer_init
                0x00400de8       0xbc hpl/tc/hpl_tc.o
                0x00400de8                _timer_init
 .text._timer_start
                0x00400ea4        0x8 hpl/tc/hpl_tc.o
                0x00400ea4                _timer_start
 .text._timer_is_started
                0x00400eac        0xa hpl/tc/hpl_tc.o
                0x00400eac                _timer_is_started
 *fill*         0x00400eb6        0x2 
 .text._timer_set_irq
                0x00400eb8       0x18 hpl/tc/hpl_tc.o
                0x00400eb8                _timer_set_irq
 .text._tc_get_timer
                0x00400ed0        0x4 hpl/tc/hpl_tc.o
                0x00400ed0                _tc_get_timer
 .text.TC0_Handler
                0x00400ed4       0x14 hpl/tc/hpl_tc.o
                0x00400ed4                TC0_Handler
 .text.sensors_suite1_heartbeat_callback
                0x00400ee8       0x5c main.o
                0x00400ee8                sensors_suite1_heartbeat_callback
 .text.start_heartbeat
                0x00400f44       0x28 main.o
                0x00400f44                start_heartbeat
 .text.subsystem_timer_setup
                0x00400f6c       0x1c main.o
                0x00400f6c                subsystem_timer_setup
 .text.subsystem_setup
                0x00400f88       0x20 main.o
                0x00400f88                subsystem_setup
 .text.main     0x00400fa8       0x20 main.o
                0x00400fa8                main
 .text.message_received_CAN0
                0x00400fc8       0x20 main.o
                0x00400fc8                message_received_CAN0
 .text.message_received_CAN1
                0x00400fe8        0xc main.o
                0x00400fe8                message_received_CAN1
 .text.CAN0_RX_CALLBACK
                0x00400ff4       0x38 shift_can.o
                0x00400ff4                CAN0_RX_CALLBACK
 .text.CAN1_RX_CALLBACK
                0x0040102c       0x38 shift_can.o
                0x0040102c                CAN1_RX_CALLBACK
 .text.dlc_to_data_size
                0x00401064       0x30 shift_can.o
                0x00401064                dlc_to_data_size
 .text.serialize_data
                0x00401094       0x14 shift_can.o
                0x00401094                serialize_data
 .text.init_can_module
                0x004010a8       0x6c shift_can.o
                0x004010a8                init_can_module
 .text.ERROR_CALLBACK
                0x00401114        0xc shift_can.o
                0x00401114                ERROR_CALLBACK
 .text.checkMessage
                0x00401120       0x2e shift_can.o
                0x00401120                checkMessage
 *fill*         0x0040114e        0x2 
 .text.send_message_module_0
                0x00401150       0x40 shift_can.o
                0x00401150                send_message_module_0
 .text.__libc_init_array
                0x00401190       0x48 c:/program files (x86)/atmel/studio/7.0/toolchain/arm/arm-gnu-toolchain/bin/../lib/gcc/arm-none-eabi/6.3.1/../../../../arm-none-eabi/lib/thumb/v7e-m\libc_nano.a(lib_a-init.o)
                0x00401190                __libc_init_array
 .text.memcpy   0x004011d8       0x16 c:/program files (x86)/atmel/studio/7.0/toolchain/arm/arm-gnu-toolchain/bin/../lib/gcc/arm-none-eabi/6.3.1/../../../../arm-none-eabi/lib/thumb/v7e-m\libc_nano.a(lib_a-memcpy-stub.o)
                0x004011d8                memcpy
 *(.glue_7t)
 .glue_7t       0x004011ee        0x0 linker stubs
 *(.glue_7)
 .glue_7        0x004011ee        0x0 linker stubs
 *(.rodata .rodata* .gnu.linkonce.r.*)
 *fill*         0x004011ee        0x2 
 .rodata.str1.4
                0x004011f0       0x1b hal/src/hal_can_async.o
 *fill*         0x0040120b        0x1 
 .rodata.str1.4
                0x0040120c       0x17 hal/src/hal_timer.o
 *fill*         0x00401223        0x1 
 .rodata.str1.4
                0x00401224       0x1e hal/utils/src/utils_list.o
 *fill*         0x00401242        0x2 
 .rodata        0x00401244       0x10 hpl/mcan/hpl_mcan.o
 .rodata.str1.4
                0x00401254       0x14 hpl/tc/hpl_tc.o
                                 0x13 (size before relaxing)
 *(.ARM.extab* .gnu.linkonce.armextab.*)
                0x00401268                . = ALIGN (0x4)
 *(.init)
 .init          0x00401268        0x4 c:/program files (x86)/atmel/studio/7.0/toolchain/arm/arm-gnu-toolchain/bin/../lib/gcc/arm-none-eabi/6.3.1/thumb/v7e-m/crti.o
                0x00401268                _init
 .init          0x0040126c        0x8 c:/program files (x86)/atmel/studio/7.0/toolchain/arm/arm-gnu-toolchain/bin/../lib/gcc/arm-none-eabi/6.3.1/thumb/v7e-m/crtn.o
                0x00401274                . = ALIGN (0x4)
                0x00401274                __preinit_array_start = .
 *(.preinit_array)
                0x00401274                __preinit_array_end = .
                0x00401274                . = ALIGN (0x4)
                0x00401274                __init_array_start = .
 *(SORT(.init_array.*))
 *(.init_array)
 .init_array    0x00401274        0x4 c:/program files (x86)/atmel/studio/7.0/toolchain/arm/arm-gnu-toolchain/bin/../lib/gcc/arm-none-eabi/6.3.1/thumb/v7e-m/crtbegin.o
                0x00401278                __init_array_end = .
                0x00401278                . = ALIGN (0x4)
 *crtbegin.o(.ctors)
 *(EXCLUDE_FILE(*crtend.o) .ctors)
 *(SORT(.ctors.*))
 *crtend.o(.ctors)
                0x00401278                . = ALIGN (0x4)
 *(.fini)
 .fini          0x00401278        0x4 c:/program files (x86)/atmel/studio/7.0/toolchain/arm/arm-gnu-toolchain/bin/../lib/gcc/arm-none-eabi/6.3.1/thumb/v7e-m/crti.o
                0x00401278                _fini
 .fini          0x0040127c        0x8 c:/program files (x86)/atmel/studio/7.0/toolchain/arm/arm-gnu-toolchain/bin/../lib/gcc/arm-none-eabi/6.3.1/thumb/v7e-m/crtn.o
                0x00401284                . = ALIGN (0x4)
                0x00401284                __fini_array_start = .
 *(.fini_array)
 .fini_array    0x00401284        0x4 c:/program files (x86)/atmel/studio/7.0/toolchain/arm/arm-gnu-toolchain/bin/../lib/gcc/arm-none-eabi/6.3.1/thumb/v7e-m/crtbegin.o
 *(SORT(.fini_array.*))
                0x00401288                __fini_array_end = .
 *crtbegin.o(.dtors)
 *(EXCLUDE_FILE(*crtend.o) .dtors)
 *(SORT(.dtors.*))
 *crtend.o(.dtors)
                0x00401288                . = ALIGN (0x4)
                0x00401288                _efixed = .
                [!provide]                PROVIDE (__exidx_start, .)

.vfp11_veneer   0x00401288        0x0
 .vfp11_veneer  0x00401288        0x0 linker stubs

.v4_bx          0x00401288        0x0
 .v4_bx         0x00401288        0x0 linker stubs

.iplt           0x00401288        0x0
 .iplt          0x00401288        0x0 c:/program files (x86)/atmel/studio/7.0/toolchain/arm/arm-gnu-toolchain/bin/../lib/gcc/arm-none-eabi/6.3.1/thumb/v7e-m/crtbegin.o

.eh_frame       0x00401288        0x0
 .eh_frame      0x00401288        0x0 c:/program files (x86)/atmel/studio/7.0/toolchain/arm/arm-gnu-toolchain/bin/../lib/gcc/arm-none-eabi/6.3.1/thumb/v7e-m/crtbegin.o

.rel.dyn        0x00401288        0x0
 .rel.iplt      0x00401288        0x0 c:/program files (x86)/atmel/studio/7.0/toolchain/arm/arm-gnu-toolchain/bin/../lib/gcc/arm-none-eabi/6.3.1/thumb/v7e-m/crtbegin.o

.jcr            0x00401288        0x0
 .jcr           0x00401288        0x0 c:/program files (x86)/atmel/studio/7.0/toolchain/arm/arm-gnu-toolchain/bin/../lib/gcc/arm-none-eabi/6.3.1/thumb/v7e-m/crtbegin.o

.igot.plt       0x00401288        0x0
 .igot.plt      0x00401288        0x0 c:/program files (x86)/atmel/studio/7.0/toolchain/arm/arm-gnu-toolchain/bin/../lib/gcc/arm-none-eabi/6.3.1/thumb/v7e-m/crtbegin.o

.ARM.exidx
 *(.ARM.exidx* .gnu.linkonce.armexidx.*)
                [!provide]                PROVIDE (__exidx_end, .)
                0x00401288                . = ALIGN (0x4)
                0x00401288                _etext = .

.relocate       0x20400000       0x4c load address 0x00401288
                0x20400000                . = ALIGN (0x4)
                0x20400000                _srelocate = .
 *(.ramfunc .ramfunc.*)
 *(.data .data.*)
 .data          0x20400000       0x28 hpl/mcan/hpl_mcan.o
                0x20400000                _can0_context
                0x20400014                _can1_context
 .data          0x20400028       0x24 hpl/tc/hpl_tc.o
                0x2040004c                . = ALIGN (0x4)
                0x2040004c                _erelocate = .

.bss            0x2040004c      0xbcc load address 0x004012d4
                0x2040004c                . = ALIGN (0x4)
                0x2040004c                _sbss = .
                0x2040004c                _szero = .
 *(.bss .bss.*)
 .bss           0x2040004c       0x1c c:/program files (x86)/atmel/studio/7.0/toolchain/arm/arm-gnu-toolchain/bin/../lib/gcc/arm-none-eabi/6.3.1/thumb/v7e-m/crtbegin.o
 .bss           0x20400068      0x328 hpl/mcan/hpl_mcan.o
 .bss           0x20400390        0x4 hpl/tc/hpl_tc.o
 *(COMMON)
 COMMON         0x20400394       0x6c driver_init.o
                0x20400394                CAN_0
                0x204003bc                CAN_1
                0x204003e4                TIMER_0
 COMMON         0x20400400      0x800 hpl/mcan/hpl_mcan.o
                0x20400400                can0_rx_fifo
                0x20400600                can1_tx_fifo
                0x20400800                can1_rx_fifo
                0x20400a00                can0_tx_fifo
 COMMON         0x20400c00       0x18 main.o
                0x20400c00                current_state
                0x20400c04                TIMER_0_sensors_suite1_heartbeat
                0x20400c18                . = ALIGN (0x4)
                0x20400c18                _ebss = .
                0x20400c18                _ezero = .

.heap           0x20400c18      0x200 load address 0x00401ea0
                0x20400c18                . = ALIGN (0x8)
                0x20400c18                _sheap = .
                0x20400e18                . = (. + HEAP_SIZE)
 *fill*         0x20400c18      0x200 
                0x20400e18                . = ALIGN (0x8)
                0x20400e18                _eheap = .

.stack          0x20400e18      0x400 load address 0x004020a0
                0x20400e18                . = ALIGN (0x8)
                0x20400e18                _sstack = .
                0x20401218                . = (. + STACK_SIZE)
 *fill*         0x20400e18      0x400 
                0x20401218                . = ALIGN (0x8)
                0x20401218                _estack = .
                0x20401218                . = ALIGN (0x4)
                0x20401218                _end = .
                0x2045ffff                _ram_end_ = ((ORIGIN (ram) + LENGTH (ram)) - 0x1)
OUTPUT(Testing_project(sensors).elf elf32-littlearm)

.ARM.attributes
                0x00000000       0x2e
 .ARM.attributes
                0x00000000       0x1e c:/program files (x86)/atmel/studio/7.0/toolchain/arm/arm-gnu-toolchain/bin/../lib/gcc/arm-none-eabi/6.3.1/thumb/v7e-m/crti.o
 .ARM.attributes
                0x0000001e       0x2e c:/program files (x86)/atmel/studio/7.0/toolchain/arm/arm-gnu-toolchain/bin/../lib/gcc/arm-none-eabi/6.3.1/thumb/v7e-m/crtbegin.o
 .ARM.attributes
                0x0000004c       0x37 atmel_start.o
 .ARM.attributes
                0x00000083       0x37 Device_Startup/startup_samv71q21b.o
 .ARM.attributes
                0x000000ba       0x37 driver_init.o
 .ARM.attributes
                0x000000f1       0x37 hal/src/hal_atomic.o
 .ARM.attributes
                0x00000128       0x37 hal/src/hal_can_async.o
 .ARM.attributes
                0x0000015f       0x37 hal/src/hal_timer.o
 .ARM.attributes
                0x00000196       0x37 hal/utils/src/utils_assert.o
 .ARM.attributes
                0x000001cd       0x37 hal/utils/src/utils_list.o
 .ARM.attributes
                0x00000204       0x37 hpl/core/hpl_core_m7_base.o
 .ARM.attributes
                0x0000023b       0x37 hpl/core/hpl_init.o
 .ARM.attributes
                0x00000272       0x37 hpl/mcan/hpl_mcan.o
 .ARM.attributes
                0x000002a9       0x37 hpl/pmc/hpl_pmc.o
 .ARM.attributes
                0x000002e0       0x37 hpl/tc/hpl_tc.o
 .ARM.attributes
                0x00000317       0x37 main.o
 .ARM.attributes
                0x0000034e       0x37 shift_can.o
 .ARM.attributes
                0x00000385       0x2e c:/program files (x86)/atmel/studio/7.0/toolchain/arm/arm-gnu-toolchain/bin/../lib/gcc/arm-none-eabi/6.3.1/../../../../arm-none-eabi/lib/thumb/v7e-m\libc_nano.a(lib_a-init.o)
 .ARM.attributes
                0x000003b3       0x2e c:/program files (x86)/atmel/studio/7.0/toolchain/arm/arm-gnu-toolchain/bin/../lib/gcc/arm-none-eabi/6.3.1/../../../../arm-none-eabi/lib/thumb/v7e-m\libc_nano.a(lib_a-memcpy-stub.o)
 .ARM.attributes
                0x000003e1       0x1e c:/program files (x86)/atmel/studio/7.0/toolchain/arm/arm-gnu-toolchain/bin/../lib/gcc/arm-none-eabi/6.3.1/thumb/v7e-m/crtn.o

.comment        0x00000000       0x59
 .comment       0x00000000       0x59 atmel_start.o
                                 0x5a (size before relaxing)
 .comment       0x00000059       0x5a Device_Startup/startup_samv71q21b.o
 .comment       0x00000059       0x5a driver_init.o
 .comment       0x00000059       0x5a hal/src/hal_atomic.o
 .comment       0x00000059       0x5a hal/src/hal_can_async.o
 .comment       0x00000059       0x5a hal/src/hal_timer.o
 .comment       0x00000059       0x5a hal/utils/src/utils_assert.o
 .comment       0x00000059       0x5a hal/utils/src/utils_list.o
 .comment       0x00000059       0x5a hpl/core/hpl_core_m7_base.o
 .comment       0x00000059       0x5a hpl/core/hpl_init.o
 .comment       0x00000059       0x5a hpl/mcan/hpl_mcan.o
 .comment       0x00000059       0x5a hpl/pmc/hpl_pmc.o
 .comment       0x00000059       0x5a hpl/tc/hpl_tc.o
 .comment       0x00000059       0x5a main.o
 .comment       0x00000059       0x5a shift_can.o

.debug_info     0x00000000     0xe691
 .debug_info    0x00000000      0x3de atmel_start.o
 .debug_info    0x000003de      0xb34 Device_Startup/startup_samv71q21b.o
 .debug_info    0x00000f12     0x2240 driver_init.o
 .debug_info    0x00003152      0x1fa hal/src/hal_atomic.o
 .debug_info    0x0000334c      0xaf0 hal/src/hal_can_async.o
 .debug_info    0x00003e3c      0xc5c hal/src/hal_timer.o
 .debug_info    0x00004a98      0x130 hal/utils/src/utils_assert.o
 .debug_info    0x00004bc8      0x33e hal/utils/src/utils_list.o
 .debug_info    0x00004f06      0xd99 hpl/core/hpl_core_m7_base.o
 .debug_info    0x00005c9f      0x6be hpl/core/hpl_init.o
 .debug_info    0x0000635d     0x2e87 hpl/mcan/hpl_mcan.o
 .debug_info    0x000091e4      0x9a2 hpl/pmc/hpl_pmc.o
 .debug_info    0x00009b86     0x139c hpl/tc/hpl_tc.o
 .debug_info    0x0000af22     0x19ea main.o
 .debug_info    0x0000c90c     0x1d85 shift_can.o

.debug_abbrev   0x00000000     0x224f
 .debug_abbrev  0x00000000      0x10a atmel_start.o
 .debug_abbrev  0x0000010a      0x153 Device_Startup/startup_samv71q21b.o
 .debug_abbrev  0x0000025d      0x300 driver_init.o
 .debug_abbrev  0x0000055d      0x155 hal/src/hal_atomic.o
 .debug_abbrev  0x000006b2      0x1a3 hal/src/hal_can_async.o
 .debug_abbrev  0x00000855      0x232 hal/src/hal_timer.o
 .debug_abbrev  0x00000a87       0x9e hal/utils/src/utils_assert.o
 .debug_abbrev  0x00000b25      0x186 hal/utils/src/utils_list.o
 .debug_abbrev  0x00000cab      0x2b1 hpl/core/hpl_core_m7_base.o
 .debug_abbrev  0x00000f5c      0x1e7 hpl/core/hpl_init.o
 .debug_abbrev  0x00001143      0x4a2 hpl/mcan/hpl_mcan.o
 .debug_abbrev  0x000015e5      0x1b5 hpl/pmc/hpl_pmc.o
 .debug_abbrev  0x0000179a      0x38a hpl/tc/hpl_tc.o
 .debug_abbrev  0x00001b24      0x3a8 main.o
 .debug_abbrev  0x00001ecc      0x383 shift_can.o

.debug_loc      0x00000000     0x389f
 .debug_loc     0x00000000       0x20 atmel_start.o
 .debug_loc     0x00000020       0x78 Device_Startup/startup_samv71q21b.o
 .debug_loc     0x00000098      0x506 driver_init.o
 .debug_loc     0x0000059e       0x13 hal/src/hal_atomic.o
 .debug_loc     0x000005b1      0x603 hal/src/hal_can_async.o
 .debug_loc     0x00000bb4      0x5fb hal/src/hal_timer.o
 .debug_loc     0x000011af      0x24b hal/utils/src/utils_list.o
 .debug_loc     0x000013fa      0x23a hpl/core/hpl_core_m7_base.o
 .debug_loc     0x00001634       0x77 hpl/core/hpl_init.o
 .debug_loc     0x000016ab      0xee2 hpl/mcan/hpl_mcan.o
 .debug_loc     0x0000258d      0x24a hpl/pmc/hpl_pmc.o
 .debug_loc     0x000027d7      0x65b hpl/tc/hpl_tc.o
 .debug_loc     0x00002e32      0x21e main.o
 .debug_loc     0x00003050      0x84f shift_can.o

.debug_aranges  0x00000000      0x518
 .debug_aranges
                0x00000000       0x20 atmel_start.o
 .debug_aranges
                0x00000020       0x28 Device_Startup/startup_samv71q21b.o
 .debug_aranges
                0x00000048       0x60 driver_init.o
 .debug_aranges
                0x000000a8       0x30 hal/src/hal_atomic.o
 .debug_aranges
                0x000000d8       0x90 hal/src/hal_can_async.o
 .debug_aranges
                0x00000168       0x70 hal/src/hal_timer.o
 .debug_aranges
                0x000001d8       0x20 hal/utils/src/utils_assert.o
 .debug_aranges
                0x000001f8       0x48 hal/utils/src/utils_list.o
 .debug_aranges
                0x00000240       0x80 hpl/core/hpl_core_m7_base.o
 .debug_aranges
                0x000002c0       0x20 hpl/core/hpl_init.o
 .debug_aranges
                0x000002e0       0x88 hpl/mcan/hpl_mcan.o
 .debug_aranges
                0x00000368       0x38 hpl/pmc/hpl_pmc.o
 .debug_aranges
                0x000003a0       0x88 hpl/tc/hpl_tc.o
 .debug_aranges
                0x00000428       0x50 main.o
 .debug_aranges
                0x00000478       0xa0 shift_can.o

.debug_ranges   0x00000000      0x458
 .debug_ranges  0x00000000       0x10 atmel_start.o
 .debug_ranges  0x00000010       0x18 Device_Startup/startup_samv71q21b.o
 .debug_ranges  0x00000028       0x50 driver_init.o
 .debug_ranges  0x00000078       0x20 hal/src/hal_atomic.o
 .debug_ranges  0x00000098       0x80 hal/src/hal_can_async.o
 .debug_ranges  0x00000118       0x90 hal/src/hal_timer.o
 .debug_ranges  0x000001a8       0x10 hal/utils/src/utils_assert.o
 .debug_ranges  0x000001b8       0x38 hal/utils/src/utils_list.o
 .debug_ranges  0x000001f0       0x70 hpl/core/hpl_core_m7_base.o
 .debug_ranges  0x00000260       0x10 hpl/core/hpl_init.o
 .debug_ranges  0x00000270       0x78 hpl/mcan/hpl_mcan.o
 .debug_ranges  0x000002e8       0x28 hpl/pmc/hpl_pmc.o
 .debug_ranges  0x00000310       0x78 hpl/tc/hpl_tc.o
 .debug_ranges  0x00000388       0x40 main.o
 .debug_ranges  0x000003c8       0x90 shift_can.o

.debug_macro    0x00000000    0x3c0f6
 .debug_macro   0x00000000      0x75c atmel_start.o
 .debug_macro   0x0000075c      0x8b0 atmel_start.o
 .debug_macro   0x0000100c      0x16d atmel_start.o
 .debug_macro   0x00001179       0x22 atmel_start.o
 .debug_macro   0x0000119b       0x87 atmel_start.o
 .debug_macro   0x00001222       0x51 atmel_start.o
 .debug_macro   0x00001273       0xef atmel_start.o
 .debug_macro   0x00001362       0x6a atmel_start.o
 .debug_macro   0x000013cc      0x1df atmel_start.o
 .debug_macro   0x000015ab       0x22 atmel_start.o
 .debug_macro   0x000015cd       0xd7 atmel_start.o
 .debug_macro   0x000016a4       0x1c atmel_start.o
 .debug_macro   0x000016c0       0x22 atmel_start.o
 .debug_macro   0x000016e2       0xdf atmel_start.o
 .debug_macro   0x000017c1     0x12cd atmel_start.o
 .debug_macro   0x00002a8e      0x11f atmel_start.o
 .debug_macro   0x00002bad       0x19 atmel_start.o
 .debug_macro   0x00002bc6      0x3e2 atmel_start.o
 .debug_macro   0x00002fa8      0x5a9 atmel_start.o
 .debug_macro   0x00003551     0x1797 atmel_start.o
 .debug_macro   0x00004ce8      0x3bb atmel_start.o
 .debug_macro   0x000050a3      0x830 atmel_start.o
 .debug_macro   0x000058d3      0x316 atmel_start.o
 .debug_macro   0x00005be9     0x269d atmel_start.o
 .debug_macro   0x00008286       0x40 atmel_start.o
 .debug_macro   0x000082c6     0x105e atmel_start.o
 .debug_macro   0x00009324      0x60b atmel_start.o
 .debug_macro   0x0000992f      0x555 atmel_start.o
 .debug_macro   0x00009e84      0xb8f atmel_start.o
 .debug_macro   0x0000aa13      0x62e atmel_start.o
 .debug_macro   0x0000b041     0x3ac9 atmel_start.o
 .debug_macro   0x0000eb0a      0x6bf atmel_start.o
 .debug_macro   0x0000f1c9     0x83ff atmel_start.o
 .debug_macro   0x000175c8     0x326e atmel_start.o
 .debug_macro   0x0001a836     0x24d0 atmel_start.o
 .debug_macro   0x0001cd06      0x87f atmel_start.o
 .debug_macro   0x0001d585      0x17d atmel_start.o
 .debug_macro   0x0001d702      0x118 atmel_start.o
 .debug_macro   0x0001d81a      0x909 atmel_start.o
 .debug_macro   0x0001e123      0x125 atmel_start.o
 .debug_macro   0x0001e248      0x503 atmel_start.o
 .debug_macro   0x0001e74b      0x3e0 atmel_start.o
 .debug_macro   0x0001eb2b      0x709 atmel_start.o
 .debug_macro   0x0001f234      0xb64 atmel_start.o
 .debug_macro   0x0001fd98      0xf03 atmel_start.o
 .debug_macro   0x00020c9b      0xff2 atmel_start.o
 .debug_macro   0x00021c8d      0x1a8 atmel_start.o
 .debug_macro   0x00021e35      0x124 atmel_start.o
 .debug_macro   0x00021f59      0xbc2 atmel_start.o
 .debug_macro   0x00022b1b      0x5c5 atmel_start.o
 .debug_macro   0x000230e0     0x1afb atmel_start.o
 .debug_macro   0x00024bdb      0x664 atmel_start.o
 .debug_macro   0x0002523f     0x41a7 atmel_start.o
 .debug_macro   0x000293e6      0x64f atmel_start.o
 .debug_macro   0x00029a35       0xc4 atmel_start.o
 .debug_macro   0x00029af9      0x12d atmel_start.o
 .debug_macro   0x00029c26     0x2a5f atmel_start.o
 .debug_macro   0x0002c685       0x7c atmel_start.o
 .debug_macro   0x0002c701      0x14e atmel_start.o
 .debug_macro   0x0002c84f       0xf4 atmel_start.o
 .debug_macro   0x0002c943       0xf4 atmel_start.o
 .debug_macro   0x0002ca37       0x16 atmel_start.o
 .debug_macro   0x0002ca4d       0x7c atmel_start.o
 .debug_macro   0x0002cac9       0x40 atmel_start.o
 .debug_macro   0x0002cb09      0x623 atmel_start.o
 .debug_macro   0x0002d12c       0x40 atmel_start.o
 .debug_macro   0x0002d16c      0x7ce atmel_start.o
 .debug_macro   0x0002d93a       0x6a atmel_start.o
 .debug_macro   0x0002d9a4       0x6a atmel_start.o
 .debug_macro   0x0002da0e       0x88 atmel_start.o
 .debug_macro   0x0002da96       0xac atmel_start.o
 .debug_macro   0x0002db42      0x142 atmel_start.o
 .debug_macro   0x0002dc84      0x138 atmel_start.o
 .debug_macro   0x0002ddbc      0x138 atmel_start.o
 .debug_macro   0x0002def4       0xee atmel_start.o
 .debug_macro   0x0002dfe2      0x187 atmel_start.o
 .debug_macro   0x0002e169      0x180 atmel_start.o
 .debug_macro   0x0002e2e9      0x180 atmel_start.o
 .debug_macro   0x0002e469      0x180 atmel_start.o
 .debug_macro   0x0002e5e9      0x180 atmel_start.o
 .debug_macro   0x0002e769      0x121 atmel_start.o
 .debug_macro   0x0002e88a      0x352 atmel_start.o
 .debug_macro   0x0002ebdc      0x352 atmel_start.o
 .debug_macro   0x0002ef2e       0x82 atmel_start.o
 .debug_macro   0x0002efb0       0x22 atmel_start.o
 .debug_macro   0x0002efd2       0x22 atmel_start.o
 .debug_macro   0x0002eff4       0x58 atmel_start.o
 .debug_macro   0x0002f04c       0x28 atmel_start.o
 .debug_macro   0x0002f074       0x64 atmel_start.o
 .debug_macro   0x0002f0d8       0x94 atmel_start.o
 .debug_macro   0x0002f16c       0x7c atmel_start.o
 .debug_macro   0x0002f1e8       0x7c atmel_start.o
 .debug_macro   0x0002f264       0x8e atmel_start.o
 .debug_macro   0x0002f2f2       0x34 atmel_start.o
 .debug_macro   0x0002f326      0x1a8 atmel_start.o
 .debug_macro   0x0002f4ce      0x1a8 atmel_start.o
 .debug_macro   0x0002f676      0x1a8 atmel_start.o
 .debug_macro   0x0002f81e      0x1a8 atmel_start.o
 .debug_macro   0x0002f9c6       0x3a atmel_start.o
 .debug_macro   0x0002fa00       0x82 atmel_start.o
 .debug_macro   0x0002fa82       0x82 atmel_start.o
 .debug_macro   0x0002fb04       0x82 atmel_start.o
 .debug_macro   0x0002fb86       0x70 atmel_start.o
 .debug_macro   0x0002fbf6       0x70 atmel_start.o
 .debug_macro   0x0002fc66       0x70 atmel_start.o
 .debug_macro   0x0002fcd6       0x70 atmel_start.o
 .debug_macro   0x0002fd46       0x70 atmel_start.o
 .debug_macro   0x0002fdb6       0xf4 atmel_start.o
 .debug_macro   0x0002feaa       0xf4 atmel_start.o
 .debug_macro   0x0002ff9e       0xf4 atmel_start.o
 .debug_macro   0x00030092      0x71f atmel_start.o
 .debug_macro   0x000307b1       0x16 atmel_start.o
 .debug_macro   0x000307c7       0x22 atmel_start.o
 .debug_macro   0x000307e9      0x9bf atmel_start.o
 .debug_macro   0x000311a8      0x59f atmel_start.o
 .debug_macro   0x00031747     0x2879 atmel_start.o
 .debug_macro   0x00033fc0      0x169 atmel_start.o
 .debug_macro   0x00034129       0x10 atmel_start.o
 .debug_macro   0x00034139       0x10 atmel_start.o
 .debug_macro   0x00034149       0x16 atmel_start.o
 .debug_macro   0x0003415f       0x16 atmel_start.o
 .debug_macro   0x00034175       0x16 atmel_start.o
 .debug_macro   0x0003418b       0x16 atmel_start.o
 .debug_macro   0x000341a1       0x16 atmel_start.o
 .debug_macro   0x000341b7       0x16 atmel_start.o
 .debug_macro   0x000341cd       0x16 atmel_start.o
 .debug_macro   0x000341e3       0x16 atmel_start.o
 .debug_macro   0x000341f9       0x16 atmel_start.o
 .debug_macro   0x0003420f       0x16 atmel_start.o
 .debug_macro   0x00034225       0x16 atmel_start.o
 .debug_macro   0x0003423b       0x16 atmel_start.o
 .debug_macro   0x00034251       0x16 atmel_start.o
 .debug_macro   0x00034267       0x16 atmel_start.o
 .debug_macro   0x0003427d       0x16 atmel_start.o
 .debug_macro   0x00034293       0x16 atmel_start.o
 .debug_macro   0x000342a9       0x16 atmel_start.o
 .debug_macro   0x000342bf       0x16 atmel_start.o
 .debug_macro   0x000342d5       0x16 atmel_start.o
 .debug_macro   0x000342eb       0x16 atmel_start.o
 .debug_macro   0x00034301       0x16 atmel_start.o
 .debug_macro   0x00034317       0x16 atmel_start.o
 .debug_macro   0x0003432d       0x16 atmel_start.o
 .debug_macro   0x00034343       0x16 atmel_start.o
 .debug_macro   0x00034359       0x16 atmel_start.o
 .debug_macro   0x0003436f       0x16 atmel_start.o
 .debug_macro   0x00034385       0x16 atmel_start.o
 .debug_macro   0x0003439b      0x27e atmel_start.o
 .debug_macro   0x00034619       0x16 atmel_start.o
 .debug_macro   0x0003462f       0x16 atmel_start.o
 .debug_macro   0x00034645       0x16 atmel_start.o
 .debug_macro   0x0003465b      0x373 atmel_start.o
 .debug_macro   0x000349ce       0xa9 atmel_start.o
 .debug_macro   0x00034a77       0x16 atmel_start.o
 .debug_macro   0x00034a8d       0x16 atmel_start.o
 .debug_macro   0x00034aa3       0x16 atmel_start.o
 .debug_macro   0x00034ab9       0xca atmel_start.o
 .debug_macro   0x00034b83       0x1c atmel_start.o
 .debug_macro   0x00034b9f       0x16 atmel_start.o
 .debug_macro   0x00034bb5       0x40 atmel_start.o
 .debug_macro   0x00034bf5       0xc9 atmel_start.o
 .debug_macro   0x00034cbe      0x49c Device_Startup/startup_samv71q21b.o
 .debug_macro   0x0003515a       0xd1 Device_Startup/startup_samv71q21b.o
 .debug_macro   0x0003522b      0x77f driver_init.o
 .debug_macro   0x000359aa       0x10 driver_init.o
 .debug_macro   0x000359ba       0x52 driver_init.o
 .debug_macro   0x00035a0c      0x669 hal/src/hal_atomic.o
 .debug_macro   0x00036075      0x6af hal/src/hal_can_async.o
 .debug_macro   0x00036724       0x10 hal/src/hal_can_async.o
 .debug_macro   0x00036734      0x6b5 hal/src/hal_timer.o
 .debug_macro   0x00036de9      0x673 hal/utils/src/utils_assert.o
 .debug_macro   0x0003745c      0x678 hal/utils/src/utils_list.o
 .debug_macro   0x00037ad4      0x6c9 hpl/core/hpl_core_m7_base.o
 .debug_macro   0x0003819d      0x6e1 hpl/core/hpl_init.o
 .debug_macro   0x0003887e      0x324 hpl/core/hpl_init.o
 .debug_macro   0x00038ba2      0x9df hpl/core/hpl_init.o
 .debug_macro   0x00039581      0x778 hpl/mcan/hpl_mcan.o
 .debug_macro   0x00039cf9      0x2be hpl/mcan/hpl_mcan.o
 .debug_macro   0x00039fb7       0x9e hpl/mcan/hpl_mcan.o
 .debug_macro   0x0003a055      0x692 hpl/pmc/hpl_pmc.o
 .debug_macro   0x0003a6e7      0x6ea hpl/tc/hpl_tc.o
 .debug_macro   0x0003add1       0x10 hpl/tc/hpl_tc.o
 .debug_macro   0x0003ade1       0x81 hpl/tc/hpl_tc.o
 .debug_macro   0x0003ae62      0x861 main.o
 .debug_macro   0x0003b6c3      0x1ca main.o
 .debug_macro   0x0003b88d      0x847 shift_can.o
 .debug_macro   0x0003c0d4       0x22 shift_can.o

.debug_line     0x00000000     0xcf17
 .debug_line    0x00000000      0xd95 atmel_start.o
 .debug_line    0x00000d95      0x900 Device_Startup/startup_samv71q21b.o
 .debug_line    0x00001695      0xf0b driver_init.o
 .debug_line    0x000025a0      0xc78 hal/src/hal_atomic.o
 .debug_line    0x00003218      0xdad hal/src/hal_can_async.o
 .debug_line    0x00003fc5      0xdbd hal/src/hal_timer.o
 .debug_line    0x00004d82      0xc4d hal/utils/src/utils_assert.o
 .debug_line    0x000059cf      0xce5 hal/utils/src/utils_list.o
 .debug_line    0x000066b4      0xdf5 hpl/core/hpl_core_m7_base.o
 .debug_line    0x000074a9      0xd33 hpl/core/hpl_init.o
 .debug_line    0x000081dc     0x121d hpl/mcan/hpl_mcan.o
 .debug_line    0x000093f9      0xd6d hpl/pmc/hpl_pmc.o
 .debug_line    0x0000a166      0xe7a hpl/tc/hpl_tc.o
 .debug_line    0x0000afe0      0xf27 main.o
 .debug_line    0x0000bf07     0x1010 shift_can.o

.debug_str      0x00000000   0x145dc0
 .debug_str     0x00000000   0x13a748 atmel_start.o
                             0x13b119 (size before relaxing)
 .debug_str     0x0013a748      0x78d Device_Startup/startup_samv71q21b.o
                             0x1353ed (size before relaxing)
 .debug_str     0x0013aed5      0xcdb driver_init.o
                             0x13be21 (size before relaxing)
 .debug_str     0x0013bbb0       0xb7 hal/src/hal_atomic.o
                             0x13a7a5 (size before relaxing)
 .debug_str     0x0013bc67      0x21f hal/src/hal_can_async.o
                             0x13b08f (size before relaxing)
 .debug_str     0x0013be86      0x2c3 hal/src/hal_timer.o
                             0x13b0d2 (size before relaxing)
 .debug_str     0x0013c149       0x2a hal/utils/src/utils_assert.o
                             0x13a7b5 (size before relaxing)
 .debug_str     0x0013c173       0x31 hal/utils/src/utils_list.o
                             0x13a85f (size before relaxing)
 .debug_str     0x0013c1a4      0x630 hpl/core/hpl_core_m7_base.o
                             0x13b61c (size before relaxing)
 .debug_str     0x0013c7d4     0x306a hpl/core/hpl_init.o
                             0x13dc2d (size before relaxing)
 .debug_str     0x0013f83e     0x48bd hpl/mcan/hpl_mcan.o
                             0x13fee7 (size before relaxing)
 .debug_str     0x001440fb      0x243 hpl/pmc/hpl_pmc.o
                             0x13b8d0 (size before relaxing)
 .debug_str     0x0014433e      0x89e hpl/tc/hpl_tc.o
                             0x13bd2f (size before relaxing)
 .debug_str     0x00144bdc      0xdb0 main.o
                             0x14051e (size before relaxing)
 .debug_str     0x0014598c      0x434 shift_can.o
                             0x1406e4 (size before relaxing)

.debug_frame    0x00000000      0xbd4
 .debug_frame   0x00000000       0x28 atmel_start.o
 .debug_frame   0x00000028       0x38 Device_Startup/startup_samv71q21b.o
 .debug_frame   0x00000060       0xc0 driver_init.o
 .debug_frame   0x00000120       0x40 hal/src/hal_atomic.o
 .debug_frame   0x00000160      0x18c hal/src/hal_can_async.o
 .debug_frame   0x000002ec      0x144 hal/src/hal_timer.o
 .debug_frame   0x00000430       0x20 hal/utils/src/utils_assert.o
 .debug_frame   0x00000450       0x98 hal/utils/src/utils_list.o
 .debug_frame   0x000004e8       0xec hpl/core/hpl_core_m7_base.o
 .debug_frame   0x000005d4       0x2c hpl/core/hpl_init.o
 .debug_frame   0x00000600      0x168 hpl/mcan/hpl_mcan.o
 .debug_frame   0x00000768       0x58 hpl/pmc/hpl_pmc.o
 .debug_frame   0x000007c0      0x134 hpl/tc/hpl_tc.o
 .debug_frame   0x000008f4       0xc4 main.o
 .debug_frame   0x000009b8      0x1c8 shift_can.o
 .debug_frame   0x00000b80       0x2c c:/program files (x86)/atmel/studio/7.0/toolchain/arm/arm-gnu-toolchain/bin/../lib/gcc/arm-none-eabi/6.3.1/../../../../arm-none-eabi/lib/thumb/v7e-m\libc_nano.a(lib_a-init.o)
 .debug_frame   0x00000bac       0x28 c:/program files (x86)/atmel/studio/7.0/toolchain/arm/arm-gnu-toolchain/bin/../lib/gcc/arm-none-eabi/6.3.1/../../../../arm-none-eabi/lib/thumb/v7e-m\libc_nano.a(lib_a-memcpy-stub.o)
