Archive member included to satisfy reference by file (symbol)

c:/program files (x86)/atmel/studio/7.0/toolchain/arm/arm-gnu-toolchain/bin/../lib/gcc/arm-none-eabi/6.3.1/../../../../arm-none-eabi/lib/thumb/v7e-m\libc_nano.a(lib_a-exit.o)
                              c:/program files (x86)/atmel/studio/7.0/toolchain/arm/arm-gnu-toolchain/bin/../lib/gcc/arm-none-eabi/6.3.1/../../../../arm-none-eabi/lib/thumb/v7e-m/crt0.o (exit)
c:/program files (x86)/atmel/studio/7.0/toolchain/arm/arm-gnu-toolchain/bin/../lib/gcc/arm-none-eabi/6.3.1/../../../../arm-none-eabi/lib/thumb/v7e-m\libc_nano.a(lib_a-impure.o)
                              c:/program files (x86)/atmel/studio/7.0/toolchain/arm/arm-gnu-toolchain/bin/../lib/gcc/arm-none-eabi/6.3.1/../../../../arm-none-eabi/lib/thumb/v7e-m\libc_nano.a(lib_a-exit.o) (_global_impure_ptr)
c:/program files (x86)/atmel/studio/7.0/toolchain/arm/arm-gnu-toolchain/bin/../lib/gcc/arm-none-eabi/6.3.1/../../../../arm-none-eabi/lib/thumb/v7e-m\libc_nano.a(lib_a-init.o)
                              c:/program files (x86)/atmel/studio/7.0/toolchain/arm/arm-gnu-toolchain/bin/../lib/gcc/arm-none-eabi/6.3.1/../../../../arm-none-eabi/lib/thumb/v7e-m/crt0.o (__libc_init_array)
c:/program files (x86)/atmel/studio/7.0/toolchain/arm/arm-gnu-toolchain/bin/../lib/gcc/arm-none-eabi/6.3.1/../../../../arm-none-eabi/lib/thumb/v7e-m\libc_nano.a(lib_a-memcpy-stub.o)
                              hpl/mcan/hpl_mcan.o (memcpy)
c:/program files (x86)/atmel/studio/7.0/toolchain/arm/arm-gnu-toolchain/bin/../lib/gcc/arm-none-eabi/6.3.1/../../../../arm-none-eabi/lib/thumb/v7e-m\libc_nano.a(lib_a-memset.o)
                              c:/program files (x86)/atmel/studio/7.0/toolchain/arm/arm-gnu-toolchain/bin/../lib/gcc/arm-none-eabi/6.3.1/../../../../arm-none-eabi/lib/thumb/v7e-m/crt0.o (memset)
c:/program files (x86)/atmel/studio/7.0/toolchain/arm/arm-gnu-toolchain/bin/../lib/gcc/arm-none-eabi/6.3.1/../../../../arm-none-eabi/lib/thumb/v7e-m\libc_nano.a(lib_a-printf.o)
                              hal/utils/src/utils_syscalls.o (printf)
c:/program files (x86)/atmel/studio/7.0/toolchain/arm/arm-gnu-toolchain/bin/../lib/gcc/arm-none-eabi/6.3.1/../../../../arm-none-eabi/lib/thumb/v7e-m\libc_nano.a(lib_a-puts.o)
                              main.o (puts)
c:/program files (x86)/atmel/studio/7.0/toolchain/arm/arm-gnu-toolchain/bin/../lib/gcc/arm-none-eabi/6.3.1/../../../../arm-none-eabi/lib/thumb/v7e-m\libc_nano.a(lib_a-setbuf.o)
                              stdio_redirect/stdio_io.o (setbuf)
c:/program files (x86)/atmel/studio/7.0/toolchain/arm/arm-gnu-toolchain/bin/../lib/gcc/arm-none-eabi/6.3.1/../../../../arm-none-eabi/lib/thumb/v7e-m\libc_nano.a(lib_a-setvbuf.o)
                              c:/program files (x86)/atmel/studio/7.0/toolchain/arm/arm-gnu-toolchain/bin/../lib/gcc/arm-none-eabi/6.3.1/../../../../arm-none-eabi/lib/thumb/v7e-m\libc_nano.a(lib_a-setbuf.o) (setvbuf)
c:/program files (x86)/atmel/studio/7.0/toolchain/arm/arm-gnu-toolchain/bin/../lib/gcc/arm-none-eabi/6.3.1/../../../../arm-none-eabi/lib/thumb/v7e-m\libc_nano.a(lib_a-wbuf.o)
                              c:/program files (x86)/atmel/studio/7.0/toolchain/arm/arm-gnu-toolchain/bin/../lib/gcc/arm-none-eabi/6.3.1/../../../../arm-none-eabi/lib/thumb/v7e-m\libc_nano.a(lib_a-puts.o) (__swbuf_r)
c:/program files (x86)/atmel/studio/7.0/toolchain/arm/arm-gnu-toolchain/bin/../lib/gcc/arm-none-eabi/6.3.1/../../../../arm-none-eabi/lib/thumb/v7e-m\libc_nano.a(lib_a-wsetup.o)
                              c:/program files (x86)/atmel/studio/7.0/toolchain/arm/arm-gnu-toolchain/bin/../lib/gcc/arm-none-eabi/6.3.1/../../../../arm-none-eabi/lib/thumb/v7e-m\libc_nano.a(lib_a-puts.o) (__swsetup_r)
c:/program files (x86)/atmel/studio/7.0/toolchain/arm/arm-gnu-toolchain/bin/../lib/gcc/arm-none-eabi/6.3.1/../../../../arm-none-eabi/lib/thumb/v7e-m\libc_nano.a(lib_a-fflush.o)
                              c:/program files (x86)/atmel/studio/7.0/toolchain/arm/arm-gnu-toolchain/bin/../lib/gcc/arm-none-eabi/6.3.1/../../../../arm-none-eabi/lib/thumb/v7e-m\libc_nano.a(lib_a-setvbuf.o) (_fflush_r)
c:/program files (x86)/atmel/studio/7.0/toolchain/arm/arm-gnu-toolchain/bin/../lib/gcc/arm-none-eabi/6.3.1/../../../../arm-none-eabi/lib/thumb/v7e-m\libc_nano.a(lib_a-findfp.o)
                              c:/program files (x86)/atmel/studio/7.0/toolchain/arm/arm-gnu-toolchain/bin/../lib/gcc/arm-none-eabi/6.3.1/../../../../arm-none-eabi/lib/thumb/v7e-m\libc_nano.a(lib_a-printf.o) (__sinit)
c:/program files (x86)/atmel/studio/7.0/toolchain/arm/arm-gnu-toolchain/bin/../lib/gcc/arm-none-eabi/6.3.1/../../../../arm-none-eabi/lib/thumb/v7e-m\libc_nano.a(lib_a-fwalk.o)
                              c:/program files (x86)/atmel/studio/7.0/toolchain/arm/arm-gnu-toolchain/bin/../lib/gcc/arm-none-eabi/6.3.1/../../../../arm-none-eabi/lib/thumb/v7e-m\libc_nano.a(lib_a-findfp.o) (_fwalk)
[...]
Memory Configuration

Name             Origin             Length             Attributes
rom              0x00400000         0x00200000         xr
ram              0x20400000         0x00060000         xrw
*default*        0x00000000         0xffffffff

Linker script and memory map

LOAD c:/program files (x86)/atmel/studio/7.0/toolchain/arm/arm-gnu-toolchain/bin/../lib/gcc/arm-none-eabi/6.3.1/thumb/v7e-m/crti.o
LOAD c:/program files (x86)/atmel/studio/7.0/toolchain/arm/arm-gnu-toolchain/bin/../lib/gcc/arm-none-eabi/6.3.1/thumb/v7e-m/crtbegin.o
LOAD c:/program files (x86)/atmel/studio/7.0/toolchain/arm/arm-gnu-toolchain/bin/../lib/gcc/arm-none-eabi/6.3.1/../../../../arm-none-eabi/lib/thumb/v7e-m/crt0.o
LOAD atmel_start.o
LOAD Device_Startup/startup_samv71q21b.o
LOAD Device_Startup/system_samv71q21b.o
LOAD driver_init.o
LOAD examples/driver_examples.o
LOAD hal/src/hal_atomic.o
LOAD hal/src/hal_can_async.o
LOAD hal/src/hal_delay.o
LOAD hal/src/hal_gpio.o
LOAD hal/src/hal_init.o
LOAD hal/src/hal_io.o
LOAD hal/src/hal_sleep.o
LOAD hal/src/hal_timer.o
LOAD hal/src/hal_usart_sync.o
LOAD hal/utils/src/utils_assert.o
LOAD hal/utils/src/utils_event.o
LOAD hal/utils/src/utils_list.o
LOAD hal/utils/src/utils_ringbuffer.o
LOAD hal/utils/src/utils_syscalls.o
LOAD hpl/core/hpl_core_m7_base.o
LOAD hpl/core/hpl_init.o
LOAD hpl/mcan/hpl_mcan.o
LOAD hpl/pmc/hpl_pmc.o
LOAD hpl/pmc/hpl_sleep.o
LOAD hpl/tc/hpl_tc.o
LOAD hpl/usart/hpl_usart.o
LOAD hpl/xdmac/hpl_xdmac.o
LOAD main.o
LOAD stdio_redirect/gcc/read.o
LOAD stdio_redirect/gcc/write.o
LOAD stdio_redirect/stdio_io.o
LOAD stdio_start.o
START GROUP
LOAD c:/program files (x86)/atmel/studio/7.0/toolchain/arm/arm-gnu-toolchain/bin/../lib/gcc/arm-none-eabi/6.3.1/../../../../arm-none-eabi/lib/thumb/v7e-m\libm.a
END GROUP
START GROUP
LOAD c:/program files (x86)/atmel/studio/7.0/toolchain/arm/arm-gnu-toolchain/bin/../lib/gcc/arm-none-eabi/6.3.1/thumb/v7e-m\libgcc.a
LOAD c:/program files (x86)/atmel/studio/7.0/toolchain/arm/arm-gnu-toolchain/bin/../lib/gcc/arm-none-eabi/6.3.1/../../../../arm-none-eabi/lib/thumb/v7e-m\libc_nano.a
END GROUP
START GROUP
LOAD c:/program files (x86)/atmel/studio/7.0/toolchain/arm/arm-gnu-toolchain/bin/../lib/gcc/arm-none-eabi/6.3.1/thumb/v7e-m\libgcc.a
LOAD c:/program files (x86)/atmel/studio/7.0/toolchain/arm/arm-gnu-toolchain/bin/../lib/gcc/arm-none-eabi/6.3.1/../../../../arm-none-eabi/lib/thumb/v7e-m\libc_nano.a
END GROUP
LOAD c:/program files (x86)/atmel/studio/7.0/toolchain/arm/arm-gnu-toolchain/bin/../lib/gcc/arm-none-eabi/6.3.1/thumb/v7e-m/crtend.o
LOAD c:/program files (x86)/atmel/studio/7.0/toolchain/arm/arm-gnu-toolchain/bin/../lib/gcc/arm-none-eabi/6.3.1/thumb/v7e-m/crtn.o
                0x00000400                STACK_SIZE = DEFINED (STACK_SIZE)?STACK_SIZE:DEFINED (__stack_size__)?__stack_size__:0x400
                0x00000200                HEAP_SIZE = DEFINED (HEAP_SIZE)?HEAP_SIZE:DEFINED (__heap_size__)?__heap_size__:0x200

.text           0x00400000     0x2b64
                0x00400000                . = ALIGN (0x4)
                0x00400000                _sfixed = .
 *(.vectors .vectors.*)
 .vectors       0x00400000      0x168 Device_Startup/startup_samv71q21b.o
                0x00400000                exception_table
 *(.text .text.* .gnu.linkonce.t.*)
 .text          0x00400168       0x6c c:/program files (x86)/atmel/studio/7.0/toolchain/arm/arm-gnu-toolchain/bin/../lib/gcc/arm-none-eabi/6.3.1/thumb/v7e-m/crtbegin.o
 .text.atmel_start_init
                0x004001d4       0x14 atmel_start.o
                0x004001d4                atmel_start_init
 .text.Dummy_Handler
                0x004001e8        0x2 Device_Startup/startup_samv71q21b.o
                0x004001e8                DACC_Handler
                0x004001e8                SVCall_Handler
                0x004001e8                UART3_Handler
                0x004001e8                UART2_Handler
                0x004001e8                TRNG_Handler
                0x004001e8                HardFault_Handler
                0x004001e8                TC2_Handler
                0x004001e8                SysTick_Handler
                0x004001e8                AFEC1_Handler
                0x004001e8                PendSV_Handler
                0x004001e8                TC7_Handler
                0x004001e8                QSPI_Handler
                0x004001e8                NonMaskableInt_Handler
                0x004001e8                ISI_Handler
                0x004001e8                TC9_Handler
                0x004001e8                RSWDT_Handler
                0x004001e8                USART0_Handler
                0x004001e8                RTT_Handler
                0x004001e8                USBHS_Handler
                0x004001e8                IXC_Handler
                0x004001e8                CCF_Handler
                0x004001e8                PIOB_Handler
                0x004001e8                RTC_Handler
                0x004001e8                UsageFault_Handler
                0x004001e8                TC6_Handler
                0x004001e8                WDT_Handler
                0x004001e8                MCAN1_INT1_Handler
                0x004001e8                TC4_Handler
                0x004001e8                TC1_Handler
                0x004001e8                HSMCI_Handler
                0x004001e8                UART1_Handler
                0x004001e8                TC3_Handler
                0x004001e8                Dummy_Handler
                0x004001e8                TWIHS1_Handler
                0x004001e8                XDMAC_Handler
                0x004001e8                UART4_Handler
                0x004001e8                PWM1_Handler
                0x004001e8                USART1_Handler
                0x004001e8                PWM0_Handler
                0x004001e8                PIOA_Handler
                0x004001e8                AFEC0_Handler
                0x004001e8                CCW_Handler
                0x004001e8                SSC_Handler
                0x004001e8                TC11_Handler
                0x004001e8                ACC_Handler
                0x004001e8                PMC_Handler
                0x004001e8                GMAC_Handler
                0x004001e8                MCAN0_INT1_Handler
                0x004001e8                GMAC_Q5_Handler
                0x004001e8                SUPC_Handler
                0x004001e8                TC8_Handler
                0x004001e8                EFC_Handler
                0x004001e8                GMAC_Q1_Handler
                0x004001e8                USART2_Handler
                0x004001e8                SDRAMC_Handler
                0x004001e8                GMAC_Q2_Handler
                0x004001e8                PIOE_Handler
                0x004001e8                SPI1_Handler
                0x004001e8                TC10_Handler
                0x004001e8                GMAC_Q3_Handler
                0x004001e8                PIOD_Handler
                0x004001e8                TWIHS2_Handler
                0x004001e8                MLB_Handler
                0x004001e8                I2SC0_Handler
                0x004001e8                UART0_Handler
                0x004001e8                I2SC1_Handler
                0x004001e8                PIOC_Handler
                0x004001e8                GMAC_Q4_Handler
                0x004001e8                FPU_Handler
                0x004001e8                BusFault_Handler
                0x004001e8                RSTC_Handler
                0x004001e8                MemoryManagement_Handler
                0x004001e8                DebugMonitor_Handler
                0x004001e8                TC5_Handler
                0x004001e8                ICM_Handler
                0x004001e8                AES_Handler
                0x004001e8                TWIHS0_Handler
                0x004001e8                SPI0_Handler
 *fill*         0x004001ea        0x2 
 .text.Reset_Handler
                0x004001ec       0x68 Device_Startup/startup_samv71q21b.o
                0x004001ec                Reset_Handler
 .text.TIMER_0_init
                0x00400254       0x38 driver_init.o
 .text.TARGET_IO_PORT_init
                0x0040028c       0x4c driver_init.o
                0x0040028c                TARGET_IO_PORT_init
 .text.TARGET_IO_CLOCK_init
                0x004002d8       0x18 driver_init.o
                0x004002d8                TARGET_IO_CLOCK_init
 .text.TARGET_IO_init
                0x004002f0       0x34 driver_init.o
                0x004002f0                TARGET_IO_init
 .text.CAN_0_CLOCK_init
                0x00400324       0x1c driver_init.o
                0x00400324                CAN_0_CLOCK_init
 .text.CAN_0_PORT_init
                0x00400340       0x30 driver_init.o
                0x00400340                CAN_0_PORT_init
 .text.CAN_0_init
                0x00400370       0x28 driver_init.o
                0x00400370                CAN_0_init
 .text.CAN_1_CLOCK_init
                0x00400398       0x1c driver_init.o
                0x00400398                CAN_1_CLOCK_init
 .text.CAN_1_PORT_init
                0x004003b4       0x34 driver_init.o
                0x004003b4                CAN_1_PORT_init
 .text.CAN_1_init
                0x004003e8       0x28 driver_init.o
                0x004003e8                CAN_1_init
 .text.system_init
                0x00400410       0x3c driver_init.o
                0x00400410                system_init
 .text.atomic_enter_critical
                0x0040044c        0xe hal/src/hal_atomic.o
                0x0040044c                atomic_enter_critical
 .text.atomic_leave_critical
                0x0040045a        0xc hal/src/hal_atomic.o
                0x0040045a                atomic_leave_critical
 .text.can_tx_done
                0x00400466        0xa hal/src/hal_can_async.o
 .text.can_rx_done
                0x00400470        0xa hal/src/hal_can_async.o
 .text.can_irq_handler
                0x0040047a        0xa hal/src/hal_can_async.o
 .text.can_async_init
                0x00400484       0x50 hal/src/hal_can_async.o
                0x00400484                can_async_init
 .text.can_async_enable
                0x004004d4       0x28 hal/src/hal_can_async.o
                0x004004d4                can_async_enable
 .text.can_async_read
                0x004004fc       0x30 hal/src/hal_can_async.o
                0x004004fc                can_async_read
 .text.can_async_write
                0x0040052c       0x30 hal/src/hal_can_async.o
                0x0040052c                can_async_write
 .text.can_async_register_callback
                0x0040055c       0x50 hal/src/hal_can_async.o
                0x0040055c                can_async_register_callback
 .text.can_async_set_filter
                0x004005ac       0x34 hal/src/hal_can_async.o
                0x004005ac                can_async_set_filter
 .text.delay_ms
                0x004005e0       0x20 hal/src/hal_delay.o
                0x004005e0                delay_ms
 .text.io_write
                0x00400600       0x30 hal/src/hal_io.o
                0x00400600                io_write
 .text.io_read  0x00400630       0x30 hal/src/hal_io.o
                0x00400630                io_read
 .text.timer_add_timer_task
                0x00400660       0x50 hal/src/hal_timer.o
 .text.timer_process_counted
                0x004006b0       0x68 hal/src/hal_timer.o
 .text.timer_init
                0x00400718       0x3c hal/src/hal_timer.o
                0x00400718                timer_init
 .text.timer_start
                0x00400754       0x3c hal/src/hal_timer.o
                0x00400754                timer_start
 .text.timer_add_task
                0x00400790       0xa8 hal/src/hal_timer.o
                0x00400790                timer_add_task
 .text.usart_sync_write
                0x00400838       0x70 hal/src/hal_usart_sync.o
 .text.usart_sync_read
                0x004008a8       0x60 hal/src/hal_usart_sync.o
 .text.usart_sync_init
                0x00400908       0x48 hal/src/hal_usart_sync.o
                0x00400908                usart_sync_init
 .text.usart_sync_enable
                0x00400950       0x2c hal/src/hal_usart_sync.o
                0x00400950                usart_sync_enable
 .text.assert   0x0040097c        0x6 hal/utils/src/utils_assert.o
                0x0040097c                assert
 .text.is_list_element
                0x00400982       0x14 hal/utils/src/utils_list.o
                0x00400982                is_list_element
 *fill*         0x00400996        0x2 
 .text.list_insert_as_head
                0x00400998       0x2c hal/utils/src/utils_list.o
                0x00400998                list_insert_as_head
 .text.list_insert_after
                0x004009c4        0x8 hal/utils/src/utils_list.o
                0x004009c4                list_insert_after
 .text.list_remove_head
                0x004009cc       0x10 hal/utils/src/utils_list.o
                0x004009cc                list_remove_head
 .text._sbrk    0x004009dc       0x24 hal/utils/src/utils_syscalls.o
                0x004009dc                _sbrk
 .text._close   0x00400a00        0x6 hal/utils/src/utils_syscalls.o
                0x00400a00                _close
 .text._fstat   0x00400a06        0xa hal/utils/src/utils_syscalls.o
                0x00400a06                _fstat
 .text._isatty  0x00400a10        0x4 hal/utils/src/utils_syscalls.o
                0x00400a10                _isatty
 .text._lseek   0x00400a14        0x4 hal/utils/src/utils_syscalls.o
                0x00400a14                _lseek
 .text._irq_set
                0x00400a18       0x20 hpl/core/hpl_core_m7_base.o
                0x00400a18                _irq_set
 .text._get_cycles_for_ms
                0x00400a38       0x12 hpl/core/hpl_core_m7_base.o
                0x00400a38                _get_cycles_for_ms
 .text._delay_cycles
                0x00400a4a        0x6 hpl/core/hpl_core_m7_base.o
                0x00400a4a                _delay_cycles
 .text._init_chip
                0x00400a50       0x54 hpl/core/hpl_init.o
                0x00400a50                _init_chip
 .text._can_irq_handler
                0x00400aa4       0x74 hpl/mcan/hpl_mcan.o
 .text._can_async_init
                0x00400b18      0x1d4 hpl/mcan/hpl_mcan.o
                0x00400b18                _can_async_init
 .text._can_async_enable
                0x00400cec        0xe hpl/mcan/hpl_mcan.o
                0x00400cec                _can_async_enable
 *fill*         0x00400cfa        0x2 
 .text._can_async_read
                0x00400cfc       0xcc hpl/mcan/hpl_mcan.o
                0x00400cfc                _can_async_read
 .text._can_async_write
                0x00400dc8      0x134 hpl/mcan/hpl_mcan.o
                0x00400dc8                _can_async_write
 .text._can_async_set_irq_state
                0x00400efc       0x44 hpl/mcan/hpl_mcan.o
                0x00400efc                _can_async_set_irq_state
 .text._can_async_set_filter
                0x00400f40       0x7c hpl/mcan/hpl_mcan.o
                0x00400f40                _can_async_set_filter
 .text.MCAN0_INT0_Handler
                0x00400fbc       0x14 hpl/mcan/hpl_mcan.o
                0x00400fbc                MCAN0_INT0_Handler
 .text.MCAN1_INT0_Handler
                0x00400fd0       0x14 hpl/mcan/hpl_mcan.o
                0x00400fd0                MCAN1_INT0_Handler
 .text._pmc_init_sources
                0x00400fe4       0x50 hpl/pmc/hpl_pmc.o
 .text._pmc_init_master_clock
                0x00401034       0x4c hpl/pmc/hpl_pmc.o
 .text._pmc_init_program_clock
                0x00401080       0x20 hpl/pmc/hpl_pmc.o
 .text._pmc_init
                0x004010a0       0x1c hpl/pmc/hpl_pmc.o
                0x004010a0                _pmc_init
 .text.get_cfg  0x004010bc       0x38 hpl/tc/hpl_tc.o
 .text._tc_init_irq_param
                0x004010f4       0x18 hpl/tc/hpl_tc.o
 .text.tc_interrupt_handler
                0x0040110c       0x14 hpl/tc/hpl_tc.o
 .text._timer_init
                0x00401120       0xbc hpl/tc/hpl_tc.o
                0x00401120                _timer_init
 .text._timer_start
                0x004011dc        0x8 hpl/tc/hpl_tc.o
                0x004011dc                _timer_start
 .text._timer_is_started
                0x004011e4        0xa hpl/tc/hpl_tc.o
                0x004011e4                _timer_is_started
 *fill*         0x004011ee        0x2 
 .text._timer_set_irq
                0x004011f0       0x18 hpl/tc/hpl_tc.o
                0x004011f0                _timer_set_irq
 .text._tc_get_timer
                0x00401208        0x4 hpl/tc/hpl_tc.o
                0x00401208                _tc_get_timer
 .text.TC0_Handler
                0x0040120c       0x14 hpl/tc/hpl_tc.o
                0x0040120c                TC0_Handler
 .text._usart_get_hardware_index
                0x00401220       0x2c hpl/usart/hpl_usart.o
 .text._get_usart_index
                0x0040124c       0x54 hpl/usart/hpl_usart.o
 .text._usart_init
                0x004012a0       0x68 hpl/usart/hpl_usart.o
 .text._usart_sync_init
                0x00401308       0x38 hpl/usart/hpl_usart.o
                0x00401308                _usart_sync_init
 .text._usart_sync_enable
                0x00401340       0x34 hpl/usart/hpl_usart.o
                0x00401340                _usart_sync_enable
 .text._usart_sync_write_byte
                0x00401374       0x24 hpl/usart/hpl_usart.o
                0x00401374                _usart_sync_write_byte
 .text._usart_sync_read_byte
                0x00401398       0x24 hpl/usart/hpl_usart.o
                0x00401398                _usart_sync_read_byte
 .text._usart_sync_is_ready_to_send
                0x004013bc       0x28 hpl/usart/hpl_usart.o
                0x004013bc                _usart_sync_is_ready_to_send
 .text._usart_sync_is_transmit_done
                0x004013e4       0x28 hpl/usart/hpl_usart.o
                0x004013e4                _usart_sync_is_transmit_done
 .text._usart_sync_is_byte_received
                0x0040140c       0x28 hpl/usart/hpl_usart.o
                0x0040140c                _usart_sync_is_byte_received
 .text._usart_get_usart_sync
                0x00401434        0x4 hpl/usart/hpl_usart.o
                0x00401434                _usart_get_usart_sync
 .text.TIMER_0_task1_callback
                0x00401438        0x2 main.o
 .text.TIMER_0_task2_callback
                0x0040143a        0x2 main.o
 .text.init_can_module
                0x0040143c       0x6c main.o
                0x0040143c                init_can_module
 .text.ERROR_CALLBACK
                0x004014a8       0x1c main.o
                0x004014a8                ERROR_CALLBACK
 .text.checkMessage
                0x004014c4       0x78 main.o
                0x004014c4                checkMessage
 .text.send_message_module_1
                0x0040153c       0x40 main.o
                0x0040153c                send_message_module_1
 .text.checkIndex
                0x0040157c       0x24 main.o
                0x0040157c                checkIndex
 .text.add_single_filter_module_1
                0x004015a0       0x34 main.o
                0x004015a0                add_single_filter_module_1
 .text.message_received
                0x004015d4       0x20 main.o
                0x004015d4                message_received
 .text.CAN_RX_CALLBACK
                0x004015f4       0x38 main.o
                0x004015f4                CAN_RX_CALLBACK
 .text.timer_setup
                0x0040162c       0x50 main.o
                0x0040162c                timer_setup
 .text.main     0x0040167c       0x7c main.o
                0x0040167c                main
 .text._read    0x004016f8       0x24 stdio_redirect/gcc/read.o
                0x004016f8                _read
 .text._write   0x0040171c       0x28 stdio_redirect/gcc/write.o
                0x0040171c                _write
 .text.stdio_io_init
                0x00401744       0x2c stdio_redirect/stdio_io.o
                0x00401744                stdio_io_init
 .text.stdio_io_read
                0x00401770       0x24 stdio_redirect/stdio_io.o
                0x00401770                stdio_io_read
 .text.stdio_io_write
                0x00401794       0x24 stdio_redirect/stdio_io.o
                0x00401794                stdio_io_write
 .text.stdio_redirect_init
                0x004017b8       0x20 stdio_start.o
                0x004017b8                stdio_redirect_init
 .text.__libc_init_array
                0x004017d8       0x48 c:/program files (x86)/atmel/studio/7.0/toolchain/arm/arm-gnu-toolchain/bin/../lib/gcc/arm-none-eabi/6.3.1/../../../../arm-none-eabi/lib/thumb/v7e-m\libc_nano.a(lib_a-init.o)
                0x004017d8                __libc_init_array
 .text.memcpy   0x00401820       0x16 c:/program files (x86)/atmel/studio/7.0/toolchain/arm/arm-gnu-toolchain/bin/../lib/gcc/arm-none-eabi/6.3.1/../../../../arm-none-eabi/lib/thumb/v7e-m\libc_nano.a(lib_a-memcpy-stub.o)
                0x00401820                memcpy
 .text.memset   0x00401836       0x10 c:/program files (x86)/atmel/studio/7.0/toolchain/arm/arm-gnu-toolchain/bin/../lib/gcc/arm-none-eabi/6.3.1/../../../../arm-none-eabi/lib/thumb/v7e-m\libc_nano.a(lib_a-memset.o)
                0x00401836                memset
 *fill*         0x00401846        0x2 
 .text.printf   0x00401848       0x30 c:/program files (x86)/atmel/studio/7.0/toolchain/arm/arm-gnu-toolchain/bin/../lib/gcc/arm-none-eabi/6.3.1/../../../../arm-none-eabi/lib/thumb/v7e-m\libc_nano.a(lib_a-printf.o)
                0x00401848                iprintf
                0x00401848                printf
 .text._puts_r  0x00401878       0xb8 c:/program files (x86)/atmel/studio/7.0/toolchain/arm/arm-gnu-toolchain/bin/../lib/gcc/arm-none-eabi/6.3.1/../../../../arm-none-eabi/lib/thumb/v7e-m\libc_nano.a(lib_a-puts.o)
                0x00401878                _puts_r
 .text.puts     0x00401930       0x10 c:/program files (x86)/atmel/studio/7.0/toolchain/arm/arm-gnu-toolchain/bin/../lib/gcc/arm-none-eabi/6.3.1/../../../../arm-none-eabi/lib/thumb/v7e-m\libc_nano.a(lib_a-puts.o)
                0x00401930                puts
 .text.setbuf   0x00401940       0x10 c:/program files (x86)/atmel/studio/7.0/toolchain/arm/arm-gnu-toolchain/bin/../lib/gcc/arm-none-eabi/6.3.1/../../../../arm-none-eabi/lib/thumb/v7e-m\libc_nano.a(lib_a-setbuf.o)
                0x00401940                setbuf
 .text.setvbuf  0x00401950      0x15c c:/program files (x86)/atmel/studio/7.0/toolchain/arm/arm-gnu-toolchain/bin/../lib/gcc/arm-none-eabi/6.3.1/../../../../arm-none-eabi/lib/thumb/v7e-m\libc_nano.a(lib_a-setvbuf.o)
                0x00401950                setvbuf
 .text.__swbuf_r
                0x00401aac       0xa4 c:/program files (x86)/atmel/studio/7.0/toolchain/arm/arm-gnu-toolchain/bin/../lib/gcc/arm-none-eabi/6.3.1/../../../../arm-none-eabi/lib/thumb/v7e-m\libc_nano.a(lib_a-wbuf.o)
                0x00401aac                __swbuf_r
 .text.__swsetup_r
                0x00401b50       0xdc c:/program files (x86)/atmel/studio/7.0/toolchain/arm/arm-gnu-toolchain/bin/../lib/gcc/arm-none-eabi/6.3.1/../../../../arm-none-eabi/lib/thumb/v7e-m\libc_nano.a(lib_a-wsetup.o)
                0x00401b50                __swsetup_r
 .text.__sflush_r
                0x00401c2c      0x110 c:/program files (x86)/atmel/studio/7.0/toolchain/arm/arm-gnu-toolchain/bin/../lib/gcc/arm-none-eabi/6.3.1/../../../../arm-none-eabi/lib/thumb/v7e-m\libc_nano.a(lib_a-fflush.o)
                0x00401c2c                __sflush_r
 .text._fflush_r
                0x00401d3c       0x54 c:/program files (x86)/atmel/studio/7.0/toolchain/arm/arm-gnu-toolchain/bin/../lib/gcc/arm-none-eabi/6.3.1/../../../../arm-none-eabi/lib/thumb/v7e-m\libc_nano.a(lib_a-fflush.o)
                0x00401d3c                _fflush_r
 .text._cleanup_r
                0x00401d90        0xc c:/program files (x86)/atmel/studio/7.0/toolchain/arm/arm-gnu-toolchain/bin/../lib/gcc/arm-none-eabi/6.3.1/../../../../arm-none-eabi/lib/thumb/v7e-m\libc_nano.a(lib_a-findfp.o)
                0x00401d90                _cleanup_r
 .text.std.isra.0
                0x00401d9c       0x48 c:/program files (x86)/atmel/studio/7.0/toolchain/arm/arm-gnu-toolchain/bin/../lib/gcc/arm-none-eabi/6.3.1/../../../../arm-none-eabi/lib/thumb/v7e-m\libc_nano.a(lib_a-findfp.o)
 .text.__sfmoreglue
                0x00401de4       0x2c c:/program files (x86)/atmel/studio/7.0/toolchain/arm/arm-gnu-toolchain/bin/../lib/gcc/arm-none-eabi/6.3.1/../../../../arm-none-eabi/lib/thumb/v7e-m\libc_nano.a(lib_a-findfp.o)
                0x00401de4                __sfmoreglue
 .text.__sinit  0x00401e10       0x60 c:/program files (x86)/atmel/studio/7.0/toolchain/arm/arm-gnu-toolchain/bin/../lib/gcc/arm-none-eabi/6.3.1/../../../../arm-none-eabi/lib/thumb/v7e-m\libc_nano.a(lib_a-findfp.o)
                0x00401e10                __sinit
 .text.__sfp    0x00401e70       0x78 c:/program files (x86)/atmel/studio/7.0/toolchain/arm/arm-gnu-toolchain/bin/../lib/gcc/arm-none-eabi/6.3.1/../../../../arm-none-eabi/lib/thumb/v7e-m\libc_nano.a(lib_a-findfp.o)
                0x00401e70                __sfp
 .text._fwalk_reent
                0x00401ee8       0x3c c:/program files (x86)/atmel/studio/7.0/toolchain/arm/arm-gnu-toolchain/bin/../lib/gcc/arm-none-eabi/6.3.1/../../../../arm-none-eabi/lib/thumb/v7e-m\libc_nano.a(lib_a-fwalk.o)
                0x00401ee8                _fwalk_reent
 .text.__swhatbuf_r
                0x00401f24       0x48 c:/program files (x86)/atmel/studio/7.0/toolchain/arm/arm-gnu-toolchain/bin/../lib/gcc/arm-none-eabi/6.3.1/../../../../arm-none-eabi/lib/thumb/v7e-m\libc_nano.a(lib_a-makebuf.o)
                0x00401f24                __swhatbuf_r
 .text.__smakebuf_r
                0x00401f6c       0x80 c:/program files (x86)/atmel/studio/7.0/toolchain/arm/arm-gnu-toolchain/bin/../lib/gcc/arm-none-eabi/6.3.1/../../../../arm-none-eabi/lib/thumb/v7e-m\libc_nano.a(lib_a-makebuf.o)
                0x00401f6c                __smakebuf_r
 .text.malloc   0x00401fec       0x10 c:/program files (x86)/atmel/studio/7.0/toolchain/arm/arm-gnu-toolchain/bin/../lib/gcc/arm-none-eabi/6.3.1/../../../../arm-none-eabi/lib/thumb/v7e-m\libc_nano.a(lib_a-malloc.o)
                0x00401fec                malloc
 .text._free_r  0x00401ffc       0x9c c:/program files (x86)/atmel/studio/7.0/toolchain/arm/arm-gnu-toolchain/bin/../lib/gcc/arm-none-eabi/6.3.1/../../../../arm-none-eabi/lib/thumb/v7e-m\libc_nano.a(lib_a-nano-freer.o)
                0x00401ffc                _free_r
 .text._malloc_r
                0x00402098       0xbc c:/program files (x86)/atmel/studio/7.0/toolchain/arm/arm-gnu-toolchain/bin/../lib/gcc/arm-none-eabi/6.3.1/../../../../arm-none-eabi/lib/thumb/v7e-m\libc_nano.a(lib_a-nano-mallocr.o)
                0x00402098                _malloc_r
 .text.__sfputc_r
                0x00402154       0x2c c:/program files (x86)/atmel/studio/7.0/toolchain/arm/arm-gnu-toolchain/bin/../lib/gcc/arm-none-eabi/6.3.1/../../../../arm-none-eabi/lib/thumb/v7e-m\libc_nano.a(lib_a-nano-vfprintf.o)
 .text.__sfputs_r
                0x00402180       0x24 c:/program files (x86)/atmel/studio/7.0/toolchain/arm/arm-gnu-toolchain/bin/../lib/gcc/arm-none-eabi/6.3.1/../../../../arm-none-eabi/lib/thumb/v7e-m\libc_nano.a(lib_a-nano-vfprintf.o)
                0x00402180                __sfputs_r
 .text._vfprintf_r
                0x004021a4      0x22c c:/program files (x86)/atmel/studio/7.0/toolchain/arm/arm-gnu-toolchain/bin/../lib/gcc/arm-none-eabi/6.3.1/../../../../arm-none-eabi/lib/thumb/v7e-m\libc_nano.a(lib_a-nano-vfprintf.o)
                0x004021a4                _vfprintf_r
                0x004021a4                _vfiprintf_r
 .text._printf_common
                0x004023d0       0xec c:/program files (x86)/atmel/studio/7.0/toolchain/arm/arm-gnu-toolchain/bin/../lib/gcc/arm-none-eabi/6.3.1/../../../../arm-none-eabi/lib/thumb/v7e-m\libc_nano.a(lib_a-nano-vfprintf_i.o)
                0x004023d0                _printf_common
 .text._printf_i
                0x004024bc      0x240 c:/program files (x86)/atmel/studio/7.0/toolchain/arm/arm-gnu-toolchain/bin/../lib/gcc/arm-none-eabi/6.3.1/../../../../arm-none-eabi/lib/thumb/v7e-m\libc_nano.a(lib_a-nano-vfprintf_i.o)
                0x004024bc                _printf_i
 .text._sbrk_r  0x004026fc       0x20 c:/program files (x86)/atmel/studio/7.0/toolchain/arm/arm-gnu-toolchain/bin/../lib/gcc/arm-none-eabi/6.3.1/../../../../arm-none-eabi/lib/thumb/v7e-m\libc_nano.a(lib_a-sbrkr.o)
                0x004026fc                _sbrk_r
 .text.__sread  0x0040271c       0x22 c:/program files (x86)/atmel/studio/7.0/toolchain/arm/arm-gnu-toolchain/bin/../lib/gcc/arm-none-eabi/6.3.1/../../../../arm-none-eabi/lib/thumb/v7e-m\libc_nano.a(lib_a-stdio.o)
                0x0040271c                __sread
 .text.__swrite
                0x0040273e       0x38 c:/program files (x86)/atmel/studio/7.0/toolchain/arm/arm-gnu-toolchain/bin/../lib/gcc/arm-none-eabi/6.3.1/../../../../arm-none-eabi/lib/thumb/v7e-m\libc_nano.a(lib_a-stdio.o)
                0x0040273e                __swrite
 .text.__sseek  0x00402776       0x24 c:/program files (x86)/atmel/studio/7.0/toolchain/arm/arm-gnu-toolchain/bin/../lib/gcc/arm-none-eabi/6.3.1/../../../../arm-none-eabi/lib/thumb/v7e-m\libc_nano.a(lib_a-stdio.o)
                0x00402776                __sseek
 .text.__sclose
                0x0040279a        0x8 c:/program files (x86)/atmel/studio/7.0/toolchain/arm/arm-gnu-toolchain/bin/../lib/gcc/arm-none-eabi/6.3.1/../../../../arm-none-eabi/lib/thumb/v7e-m\libc_nano.a(lib_a-stdio.o)
                0x0040279a                __sclose
 *fill*         0x004027a2        0x2 
 .text._write_r
                0x004027a4       0x24 c:/program files (x86)/atmel/studio/7.0/toolchain/arm/arm-gnu-toolchain/bin/../lib/gcc/arm-none-eabi/6.3.1/../../../../arm-none-eabi/lib/thumb/v7e-m\libc_nano.a(lib_a-writer.o)
                0x004027a4                _write_r
 .text._close_r
                0x004027c8       0x20 c:/program files (x86)/atmel/studio/7.0/toolchain/arm/arm-gnu-toolchain/bin/../lib/gcc/arm-none-eabi/6.3.1/../../../../arm-none-eabi/lib/thumb/v7e-m\libc_nano.a(lib_a-closer.o)
                0x004027c8                _close_r
 .text._fstat_r
                0x004027e8       0x24 c:/program files (x86)/atmel/studio/7.0/toolchain/arm/arm-gnu-toolchain/bin/../lib/gcc/arm-none-eabi/6.3.1/../../../../arm-none-eabi/lib/thumb/v7e-m\libc_nano.a(lib_a-fstatr.o)
                0x004027e8                _fstat_r
 .text._isatty_r
                0x0040280c       0x20 c:/program files (x86)/atmel/studio/7.0/toolchain/arm/arm-gnu-toolchain/bin/../lib/gcc/arm-none-eabi/6.3.1/../../../../arm-none-eabi/lib/thumb/v7e-m\libc_nano.a(lib_a-isattyr.o)
                0x0040280c                _isatty_r
 .text._lseek_r
                0x0040282c       0x24 c:/program files (x86)/atmel/studio/7.0/toolchain/arm/arm-gnu-toolchain/bin/../lib/gcc/arm-none-eabi/6.3.1/../../../../arm-none-eabi/lib/thumb/v7e-m\libc_nano.a(lib_a-lseekr.o)
                0x0040282c                _lseek_r
 .text          0x00402850       0xa0 c:/program files (x86)/atmel/studio/7.0/toolchain/arm/arm-gnu-toolchain/bin/../lib/gcc/arm-none-eabi/6.3.1/../../../../arm-none-eabi/lib/thumb/v7e-m\libc_nano.a(lib_a-memchr.o)
                0x00402850                memchr
 .text.__malloc_lock
                0x004028f0        0x2 c:/program files (x86)/atmel/studio/7.0/toolchain/arm/arm-gnu-toolchain/bin/../lib/gcc/arm-none-eabi/6.3.1/../../../../arm-none-eabi/lib/thumb/v7e-m\libc_nano.a(lib_a-mlock.o)
                0x004028f0                __malloc_lock
 .text.__malloc_unlock
                0x004028f2        0x2 c:/program files (x86)/atmel/studio/7.0/toolchain/arm/arm-gnu-toolchain/bin/../lib/gcc/arm-none-eabi/6.3.1/../../../../arm-none-eabi/lib/thumb/v7e-m\libc_nano.a(lib_a-mlock.o)
                0x004028f2                __malloc_unlock
 .text._read_r  0x004028f4       0x24 c:/program files (x86)/atmel/studio/7.0/toolchain/arm/arm-gnu-toolchain/bin/../lib/gcc/arm-none-eabi/6.3.1/../../../../arm-none-eabi/lib/thumb/v7e-m\libc_nano.a(lib_a-readr.o)
                0x004028f4                _read_r
 *(.glue_7t)
 .glue_7t       0x00402918        0x0 linker stubs
 *(.glue_7)
 .glue_7        0x00402918        0x0 linker stubs
 *(.rodata .rodata* .gnu.linkonce.r.*)
 .rodata.str1.4
                0x00402918       0x1b hal/src/hal_can_async.o
 *fill*         0x00402933        0x1 
 .rodata.str1.4
                0x00402934       0x14 hal/src/hal_io.o
 .rodata.str1.4
                0x00402948       0x17 hal/src/hal_timer.o
 *fill*         0x0040295f        0x1 
 .rodata.str1.4
                0x00402960       0x1c hal/src/hal_usart_sync.o
 .rodata.str1.4
                0x0040297c       0x1e hal/utils/src/utils_list.o
 *fill*         0x0040299a        0x2 
 .rodata        0x0040299c       0x10 hpl/mcan/hpl_mcan.o
 .rodata.str1.4
                0x004029ac       0x13 hpl/tc/hpl_tc.o
 *fill*         0x004029bf        0x1 
 .rodata        0x004029c0        0xc hpl/usart/hpl_usart.o
 .rodata.str1.4
                0x004029cc       0x19 hpl/usart/hpl_usart.o
 *fill*         0x004029e5        0x3 
 .rodata.str1.4
                0x004029e8       0xc4 main.o
                                 0xc2 (size before relaxing)
 .rodata._global_impure_ptr
                0x00402aac        0x4 c:/program files (x86)/atmel/studio/7.0/toolchain/arm/arm-gnu-toolchain/bin/../lib/gcc/arm-none-eabi/6.3.1/../../../../arm-none-eabi/lib/thumb/v7e-m\libc_nano.a(lib_a-impure.o)
                0x00402aac                _global_impure_ptr
 .rodata.__sf_fake_stderr
                0x00402ab0       0x20 c:/program files (x86)/atmel/studio/7.0/toolchain/arm/arm-gnu-toolchain/bin/../lib/gcc/arm-none-eabi/6.3.1/../../../../arm-none-eabi/lib/thumb/v7e-m\libc_nano.a(lib_a-findfp.o)
                0x00402ab0                __sf_fake_stderr
 .rodata.__sf_fake_stdin
                0x00402ad0       0x20 c:/program files (x86)/atmel/studio/7.0/toolchain/arm/arm-gnu-toolchain/bin/../lib/gcc/arm-none-eabi/6.3.1/../../../../arm-none-eabi/lib/thumb/v7e-m\libc_nano.a(lib_a-findfp.o)
                0x00402ad0                __sf_fake_stdin
 .rodata.__sf_fake_stdout
                0x00402af0       0x20 c:/program files (x86)/atmel/studio/7.0/toolchain/arm/arm-gnu-toolchain/bin/../lib/gcc/arm-none-eabi/6.3.1/../../../../arm-none-eabi/lib/thumb/v7e-m\libc_nano.a(lib_a-findfp.o)
                0x00402af0                __sf_fake_stdout
 .rodata._vfprintf_r.str1.1
                0x00402b10       0x11 c:/program files (x86)/atmel/studio/7.0/toolchain/arm/arm-gnu-toolchain/bin/../lib/gcc/arm-none-eabi/6.3.1/../../../../arm-none-eabi/lib/thumb/v7e-m\libc_nano.a(lib_a-nano-vfprintf.o)
 .rodata._printf_i.str1.1
                0x00402b21       0x22 c:/program files (x86)/atmel/studio/7.0/toolchain/arm/arm-gnu-toolchain/bin/../lib/gcc/arm-none-eabi/6.3.1/../../../../arm-none-eabi/lib/thumb/v7e-m\libc_nano.a(lib_a-nano-vfprintf_i.o)
 *(.ARM.extab* .gnu.linkonce.armextab.*)
                0x00402b44                . = ALIGN (0x4)
 *fill*         0x00402b43        0x1 
 *(.init)
 .init          0x00402b44        0x4 c:/program files (x86)/atmel/studio/7.0/toolchain/arm/arm-gnu-toolchain/bin/../lib/gcc/arm-none-eabi/6.3.1/thumb/v7e-m/crti.o
                0x00402b44                _init
 .init          0x00402b48        0x8 c:/program files (x86)/atmel/studio/7.0/toolchain/arm/arm-gnu-toolchain/bin/../lib/gcc/arm-none-eabi/6.3.1/thumb/v7e-m/crtn.o
                0x00402b50                . = ALIGN (0x4)
                0x00402b50                __preinit_array_start = .
 *(.preinit_array)
                0x00402b50                __preinit_array_end = .
                0x00402b50                . = ALIGN (0x4)
                0x00402b50                __init_array_start = .
 *(SORT(.init_array.*))
 *(.init_array)
 .init_array    0x00402b50        0x4 c:/program files (x86)/atmel/studio/7.0/toolchain/arm/arm-gnu-toolchain/bin/../lib/gcc/arm-none-eabi/6.3.1/thumb/v7e-m/crtbegin.o
                0x00402b54                __init_array_end = .
                0x00402b54                . = ALIGN (0x4)
 *crtbegin.o(.ctors)
 *(EXCLUDE_FILE(*crtend.o) .ctors)
 *(SORT(.ctors.*))
 *crtend.o(.ctors)
                0x00402b54                . = ALIGN (0x4)
 *(.fini)
 .fini          0x00402b54        0x4 c:/program files (x86)/atmel/studio/7.0/toolchain/arm/arm-gnu-toolchain/bin/../lib/gcc/arm-none-eabi/6.3.1/thumb/v7e-m/crti.o
                0x00402b54                _fini
 .fini          0x00402b58        0x8 c:/program files (x86)/atmel/studio/7.0/toolchain/arm/arm-gnu-toolchain/bin/../lib/gcc/arm-none-eabi/6.3.1/thumb/v7e-m/crtn.o
                0x00402b60                . = ALIGN (0x4)
                0x00402b60                __fini_array_start = .
 *(.fini_array)
 .fini_array    0x00402b60        0x4 c:/program files (x86)/atmel/studio/7.0/toolchain/arm/arm-gnu-toolchain/bin/../lib/gcc/arm-none-eabi/6.3.1/thumb/v7e-m/crtbegin.o
 *(SORT(.fini_array.*))
                0x00402b64                __fini_array_end = .
 *crtbegin.o(.dtors)
 *(EXCLUDE_FILE(*crtend.o) .dtors)
 *(SORT(.dtors.*))
 *crtend.o(.dtors)
                0x00402b64                . = ALIGN (0x4)
                0x00402b64                _efixed = .
                [!provide]                PROVIDE (__exidx_start, .)

.vfp11_veneer   0x00402b64        0x0
 .vfp11_veneer  0x00402b64        0x0 linker stubs

.v4_bx          0x00402b64        0x0
 .v4_bx         0x00402b64        0x0 linker stubs

.iplt           0x00402b64        0x0
 .iplt          0x00402b64        0x0 c:/program files (x86)/atmel/studio/7.0/toolchain/arm/arm-gnu-toolchain/bin/../lib/gcc/arm-none-eabi/6.3.1/thumb/v7e-m/crtbegin.o

.eh_frame       0x00402b64        0x0
 .eh_frame      0x00402b64        0x0 c:/program files (x86)/atmel/studio/7.0/toolchain/arm/arm-gnu-toolchain/bin/../lib/gcc/arm-none-eabi/6.3.1/thumb/v7e-m/crtbegin.o

.rel.dyn        0x00402b64        0x0
 .rel.iplt      0x00402b64        0x0 c:/program files (x86)/atmel/studio/7.0/toolchain/arm/arm-gnu-toolchain/bin/../lib/gcc/arm-none-eabi/6.3.1/thumb/v7e-m/crtbegin.o

.jcr            0x00402b64        0x0
 .jcr           0x00402b64        0x0 c:/program files (x86)/atmel/studio/7.0/toolchain/arm/arm-gnu-toolchain/bin/../lib/gcc/arm-none-eabi/6.3.1/thumb/v7e-m/crtbegin.o

.igot.plt       0x00402b64        0x0
 .igot.plt      0x00402b64        0x0 c:/program files (x86)/atmel/studio/7.0/toolchain/arm/arm-gnu-toolchain/bin/../lib/gcc/arm-none-eabi/6.3.1/thumb/v7e-m/crtbegin.o

.ARM.exidx
 *(.ARM.exidx* .gnu.linkonce.armexidx.*)
                [!provide]                PROVIDE (__exidx_end, .)
                0x00402b64                . = ALIGN (0x4)
                0x00402b64                _etext = .

.relocate       0x20400000       0xb0 load address 0x00402b64
                0x20400000                . = ALIGN (0x4)
                0x20400000                _srelocate = .
 *(.ramfunc .ramfunc.*)
 *(.data .data.*)
 .data          0x20400000       0x28 hpl/mcan/hpl_mcan.o
                0x20400000                _can0_context
                0x20400014                _can1_context
 .data          0x20400028       0x24 hpl/tc/hpl_tc.o
 .data._impure_ptr
                0x2040004c        0x4 c:/program files (x86)/atmel/studio/7.0/toolchain/arm/arm-gnu-toolchain/bin/../lib/gcc/arm-none-eabi/6.3.1/../../../../arm-none-eabi/lib/thumb/v7e-m\libc_nano.a(lib_a-impure.o)
                0x2040004c                _impure_ptr
 .data.impure_data
                0x20400050       0x60 c:/program files (x86)/atmel/studio/7.0/toolchain/arm/arm-gnu-toolchain/bin/../lib/gcc/arm-none-eabi/6.3.1/../../../../arm-none-eabi/lib/thumb/v7e-m\libc_nano.a(lib_a-impure.o)
                0x204000b0                . = ALIGN (0x4)
                0x204000b0                _erelocate = .

.bss            0x204000b0      0x2b4 load address 0x00402c14
                0x204000b0                . = ALIGN (0x4)
                0x204000b0                _sbss = .
                0x204000b0                _szero = .
 *(.bss .bss.*)
 .bss           0x204000b0       0x1c c:/program files (x86)/atmel/studio/7.0/toolchain/arm/arm-gnu-toolchain/bin/../lib/gcc/arm-none-eabi/6.3.1/thumb/v7e-m/crtbegin.o
 .bss           0x204000cc        0x4 hal/src/hal_delay.o
 .bss           0x204000d0        0x4 hal/utils/src/utils_syscalls.o
 .bss           0x204000d4       0x58 hpl/mcan/hpl_mcan.o
 .bss           0x2040012c        0x4 hpl/tc/hpl_tc.o
 .bss           0x20400130       0x29 main.o
                0x20400158                sender
 *fill*         0x20400159        0x3 
 .bss           0x2040015c        0x4 stdio_redirect/stdio_io.o
 .bss.__malloc_free_list
                0x20400160        0x4 c:/program files (x86)/atmel/studio/7.0/toolchain/arm/arm-gnu-toolchain/bin/../lib/gcc/arm-none-eabi/6.3.1/../../../../arm-none-eabi/lib/thumb/v7e-m\libc_nano.a(lib_a-nano-mallocr.o)
                0x20400160                __malloc_free_list
 .bss.__malloc_sbrk_start
                0x20400164        0x4 c:/program files (x86)/atmel/studio/7.0/toolchain/arm/arm-gnu-toolchain/bin/../lib/gcc/arm-none-eabi/6.3.1/../../../../arm-none-eabi/lib/thumb/v7e-m\libc_nano.a(lib_a-nano-mallocr.o)
                0x20400164                __malloc_sbrk_start
 *(COMMON)
 COMMON         0x20400168       0x78 driver_init.o
                0x20400168                CAN_0
                0x20400190                TARGET_IO
                0x2040019c                CAN_1
                0x204001c4                TIMER_0
 COMMON         0x204001e0      0x180 hpl/mcan/hpl_mcan.o
                0x204001e0                can0_rx_fifo
                0x20400240                can1_tx_fifo
                0x204002a0                can1_rx_fifo
                0x20400300                can0_tx_fifo
 COMMON         0x20400360        0x4 c:/program files (x86)/atmel/studio/7.0/toolchain/arm/arm-gnu-toolchain/bin/../lib/gcc/arm-none-eabi/6.3.1/../../../../arm-none-eabi/lib/thumb/v7e-m\libc_nano.a(lib_a-reent.o)
                0x20400360                errno
                0x20400364                . = ALIGN (0x4)
                0x20400364                _ebss = .
                0x20400364                _ezero = .

.heap           0x20400364      0x204 load address 0x00402ec8
                0x20400368                . = ALIGN (0x8)
 *fill*         0x20400364        0x4 
                0x20400368                _sheap = .
                0x20400568                . = (. + HEAP_SIZE)
 *fill*         0x20400368      0x200 
                0x20400568                . = ALIGN (0x8)
                0x20400568                _eheap = .

.stack          0x20400568      0x400 load address 0x004030cc
                0x20400568                . = ALIGN (0x8)
                0x20400568                _sstack = .
                0x20400968                . = (. + STACK_SIZE)
 *fill*         0x20400568      0x400 
                0x20400968                . = ALIGN (0x8)
                0x20400968                _estack = .
                0x20400968                . = ALIGN (0x4)
                0x20400968                _end = .
                0x2045ffff                _ram_end_ = ((ORIGIN (ram) + LENGTH (ram)) - 0x1)
OUTPUT(CAN_ASF4_Test.elf elf32-littlearm)

.ARM.attributes
                0x00000000       0x2e
 .ARM.attributes
                0x00000000       0x1e c:/program files (x86)/atmel/studio/7.0/toolchain/arm/arm-gnu-toolchain/bin/../lib/gcc/arm-none-eabi/6.3.1/thumb/v7e-m/crti.o
 .ARM.attributes
                0x0000001e       0x2e c:/program files (x86)/atmel/studio/7.0/toolchain/arm/arm-gnu-toolchain/bin/../lib/gcc/arm-none-eabi/6.3.1/thumb/v7e-m/crtbegin.o
 .ARM.attributes
                0x0000004c       0x37 atmel_start.o
 .ARM.attributes
                0x00000083       0x37 Device_Startup/startup_samv71q21b.o
 .ARM.attributes
                0x000000ba       0x37 driver_init.o
 .ARM.attributes
                0x000000f1       0x37 hal/src/hal_atomic.o
 .ARM.attributes
                0x00000128       0x37 hal/src/hal_can_async.o
 .ARM.attributes
                0x0000015f       0x37 hal/src/hal_delay.o
 .ARM.attributes
                0x00000196       0x37 hal/src/hal_io.o
 .ARM.attributes
                0x000001cd       0x37 hal/src/hal_timer.o
 .ARM.attributes
                0x00000204       0x37 hal/src/hal_usart_sync.o
 .ARM.attributes
                0x0000023b       0x37 hal/utils/src/utils_assert.o
 .ARM.attributes
                0x00000272       0x37 hal/utils/src/utils_list.o
 .ARM.attributes
                0x000002a9       0x37 hal/utils/src/utils_syscalls.o
 .ARM.attributes
                0x000002e0       0x37 hpl/core/hpl_core_m7_base.o
 .ARM.attributes
                0x00000317       0x37 hpl/core/hpl_init.o
 .ARM.attributes
                0x0000034e       0x37 hpl/mcan/hpl_mcan.o
 .ARM.attributes
                0x00000385       0x37 hpl/pmc/hpl_pmc.o
 .ARM.attributes
                0x000003bc       0x37 hpl/tc/hpl_tc.o
 .ARM.attributes
                0x000003f3       0x37 hpl/usart/hpl_usart.o
 .ARM.attributes
                0x0000042a       0x37 main.o
 .ARM.attributes
                0x00000461       0x37 stdio_redirect/gcc/read.o
 .ARM.attributes
                0x00000498       0x37 stdio_redirect/gcc/write.o
 .ARM.attributes
                0x000004cf       0x37 stdio_redirect/stdio_io.o
 .ARM.attributes
                0x00000506       0x37 stdio_start.o
 .ARM.attributes
                0x0000053d       0x2e c:/program files (x86)/atmel/studio/7.0/toolchain/arm/arm-gnu-toolchain/bin/../lib/gcc/arm-none-eabi/6.3.1/../../../../arm-none-eabi/lib/thumb/v7e-m\libc_nano.a(lib_a-impure.o)
 .ARM.attributes
                0x0000056b       0x2e c:/program files (x86)/atmel/studio/7.0/toolchain/arm/arm-gnu-toolchain/bin/../lib/gcc/arm-none-eabi/6.3.1/../../../../arm-none-eabi/lib/thumb/v7e-m\libc_nano.a(lib_a-init.o)
 .ARM.attributes
                0x00000599       0x2e c:/program files (x86)/atmel/studio/7.0/toolchain/arm/arm-gnu-toolchain/bin/../lib/gcc/arm-none-eabi/6.3.1/../../../../arm-none-eabi/lib/thumb/v7e-m\libc_nano.a(lib_a-memcpy-stub.o)
 .ARM.attributes
                0x000005c7       0x2e c:/program files (x86)/atmel/studio/7.0/toolchain/arm/arm-gnu-toolchain/bin/../lib/gcc/arm-none-eabi/6.3.1/../../../../arm-none-eabi/lib/thumb/v7e-m\libc_nano.a(lib_a-memset.o)
 .ARM.attributes
                0x000005f5       0x2e c:/program files (x86)/atmel/studio/7.0/toolchain/arm/arm-gnu-toolchain/bin/../lib/gcc/arm-none-eabi/6.3.1/../../../../arm-none-eabi/lib/thumb/v7e-m\libc_nano.a(lib_a-printf.o)
 .ARM.attributes
                0x00000623       0x2e c:/program files (x86)/atmel/studio/7.0/toolchain/arm/arm-gnu-toolchain/bin/../lib/gcc/arm-none-eabi/6.3.1/../../../../arm-none-eabi/lib/thumb/v7e-m\libc_nano.a(lib_a-puts.o)
 .ARM.attributes
                0x00000651       0x2e c:/program files (x86)/atmel/studio/7.0/toolchain/arm/arm-gnu-toolchain/bin/../lib/gcc/arm-none-eabi/6.3.1/../../../../arm-none-eabi/lib/thumb/v7e-m\libc_nano.a(lib_a-setbuf.o)
 .ARM.attributes
                0x0000067f       0x2e c:/program files (x86)/atmel/studio/7.0/toolchain/arm/arm-gnu-toolchain/bin/../lib/gcc/arm-none-eabi/6.3.1/../../../../arm-none-eabi/lib/thumb/v7e-m\libc_nano.a(lib_a-setvbuf.o)
 .ARM.attributes
                0x000006ad       0x2e c:/program files (x86)/atmel/studio/7.0/toolchain/arm/arm-gnu-toolchain/bin/../lib/gcc/arm-none-eabi/6.3.1/../../../../arm-none-eabi/lib/thumb/v7e-m\libc_nano.a(lib_a-wbuf.o)
 .ARM.attributes
                0x000006db       0x2e c:/program files (x86)/atmel/studio/7.0/toolchain/arm/arm-gnu-toolchain/bin/../lib/gcc/arm-none-eabi/6.3.1/../../../../arm-none-eabi/lib/thumb/v7e-m\libc_nano.a(lib_a-wsetup.o)
 .ARM.attributes
                0x00000709       0x2e c:/program files (x86)/atmel/studio/7.0/toolchain/arm/arm-gnu-toolchain/bin/../lib/gcc/arm-none-eabi/6.3.1/../../../../arm-none-eabi/lib/thumb/v7e-m\libc_nano.a(lib_a-fflush.o)
 .ARM.attributes
                0x00000737       0x2e c:/program files (x86)/atmel/studio/7.0/toolchain/arm/arm-gnu-toolchain/bin/../lib/gcc/arm-none-eabi/6.3.1/../../../../arm-none-eabi/lib/thumb/v7e-m\libc_nano.a(lib_a-findfp.o)
 .ARM.attributes
                0x00000765       0x2e c:/program files (x86)/atmel/studio/7.0/toolchain/arm/arm-gnu-toolchain/bin/../lib/gcc/arm-none-eabi/6.3.1/../../../../arm-none-eabi/lib/thumb/v7e-m\libc_nano.a(lib_a-fwalk.o)
 .ARM.attributes
                0x00000793       0x2e c:/program files (x86)/atmel/studio/7.0/toolchain/arm/arm-gnu-toolchain/bin/../lib/gcc/arm-none-eabi/6.3.1/../../../../arm-none-eabi/lib/thumb/v7e-m\libc_nano.a(lib_a-makebuf.o)
 .ARM.attributes
                0x000007c1       0x2e c:/program files (x86)/atmel/studio/7.0/toolchain/arm/arm-gnu-toolchain/bin/../lib/gcc/arm-none-eabi/6.3.1/../../../../arm-none-eabi/lib/thumb/v7e-m\libc_nano.a(lib_a-malloc.o)
 .ARM.attributes
                0x000007ef       0x2e c:/program files (x86)/atmel/studio/7.0/toolchain/arm/arm-gnu-toolchain/bin/../lib/gcc/arm-none-eabi/6.3.1/../../../../arm-none-eabi/lib/thumb/v7e-m\libc_nano.a(lib_a-nano-freer.o)
 .ARM.attributes
                0x0000081d       0x2e c:/program files (x86)/atmel/studio/7.0/toolchain/arm/arm-gnu-toolchain/bin/../lib/gcc/arm-none-eabi/6.3.1/../../../../arm-none-eabi/lib/thumb/v7e-m\libc_nano.a(lib_a-nano-mallocr.o)
 .ARM.attributes
                0x0000084b       0x2e c:/program files (x86)/atmel/studio/7.0/toolchain/arm/arm-gnu-toolchain/bin/../lib/gcc/arm-none-eabi/6.3.1/../../../../arm-none-eabi/lib/thumb/v7e-m\libc_nano.a(lib_a-nano-vfprintf.o)
 .ARM.attributes
                0x00000879       0x2e c:/program files (x86)/atmel/studio/7.0/toolchain/arm/arm-gnu-toolchain/bin/../lib/gcc/arm-none-eabi/6.3.1/../../../../arm-none-eabi/lib/thumb/v7e-m\libc_nano.a(lib_a-nano-vfprintf_i.o)
 .ARM.attributes
                0x000008a7       0x2e c:/program files (x86)/atmel/studio/7.0/toolchain/arm/arm-gnu-toolchain/bin/../lib/gcc/arm-none-eabi/6.3.1/../../../../arm-none-eabi/lib/thumb/v7e-m\libc_nano.a(lib_a-sbrkr.o)
 .ARM.attributes
                0x000008d5       0x2e c:/program files (x86)/atmel/studio/7.0/toolchain/arm/arm-gnu-toolchain/bin/../lib/gcc/arm-none-eabi/6.3.1/../../../../arm-none-eabi/lib/thumb/v7e-m\libc_nano.a(lib_a-stdio.o)
 .ARM.attributes
                0x00000903       0x2e c:/program files (x86)/atmel/studio/7.0/toolchain/arm/arm-gnu-toolchain/bin/../lib/gcc/arm-none-eabi/6.3.1/../../../../arm-none-eabi/lib/thumb/v7e-m\libc_nano.a(lib_a-writer.o)
 .ARM.attributes
                0x00000931       0x2e c:/program files (x86)/atmel/studio/7.0/toolchain/arm/arm-gnu-toolchain/bin/../lib/gcc/arm-none-eabi/6.3.1/../../../../arm-none-eabi/lib/thumb/v7e-m\libc_nano.a(lib_a-closer.o)
 .ARM.attributes
                0x0000095f       0x2e c:/program files (x86)/atmel/studio/7.0/toolchain/arm/arm-gnu-toolchain/bin/../lib/gcc/arm-none-eabi/6.3.1/../../../../arm-none-eabi/lib/thumb/v7e-m\libc_nano.a(lib_a-fstatr.o)
 .ARM.attributes
                0x0000098d       0x2e c:/program files (x86)/atmel/studio/7.0/toolchain/arm/arm-gnu-toolchain/bin/../lib/gcc/arm-none-eabi/6.3.1/../../../../arm-none-eabi/lib/thumb/v7e-m\libc_nano.a(lib_a-isattyr.o)
 .ARM.attributes
                0x000009bb       0x2e c:/program files (x86)/atmel/studio/7.0/toolchain/arm/arm-gnu-toolchain/bin/../lib/gcc/arm-none-eabi/6.3.1/../../../../arm-none-eabi/lib/thumb/v7e-m\libc_nano.a(lib_a-lseekr.o)
 .ARM.attributes
                0x000009e9       0x1c c:/program files (x86)/atmel/studio/7.0/toolchain/arm/arm-gnu-toolchain/bin/../lib/gcc/arm-none-eabi/6.3.1/../../../../arm-none-eabi/lib/thumb/v7e-m\libc_nano.a(lib_a-memchr.o)
 .ARM.attributes
                0x00000a05       0x2e c:/program files (x86)/atmel/studio/7.0/toolchain/arm/arm-gnu-toolchain/bin/../lib/gcc/arm-none-eabi/6.3.1/../../../../arm-none-eabi/lib/thumb/v7e-m\libc_nano.a(lib_a-mlock.o)
 .ARM.attributes
                0x00000a33       0x2e c:/program files (x86)/atmel/studio/7.0/toolchain/arm/arm-gnu-toolchain/bin/../lib/gcc/arm-none-eabi/6.3.1/../../../../arm-none-eabi/lib/thumb/v7e-m\libc_nano.a(lib_a-readr.o)
 .ARM.attributes
                0x00000a61       0x2e c:/program files (x86)/atmel/studio/7.0/toolchain/arm/arm-gnu-toolchain/bin/../lib/gcc/arm-none-eabi/6.3.1/../../../../arm-none-eabi/lib/thumb/v7e-m\libc_nano.a(lib_a-reent.o)
 .ARM.attributes
                0x00000a8f       0x1e c:/program files (x86)/atmel/studio/7.0/toolchain/arm/arm-gnu-toolchain/bin/../lib/gcc/arm-none-eabi/6.3.1/thumb/v7e-m/crtn.o

.comment        0x00000000       0x59
 .comment       0x00000000       0x59 atmel_start.o
                                 0x5a (size before relaxing)
 .comment       0x00000059       0x5a Device_Startup/startup_samv71q21b.o
 .comment       0x00000059       0x5a driver_init.o
 .comment       0x00000059       0x5a hal/src/hal_atomic.o
 .comment       0x00000059       0x5a hal/src/hal_can_async.o
 .comment       0x00000059       0x5a hal/src/hal_delay.o
 .comment       0x00000059       0x5a hal/src/hal_io.o
 .comment       0x00000059       0x5a hal/src/hal_timer.o
 .comment       0x00000059       0x5a hal/src/hal_usart_sync.o
 .comment       0x00000059       0x5a hal/utils/src/utils_assert.o
 .comment       0x00000059       0x5a hal/utils/src/utils_list.o
 .comment       0x00000059       0x5a hal/utils/src/utils_syscalls.o
 .comment       0x00000059       0x5a hpl/core/hpl_core_m7_base.o
 .comment       0x00000059       0x5a hpl/core/hpl_init.o
 .comment       0x00000059       0x5a hpl/mcan/hpl_mcan.o
 .comment       0x00000059       0x5a hpl/pmc/hpl_pmc.o
 .comment       0x00000059       0x5a hpl/tc/hpl_tc.o
 .comment       0x00000059       0x5a hpl/usart/hpl_usart.o
 .comment       0x00000059       0x5a main.o
 .comment       0x00000059       0x5a stdio_redirect/gcc/read.o
 .comment       0x00000059       0x5a stdio_redirect/gcc/write.o
 .comment       0x00000059       0x5a stdio_redirect/stdio_io.o
 .comment       0x00000059       0x5a stdio_start.o

.debug_info     0x00000000    0x165d1
 .debug_info    0x00000000      0xe03 atmel_start.o
 .debug_info    0x00000e03      0xb34 Device_Startup/startup_samv71q21b.o
 .debug_info    0x00001937     0x2375 driver_init.o
 .debug_info    0x00003cac      0x1fa hal/src/hal_atomic.o
 .debug_info    0x00003ea6      0xaf0 hal/src/hal_can_async.o
 .debug_info    0x00004996      0x205 hal/src/hal_delay.o
 .debug_info    0x00004b9b      0x311 hal/src/hal_io.o
 .debug_info    0x00004eac      0xc5c hal/src/hal_timer.o
 .debug_info    0x00005b08      0xd3b hal/src/hal_usart_sync.o
 .debug_info    0x00006843      0x130 hal/utils/src/utils_assert.o
 .debug_info    0x00006973      0x33e hal/utils/src/utils_list.o
 .debug_info    0x00006cb1      0xdca hal/utils/src/utils_syscalls.o
 .debug_info    0x00007a7b      0xd99 hpl/core/hpl_core_m7_base.o
 .debug_info    0x00008814      0x6be hpl/core/hpl_init.o
 .debug_info    0x00008ed2     0x2e86 hpl/mcan/hpl_mcan.o
 .debug_info    0x0000bd58      0x9a2 hpl/pmc/hpl_pmc.o
 .debug_info    0x0000c6fa     0x139c hpl/tc/hpl_tc.o
 .debug_info    0x0000da96     0x32b9 hpl/usart/hpl_usart.o
 .debug_info    0x00010d4f     0x297d main.o
 .debug_info    0x000136cc      0xa5d stdio_redirect/gcc/read.o
 .debug_info    0x00014129      0xa5d stdio_redirect/gcc/write.o
 .debug_info    0x00014b86      0xbf7 stdio_redirect/stdio_io.o
 .debug_info    0x0001577d      0xe54 stdio_start.o

.debug_abbrev   0x00000000     0x33b0
 .debug_abbrev  0x00000000      0x1ce atmel_start.o
 .debug_abbrev  0x000001ce      0x153 Device_Startup/startup_samv71q21b.o
 .debug_abbrev  0x00000321      0x30b driver_init.o
 .debug_abbrev  0x0000062c      0x155 hal/src/hal_atomic.o
 .debug_abbrev  0x00000781      0x1a3 hal/src/hal_can_async.o
 .debug_abbrev  0x00000924       0xf9 hal/src/hal_delay.o
 .debug_abbrev  0x00000a1d      0x12d hal/src/hal_io.o
 .debug_abbrev  0x00000b4a      0x232 hal/src/hal_timer.o
 .debug_abbrev  0x00000d7c      0x22f hal/src/hal_usart_sync.o
 .debug_abbrev  0x00000fab       0x9e hal/utils/src/utils_assert.o
 .debug_abbrev  0x00001049      0x186 hal/utils/src/utils_list.o
 .debug_abbrev  0x000011cf      0x269 hal/utils/src/utils_syscalls.o
 .debug_abbrev  0x00001438      0x2b1 hpl/core/hpl_core_m7_base.o
 .debug_abbrev  0x000016e9      0x1e7 hpl/core/hpl_init.o
 .debug_abbrev  0x000018d0      0x4a2 hpl/mcan/hpl_mcan.o
 .debug_abbrev  0x00001d72      0x1b5 hpl/pmc/hpl_pmc.o
 .debug_abbrev  0x00001f27      0x38a hpl/tc/hpl_tc.o
 .debug_abbrev  0x000022b1      0x42d hpl/usart/hpl_usart.o
 .debug_abbrev  0x000026de      0x4c8 main.o
 .debug_abbrev  0x00002ba6      0x1ef stdio_redirect/gcc/read.o
 .debug_abbrev  0x00002d95      0x1ef stdio_redirect/gcc/write.o
 .debug_abbrev  0x00002f84      0x230 stdio_redirect/stdio_io.o
 .debug_abbrev  0x000031b4      0x1fc stdio_start.o

.debug_loc      0x00000000     0x64b0
 .debug_loc     0x00000000       0x20 atmel_start.o
 .debug_loc     0x00000020       0x78 Device_Startup/startup_samv71q21b.o
 .debug_loc     0x00000098      0x407 driver_init.o
 .debug_loc     0x0000049f       0x13 hal/src/hal_atomic.o
 .debug_loc     0x000004b2      0x603 hal/src/hal_can_async.o
 .debug_loc     0x00000ab5       0xc3 hal/src/hal_delay.o
 .debug_loc     0x00000b78      0x132 hal/src/hal_io.o
 .debug_loc     0x00000caa      0x5fb hal/src/hal_timer.o
 .debug_loc     0x000012a5      0x8b2 hal/src/hal_usart_sync.o
 .debug_loc     0x00001b57      0x24b hal/utils/src/utils_list.o
 .debug_loc     0x00001da2      0x13b hal/utils/src/utils_syscalls.o
 .debug_loc     0x00001edd      0x23a hpl/core/hpl_core_m7_base.o
 .debug_loc     0x00002117       0x77 hpl/core/hpl_init.o
 .debug_loc     0x0000218e      0xee2 hpl/mcan/hpl_mcan.o
 .debug_loc     0x00003070      0x24a hpl/pmc/hpl_pmc.o
 .debug_loc     0x000032ba      0x65b hpl/tc/hpl_tc.o
 .debug_loc     0x00003915     0x1f4a hpl/usart/hpl_usart.o
 .debug_loc     0x0000585f      0x89a main.o
 .debug_loc     0x000060f9       0xff stdio_redirect/gcc/read.o
 .debug_loc     0x000061f8       0xf3 stdio_redirect/gcc/write.o
 .debug_loc     0x000062eb      0x185 stdio_redirect/stdio_io.o
 .debug_loc     0x00006470       0x40 stdio_start.o

.debug_aranges  0x00000000      0x8d0
 .debug_aranges
                0x00000000       0x20 atmel_start.o
 .debug_aranges
                0x00000020       0x28 Device_Startup/startup_samv71q21b.o
 .debug_aranges
                0x00000048       0x78 driver_init.o
 .debug_aranges
                0x000000c0       0x30 hal/src/hal_atomic.o
 .debug_aranges
                0x000000f0       0x90 hal/src/hal_can_async.o
 .debug_aranges
                0x00000180       0x38 hal/src/hal_delay.o
 .debug_aranges
                0x000001b8       0x30 hal/src/hal_io.o
 .debug_aranges
                0x000001e8       0x70 hal/src/hal_timer.o
 .debug_aranges
                0x00000258       0xa8 hal/src/hal_usart_sync.o
 .debug_aranges
                0x00000300       0x20 hal/utils/src/utils_assert.o
 .debug_aranges
                0x00000320       0x48 hal/utils/src/utils_list.o
 .debug_aranges
                0x00000368       0x60 hal/utils/src/utils_syscalls.o
 .debug_aranges
                0x000003c8       0x80 hpl/core/hpl_core_m7_base.o
 .debug_aranges
                0x00000448       0x20 hpl/core/hpl_init.o
 .debug_aranges
                0x00000468       0x88 hpl/mcan/hpl_mcan.o
 .debug_aranges
                0x000004f0       0x38 hpl/pmc/hpl_pmc.o
 .debug_aranges
                0x00000528       0x88 hpl/tc/hpl_tc.o
 .debug_aranges
                0x000005b0      0x1c8 hpl/usart/hpl_usart.o
 .debug_aranges
                0x00000778       0xb8 main.o
 .debug_aranges
                0x00000830       0x20 stdio_redirect/gcc/read.o
 .debug_aranges
                0x00000850       0x20 stdio_redirect/gcc/write.o
 .debug_aranges
                0x00000870       0x38 stdio_redirect/stdio_io.o
 .debug_aranges
                0x000008a8       0x28 stdio_start.o

.debug_ranges   0x00000000      0x790
 .debug_ranges  0x00000000       0x10 atmel_start.o
 .debug_ranges  0x00000010       0x18 Device_Startup/startup_samv71q21b.o
 .debug_ranges  0x00000028       0x68 driver_init.o
 .debug_ranges  0x00000090       0x20 hal/src/hal_atomic.o
 .debug_ranges  0x000000b0       0x80 hal/src/hal_can_async.o
 .debug_ranges  0x00000130       0x28 hal/src/hal_delay.o
 .debug_ranges  0x00000158       0x20 hal/src/hal_io.o
 .debug_ranges  0x00000178       0x90 hal/src/hal_timer.o
 .debug_ranges  0x00000208       0x98 hal/src/hal_usart_sync.o
 .debug_ranges  0x000002a0       0x10 hal/utils/src/utils_assert.o
 .debug_ranges  0x000002b0       0x38 hal/utils/src/utils_list.o
 .debug_ranges  0x000002e8       0x50 hal/utils/src/utils_syscalls.o
 .debug_ranges  0x00000338       0x70 hpl/core/hpl_core_m7_base.o
 .debug_ranges  0x000003a8       0x10 hpl/core/hpl_init.o
 .debug_ranges  0x000003b8       0x78 hpl/mcan/hpl_mcan.o
 .debug_ranges  0x00000430       0x28 hpl/pmc/hpl_pmc.o
 .debug_ranges  0x00000458       0x78 hpl/tc/hpl_tc.o
 .debug_ranges  0x000004d0      0x1b8 hpl/usart/hpl_usart.o
 .debug_ranges  0x00000688       0xa8 main.o
 .debug_ranges  0x00000730       0x10 stdio_redirect/gcc/read.o
 .debug_ranges  0x00000740       0x10 stdio_redirect/gcc/write.o
 .debug_ranges  0x00000750       0x28 stdio_redirect/stdio_io.o
 .debug_ranges  0x00000778       0x18 stdio_start.o

.debug_macro    0x00000000    0x40b82
 .debug_macro   0x00000000      0x8f7 atmel_start.o
 .debug_macro   0x000008f7      0x8b0 atmel_start.o
 .debug_macro   0x000011a7      0x16d atmel_start.o
 .debug_macro   0x00001314       0x22 atmel_start.o
 .debug_macro   0x00001336       0x87 atmel_start.o
 .debug_macro   0x000013bd       0x51 atmel_start.o
 .debug_macro   0x0000140e       0xef atmel_start.o
 .debug_macro   0x000014fd       0x6a atmel_start.o
 .debug_macro   0x00001567      0x1df atmel_start.o
 .debug_macro   0x00001746       0x22 atmel_start.o
 .debug_macro   0x00001768       0xd7 atmel_start.o
 .debug_macro   0x0000183f       0x1c atmel_start.o
 .debug_macro   0x0000185b       0x22 atmel_start.o
 .debug_macro   0x0000187d       0xdf atmel_start.o
 .debug_macro   0x0000195c     0x12cd atmel_start.o
 .debug_macro   0x00002c29      0x11f atmel_start.o
 .debug_macro   0x00002d48       0x19 atmel_start.o
 .debug_macro   0x00002d61      0x3e2 atmel_start.o
 .debug_macro   0x00003143      0x5a9 atmel_start.o
 .debug_macro   0x000036ec     0x1797 atmel_start.o
 .debug_macro   0x00004e83      0x3bb atmel_start.o
 .debug_macro   0x0000523e      0x830 atmel_start.o
 .debug_macro   0x00005a6e      0x316 atmel_start.o
 .debug_macro   0x00005d84     0x269d atmel_start.o
 .debug_macro   0x00008421       0x40 atmel_start.o
 .debug_macro   0x00008461     0x105e atmel_start.o
 .debug_macro   0x000094bf      0x60b atmel_start.o
 .debug_macro   0x00009aca      0x555 atmel_start.o
 .debug_macro   0x0000a01f      0xb8f atmel_start.o
 .debug_macro   0x0000abae      0x62e atmel_start.o
 .debug_macro   0x0000b1dc     0x3ac9 atmel_start.o
 .debug_macro   0x0000eca5      0x6bf atmel_start.o
 .debug_macro   0x0000f364     0x83ff atmel_start.o
 .debug_macro   0x00017763     0x326e atmel_start.o
 .debug_macro   0x0001a9d1     0x24d0 atmel_start.o
 .debug_macro   0x0001cea1      0x87f atmel_start.o
 .debug_macro   0x0001d720      0x17d atmel_start.o
 .debug_macro   0x0001d89d      0x118 atmel_start.o
 .debug_macro   0x0001d9b5      0x909 atmel_start.o
 .debug_macro   0x0001e2be      0x125 atmel_start.o
 .debug_macro   0x0001e3e3      0x503 atmel_start.o
 .debug_macro   0x0001e8e6      0x3e0 atmel_start.o
 .debug_macro   0x0001ecc6      0x709 atmel_start.o
 .debug_macro   0x0001f3cf      0xb64 atmel_start.o
 .debug_macro   0x0001ff33      0xf03 atmel_start.o
 .debug_macro   0x00020e36      0xff2 atmel_start.o
 .debug_macro   0x00021e28      0x1a8 atmel_start.o
 .debug_macro   0x00021fd0      0x124 atmel_start.o
 .debug_macro   0x000220f4      0xbc2 atmel_start.o
 .debug_macro   0x00022cb6      0x5c5 atmel_start.o
 .debug_macro   0x0002327b     0x1afb atmel_start.o
 .debug_macro   0x00024d76      0x664 atmel_start.o
 .debug_macro   0x000253da     0x41a7 atmel_start.o
 .debug_macro   0x00029581      0x64f atmel_start.o
 .debug_macro   0x00029bd0       0xc4 atmel_start.o
 .debug_macro   0x00029c94      0x12d atmel_start.o
 .debug_macro   0x00029dc1     0x2a5f atmel_start.o
 .debug_macro   0x0002c820       0x7c atmel_start.o
 .debug_macro   0x0002c89c      0x14e atmel_start.o
 .debug_macro   0x0002c9ea       0xf4 atmel_start.o
 .debug_macro   0x0002cade       0xf4 atmel_start.o
 .debug_macro   0x0002cbd2       0x16 atmel_start.o
 .debug_macro   0x0002cbe8       0x7c atmel_start.o
 .debug_macro   0x0002cc64       0x40 atmel_start.o
 .debug_macro   0x0002cca4      0x623 atmel_start.o
 .debug_macro   0x0002d2c7       0x40 atmel_start.o
 .debug_macro   0x0002d307      0x7ce atmel_start.o
 .debug_macro   0x0002dad5       0x6a atmel_start.o
 .debug_macro   0x0002db3f       0x6a atmel_start.o
 .debug_macro   0x0002dba9       0x88 atmel_start.o
 .debug_macro   0x0002dc31       0xac atmel_start.o
 .debug_macro   0x0002dcdd      0x142 atmel_start.o
 .debug_macro   0x0002de1f      0x138 atmel_start.o
 .debug_macro   0x0002df57      0x138 atmel_start.o
 .debug_macro   0x0002e08f       0xee atmel_start.o
 .debug_macro   0x0002e17d      0x187 atmel_start.o
 .debug_macro   0x0002e304      0x180 atmel_start.o
 .debug_macro   0x0002e484      0x180 atmel_start.o
 .debug_macro   0x0002e604      0x180 atmel_start.o
 .debug_macro   0x0002e784      0x180 atmel_start.o
 .debug_macro   0x0002e904      0x121 atmel_start.o
 .debug_macro   0x0002ea25      0x352 atmel_start.o
 .debug_macro   0x0002ed77      0x352 atmel_start.o
 .debug_macro   0x0002f0c9       0x82 atmel_start.o
 .debug_macro   0x0002f14b       0x22 atmel_start.o
 .debug_macro   0x0002f16d       0x22 atmel_start.o
 .debug_macro   0x0002f18f       0x58 atmel_start.o
 .debug_macro   0x0002f1e7       0x28 atmel_start.o
 .debug_macro   0x0002f20f       0x64 atmel_start.o
 .debug_macro   0x0002f273       0x94 atmel_start.o
 .debug_macro   0x0002f307       0x7c atmel_start.o
 .debug_macro   0x0002f383       0x7c atmel_start.o
 .debug_macro   0x0002f3ff       0x8e atmel_start.o
 .debug_macro   0x0002f48d       0x34 atmel_start.o
 .debug_macro   0x0002f4c1      0x1a8 atmel_start.o
 .debug_macro   0x0002f669      0x1a8 atmel_start.o
 .debug_macro   0x0002f811      0x1a8 atmel_start.o
 .debug_macro   0x0002f9b9      0x1a8 atmel_start.o
 .debug_macro   0x0002fb61       0x3a atmel_start.o
 .debug_macro   0x0002fb9b       0x82 atmel_start.o
 .debug_macro   0x0002fc1d       0x82 atmel_start.o
 .debug_macro   0x0002fc9f       0x82 atmel_start.o
 .debug_macro   0x0002fd21       0x70 atmel_start.o
 .debug_macro   0x0002fd91       0x70 atmel_start.o
 .debug_macro   0x0002fe01       0x70 atmel_start.o
 .debug_macro   0x0002fe71       0x70 atmel_start.o
 .debug_macro   0x0002fee1       0x70 atmel_start.o
 .debug_macro   0x0002ff51       0xf4 atmel_start.o
 .debug_macro   0x00030045       0xf4 atmel_start.o
 .debug_macro   0x00030139       0xf4 atmel_start.o
 .debug_macro   0x0003022d      0x71f atmel_start.o
 .debug_macro   0x0003094c       0x16 atmel_start.o
 .debug_macro   0x00030962       0x22 atmel_start.o
 .debug_macro   0x00030984      0x9bf atmel_start.o
 .debug_macro   0x00031343      0x59f atmel_start.o
 .debug_macro   0x000318e2     0x2879 atmel_start.o
 .debug_macro   0x0003415b      0x169 atmel_start.o
 .debug_macro   0x000342c4       0x10 atmel_start.o
 .debug_macro   0x000342d4       0x10 atmel_start.o
 .debug_macro   0x000342e4       0x16 atmel_start.o
 .debug_macro   0x000342fa       0x16 atmel_start.o
 .debug_macro   0x00034310       0x16 atmel_start.o
 .debug_macro   0x00034326       0x16 atmel_start.o
 .debug_macro   0x0003433c       0x16 atmel_start.o
 .debug_macro   0x00034352       0x16 atmel_start.o
 .debug_macro   0x00034368       0x16 atmel_start.o
 .debug_macro   0x0003437e       0x16 atmel_start.o
 .debug_macro   0x00034394       0x16 atmel_start.o
 .debug_macro   0x000343aa       0x16 atmel_start.o
 .debug_macro   0x000343c0       0x16 atmel_start.o
 .debug_macro   0x000343d6       0x16 atmel_start.o
 .debug_macro   0x000343ec       0x16 atmel_start.o
 .debug_macro   0x00034402       0x16 atmel_start.o
 .debug_macro   0x00034418       0x16 atmel_start.o
 .debug_macro   0x0003442e       0x16 atmel_start.o
 .debug_macro   0x00034444       0x16 atmel_start.o
 .debug_macro   0x0003445a       0x16 atmel_start.o
 .debug_macro   0x00034470       0x16 atmel_start.o
 .debug_macro   0x00034486       0x16 atmel_start.o
 .debug_macro   0x0003449c       0x16 atmel_start.o
 .debug_macro   0x000344b2       0x16 atmel_start.o
 .debug_macro   0x000344c8       0x16 atmel_start.o
 .debug_macro   0x000344de       0x16 atmel_start.o
 .debug_macro   0x000344f4       0x16 atmel_start.o
 .debug_macro   0x0003450a       0x16 atmel_start.o
 .debug_macro   0x00034520       0x16 atmel_start.o
 .debug_macro   0x00034536      0x27e atmel_start.o
 .debug_macro   0x000347b4       0x16 atmel_start.o
 .debug_macro   0x000347ca       0x16 atmel_start.o
 .debug_macro   0x000347e0       0x16 atmel_start.o
 .debug_macro   0x000347f6      0x373 atmel_start.o
 .debug_macro   0x00034b69       0xa9 atmel_start.o
 .debug_macro   0x00034c12       0x16 atmel_start.o
 .debug_macro   0x00034c28       0x16 atmel_start.o
 .debug_macro   0x00034c3e       0x16 atmel_start.o
 .debug_macro   0x00034c54       0xca atmel_start.o
 .debug_macro   0x00034d1e       0x1c atmel_start.o
 .debug_macro   0x00034d3a       0x16 atmel_start.o
 .debug_macro   0x00034d50       0x40 atmel_start.o
 .debug_macro   0x00034d90       0xc9 atmel_start.o
 .debug_macro   0x00034e59       0x58 atmel_start.o
 .debug_macro   0x00034eb1       0x35 atmel_start.o
 .debug_macro   0x00034ee6       0x9c atmel_start.o
 .debug_macro   0x00034f82       0x16 atmel_start.o
 .debug_macro   0x00034f98       0x35 atmel_start.o
 .debug_macro   0x00034fcd      0x34d atmel_start.o
 .debug_macro   0x0003531a       0x10 atmel_start.o
 .debug_macro   0x0003532a       0x58 atmel_start.o
 .debug_macro   0x00035382       0x1f atmel_start.o
 .debug_macro   0x000353a1       0x43 atmel_start.o
 .debug_macro   0x000353e4       0x20 atmel_start.o
 .debug_macro   0x00035404      0x187 atmel_start.o
 .debug_macro   0x0003558b       0x10 atmel_start.o
 .debug_macro   0x0003559b       0x1c atmel_start.o
 .debug_macro   0x000355b7       0x52 atmel_start.o
 .debug_macro   0x00035609       0x40 atmel_start.o
 .debug_macro   0x00035649       0x10 atmel_start.o
 .debug_macro   0x00035659       0x40 atmel_start.o
 .debug_macro   0x00035699       0xd7 atmel_start.o
 .debug_macro   0x00035770       0x16 atmel_start.o
 .debug_macro   0x00035786      0x18b atmel_start.o
 .debug_macro   0x00035911      0x49c Device_Startup/startup_samv71q21b.o
 .debug_macro   0x00035dad       0xd1 Device_Startup/startup_samv71q21b.o
 .debug_macro   0x00035e7e      0x7bf driver_init.o
 .debug_macro   0x0003663d       0x10 driver_init.o
 .debug_macro   0x0003664d       0x65 driver_init.o
 .debug_macro   0x000366b2      0x669 hal/src/hal_atomic.o
 .debug_macro   0x00036d1b      0x6af hal/src/hal_can_async.o
 .debug_macro   0x000373ca       0x10 hal/src/hal_can_async.o
 .debug_macro   0x000373da      0x6a0 hal/src/hal_delay.o
 .debug_macro   0x00037a7a      0x67e hal/src/hal_io.o
 .debug_macro   0x000380f8      0x6b5 hal/src/hal_timer.o
 .debug_macro   0x000387ad      0x6a9 hal/src/hal_usart_sync.o
 .debug_macro   0x00038e56      0x673 hal/utils/src/utils_assert.o
 .debug_macro   0x000394c9      0x678 hal/utils/src/utils_list.o
 .debug_macro   0x00039b41      0x1d6 hal/utils/src/utils_syscalls.o
 .debug_macro   0x00039d17       0x52 hal/utils/src/utils_syscalls.o
 .debug_macro   0x00039d69       0x8d hal/utils/src/utils_syscalls.o
 .debug_macro   0x00039df6       0x57 hal/utils/src/utils_syscalls.o
 .debug_macro   0x00039e4d       0x97 hal/utils/src/utils_syscalls.o
 .debug_macro   0x00039ee4      0x353 hal/utils/src/utils_syscalls.o
 .debug_macro   0x0003a237       0xf6 hal/utils/src/utils_syscalls.o
 .debug_macro   0x0003a32d       0x4c hal/utils/src/utils_syscalls.o
 .debug_macro   0x0003a379       0x16 hal/utils/src/utils_syscalls.o
 .debug_macro   0x0003a38f       0x10 hal/utils/src/utils_syscalls.o
 .debug_macro   0x0003a39f       0x10 hal/utils/src/utils_syscalls.o
 .debug_macro   0x0003a3af       0x35 hal/utils/src/utils_syscalls.o
 .debug_macro   0x0003a3e4      0x122 hal/utils/src/utils_syscalls.o
 .debug_macro   0x0003a506      0x6c9 hpl/core/hpl_core_m7_base.o
 .debug_macro   0x0003abcf      0x6e1 hpl/core/hpl_init.o
 .debug_macro   0x0003b2b0      0x324 hpl/core/hpl_init.o
 .debug_macro   0x0003b5d4      0x9df hpl/core/hpl_init.o
 .debug_macro   0x0003bfb3      0x778 hpl/mcan/hpl_mcan.o
 .debug_macro   0x0003c72b      0x2be hpl/mcan/hpl_mcan.o
 .debug_macro   0x0003c9e9       0x9e hpl/mcan/hpl_mcan.o
 .debug_macro   0x0003ca87      0x692 hpl/pmc/hpl_pmc.o
 .debug_macro   0x0003d119      0x6ea hpl/tc/hpl_tc.o
 .debug_macro   0x0003d803       0x10 hpl/tc/hpl_tc.o
 .debug_macro   0x0003d813       0x81 hpl/tc/hpl_tc.o
 .debug_macro   0x0003d894      0x6d9 hpl/usart/hpl_usart.o
 .debug_macro   0x0003df6d       0x9f hpl/usart/hpl_usart.o
 .debug_macro   0x0003e00c      0x962 main.o
 .debug_macro   0x0003e96e       0x16 main.o
 .debug_macro   0x0003e984       0xa9 main.o
 .debug_macro   0x0003ea2d      0x7d9 stdio_redirect/gcc/read.o
 .debug_macro   0x0003f206      0x7d9 stdio_redirect/gcc/write.o
 .debug_macro   0x0003f9df      0x7d2 stdio_redirect/stdio_io.o
 .debug_macro   0x000401b1       0xd9 stdio_redirect/stdio_io.o
 .debug_macro   0x0004028a      0x8f8 stdio_start.o

.debug_line     0x00000000    0x139bb
 .debug_line    0x00000000      0xf10 atmel_start.o
 .debug_line    0x00000f10      0x900 Device_Startup/startup_samv71q21b.o
 .debug_line    0x00001810      0xfb0 driver_init.o
 .debug_line    0x000027c0      0xc78 hal/src/hal_atomic.o
 .debug_line    0x00003438      0xdad hal/src/hal_can_async.o
 .debug_line    0x000041e5      0xcac hal/src/hal_delay.o
 .debug_line    0x00004e91      0xc70 hal/src/hal_io.o
 .debug_line    0x00005b01      0xdbd hal/src/hal_timer.o
 .debug_line    0x000068be      0xe19 hal/src/hal_usart_sync.o
 .debug_line    0x000076d7      0xc4d hal/utils/src/utils_assert.o
 .debug_line    0x00008324      0xce5 hal/utils/src/utils_list.o
 .debug_line    0x00009009      0x40a hal/utils/src/utils_syscalls.o
 .debug_line    0x00009413      0xdf5 hpl/core/hpl_core_m7_base.o
 .debug_line    0x0000a208      0xd33 hpl/core/hpl_init.o
 .debug_line    0x0000af3b     0x121d hpl/mcan/hpl_mcan.o
 .debug_line    0x0000c158      0xd6d hpl/pmc/hpl_pmc.o
 .debug_line    0x0000cec5      0xe7a hpl/tc/hpl_tc.o
 .debug_line    0x0000dd3f     0x1323 hpl/usart/hpl_usart.o
 .debug_line    0x0000f062     0x11ab main.o
 .debug_line    0x0001020d      0xd78 stdio_redirect/gcc/read.o
 .debug_line    0x00010f85      0xd79 stdio_redirect/gcc/write.o
 .debug_line    0x00011cfe      0xd99 stdio_redirect/stdio_io.o
 .debug_line    0x00012a97      0xf24 stdio_start.o

.debug_str      0x00000000   0x1483df
 .debug_str     0x00000000   0x13e593 atmel_start.o
                             0x13f009 (size before relaxing)
 .debug_str     0x0013e593      0x78d Device_Startup/startup_samv71q21b.o
                             0x1353d7 (size before relaxing)
 .debug_str     0x0013ed20      0xdaf driver_init.o
                             0x13bf95 (size before relaxing)
 .debug_str     0x0013facf       0xb7 hal/src/hal_atomic.o
                             0x13a78f (size before relaxing)
 .debug_str     0x0013fb86      0x219 hal/src/hal_can_async.o
                             0x13b079 (size before relaxing)
 .debug_str     0x0013fd9f       0x9b hal/src/hal_delay.o
                             0x13a7f9 (size before relaxing)
 .debug_str     0x0013fe3a       0x33 hal/src/hal_io.o
                             0x13a82a (size before relaxing)
 .debug_str     0x0013fe6d      0x2cc hal/src/hal_timer.o
                             0x13b0bc (size before relaxing)
 .debug_str     0x00140139      0x4aa hal/src/hal_usart_sync.o
                             0x13b2ca (size before relaxing)
 .debug_str     0x001405e3       0x2a hal/utils/src/utils_assert.o
                             0x13a79f (size before relaxing)
 .debug_str     0x0014060d       0x31 hal/utils/src/utils_list.o
                             0x13a849 (size before relaxing)
 .debug_str     0x0014063e      0x77a hal/utils/src/utils_syscalls.o
                               0x73be (size before relaxing)
 .debug_str     0x00140db8      0x5c9 hpl/core/hpl_core_m7_base.o
                             0x13b659 (size before relaxing)
 .debug_str     0x00141381     0x306a hpl/core/hpl_init.o
                             0x13dc6a (size before relaxing)
 .debug_str     0x001443eb     0x1c80 hpl/mcan/hpl_mcan.o
                             0x13fec9 (size before relaxing)
 .debug_str     0x0014606b      0x243 hpl/pmc/hpl_pmc.o
                             0x13b90d (size before relaxing)
 .debug_str     0x001462ae      0x89e hpl/tc/hpl_tc.o
                             0x13bd6c (size before relaxing)
 .debug_str     0x00146b4c     0x1299 hpl/usart/hpl_usart.o
                             0x13cabe (size before relaxing)
 .debug_str     0x00147de5      0x52b main.o
                             0x141361 (size before relaxing)
 .debug_str     0x00148310       0x2b stdio_redirect/gcc/read.o
                             0x13e54c (size before relaxing)
 .debug_str     0x0014833b       0x2d stdio_redirect/gcc/write.o
                             0x13e54e (size before relaxing)
 .debug_str     0x00148368       0x4b stdio_redirect/stdio_io.o
                             0x13e5d5 (size before relaxing)
 .debug_str     0x001483b3       0x2c stdio_start.o
                             0x13f039 (size before relaxing)

.debug_frame    0x00000000     0x1d2c
 .debug_frame   0x00000000       0x28 atmel_start.o
 .debug_frame   0x00000028       0x38 Device_Startup/startup_samv71q21b.o
 .debug_frame   0x00000060       0xf8 driver_init.o
 .debug_frame   0x00000158       0x40 hal/src/hal_atomic.o
 .debug_frame   0x00000198      0x18c hal/src/hal_can_async.o
 .debug_frame   0x00000324       0x68 hal/src/hal_delay.o
 .debug_frame   0x0000038c       0x58 hal/src/hal_io.o
 .debug_frame   0x000003e4      0x144 hal/src/hal_timer.o
 .debug_frame   0x00000528      0x1f0 hal/src/hal_usart_sync.o
 .debug_frame   0x00000718       0x20 hal/utils/src/utils_assert.o
 .debug_frame   0x00000738       0x98 hal/utils/src/utils_list.o
 .debug_frame   0x000007d0       0xa8 hal/utils/src/utils_syscalls.o
 .debug_frame   0x00000878       0xec hpl/core/hpl_core_m7_base.o
 .debug_frame   0x00000964       0x2c hpl/core/hpl_init.o
 .debug_frame   0x00000990      0x168 hpl/mcan/hpl_mcan.o
 .debug_frame   0x00000af8       0x58 hpl/pmc/hpl_pmc.o
 .debug_frame   0x00000b50      0x134 hpl/tc/hpl_tc.o
 .debug_frame   0x00000c84      0x594 hpl/usart/hpl_usart.o
 .debug_frame   0x00001218      0x210 main.o
 .debug_frame   0x00001428       0x2c stdio_redirect/gcc/read.o
 .debug_frame   0x00001454       0x2c stdio_redirect/gcc/write.o
 .debug_frame   0x00001480       0x6c stdio_redirect/stdio_io.o
 .debug_frame   0x000014ec       0x40 stdio_start.o
 .debug_frame   0x0000152c       0x2c c:/program files (x86)/atmel/studio/7.0/toolchain/arm/arm-gnu-toolchain/bin/../lib/gcc/arm-none-eabi/6.3.1/../../../../arm-none-eabi/lib/thumb/v7e-m\libc_nano.a(lib_a-init.o)
 .debug_frame   0x00001558       0x28 c:/program files (x86)/atmel/studio/7.0/toolchain/arm/arm-gnu-toolchain/bin/../lib/gcc/arm-none-eabi/6.3.1/../../../../arm-none-eabi/lib/thumb/v7e-m\libc_nano.a(lib_a-memcpy-stub.o)
 .debug_frame   0x00001580       0x20 c:/program files (x86)/atmel/studio/7.0/toolchain/arm/arm-gnu-toolchain/bin/../lib/gcc/arm-none-eabi/6.3.1/../../../../arm-none-eabi/lib/thumb/v7e-m\libc_nano.a(lib_a-memset.o)
 .debug_frame   0x000015a0       0x74 c:/program files (x86)/atmel/studio/7.0/toolchain/arm/arm-gnu-toolchain/bin/../lib/gcc/arm-none-eabi/6.3.1/../../../../arm-none-eabi/lib/thumb/v7e-m\libc_nano.a(lib_a-printf.o)
 .debug_frame   0x00001614       0x3c c:/program files (x86)/atmel/studio/7.0/toolchain/arm/arm-gnu-toolchain/bin/../lib/gcc/arm-none-eabi/6.3.1/../../../../arm-none-eabi/lib/thumb/v7e-m\libc_nano.a(lib_a-puts.o)
 .debug_frame   0x00001650       0x20 c:/program files (x86)/atmel/studio/7.0/toolchain/arm/arm-gnu-toolchain/bin/../lib/gcc/arm-none-eabi/6.3.1/../../../../arm-none-eabi/lib/thumb/v7e-m\libc_nano.a(lib_a-setbuf.o)
 .debug_frame   0x00001670       0x38 c:/program files (x86)/atmel/studio/7.0/toolchain/arm/arm-gnu-toolchain/bin/../lib/gcc/arm-none-eabi/6.3.1/../../../../arm-none-eabi/lib/thumb/v7e-m\libc_nano.a(lib_a-setvbuf.o)
 .debug_frame   0x000016a8       0x40 c:/program files (x86)/atmel/studio/7.0/toolchain/arm/arm-gnu-toolchain/bin/../lib/gcc/arm-none-eabi/6.3.1/../../../../arm-none-eabi/lib/thumb/v7e-m\libc_nano.a(lib_a-wbuf.o)
 .debug_frame   0x000016e8       0x2c c:/program files (x86)/atmel/studio/7.0/toolchain/arm/arm-gnu-toolchain/bin/../lib/gcc/arm-none-eabi/6.3.1/../../../../arm-none-eabi/lib/thumb/v7e-m\libc_nano.a(lib_a-wsetup.o)
 .debug_frame   0x00001714       0x68 c:/program files (x86)/atmel/studio/7.0/toolchain/arm/arm-gnu-toolchain/bin/../lib/gcc/arm-none-eabi/6.3.1/../../../../arm-none-eabi/lib/thumb/v7e-m\libc_nano.a(lib_a-fflush.o)
 .debug_frame   0x0000177c      0x11c c:/program files (x86)/atmel/studio/7.0/toolchain/arm/arm-gnu-toolchain/bin/../lib/gcc/arm-none-eabi/6.3.1/../../../../arm-none-eabi/lib/thumb/v7e-m\libc_nano.a(lib_a-findfp.o)
 .debug_frame   0x00001898       0x54 c:/program files (x86)/atmel/studio/7.0/toolchain/arm/arm-gnu-toolchain/bin/../lib/gcc/arm-none-eabi/6.3.1/../../../../arm-none-eabi/lib/thumb/v7e-m\libc_nano.a(lib_a-fwalk.o)
 .debug_frame   0x000018ec       0x58 c:/program files (x86)/atmel/studio/7.0/toolchain/arm/arm-gnu-toolchain/bin/../lib/gcc/arm-none-eabi/6.3.1/../../../../arm-none-eabi/lib/thumb/v7e-m\libc_nano.a(lib_a-makebuf.o)
 .debug_frame   0x00001944       0x30 c:/program files (x86)/atmel/studio/7.0/toolchain/arm/arm-gnu-toolchain/bin/../lib/gcc/arm-none-eabi/6.3.1/../../../../arm-none-eabi/lib/thumb/v7e-m\libc_nano.a(lib_a-malloc.o)
 .debug_frame   0x00001974       0x38 c:/program files (x86)/atmel/studio/7.0/toolchain/arm/arm-gnu-toolchain/bin/../lib/gcc/arm-none-eabi/6.3.1/../../../../arm-none-eabi/lib/thumb/v7e-m\libc_nano.a(lib_a-nano-freer.o)
 .debug_frame   0x000019ac       0x2c c:/program files (x86)/atmel/studio/7.0/toolchain/arm/arm-gnu-toolchain/bin/../lib/gcc/arm-none-eabi/6.3.1/../../../../arm-none-eabi/lib/thumb/v7e-m\libc_nano.a(lib_a-nano-mallocr.o)
 .debug_frame   0x000019d8       0xac c:/program files (x86)/atmel/studio/7.0/toolchain/arm/arm-gnu-toolchain/bin/../lib/gcc/arm-none-eabi/6.3.1/../../../../arm-none-eabi/lib/thumb/v7e-m\libc_nano.a(lib_a-nano-vfprintf.o)
 .debug_frame   0x00001a84       0x60 c:/program files (x86)/atmel/studio/7.0/toolchain/arm/arm-gnu-toolchain/bin/../lib/gcc/arm-none-eabi/6.3.1/../../../../arm-none-eabi/lib/thumb/v7e-m\libc_nano.a(lib_a-nano-vfprintf_i.o)
 .debug_frame   0x00001ae4       0x2c c:/program files (x86)/atmel/studio/7.0/toolchain/arm/arm-gnu-toolchain/bin/../lib/gcc/arm-none-eabi/6.3.1/../../../../arm-none-eabi/lib/thumb/v7e-m\libc_nano.a(lib_a-sbrkr.o)
 .debug_frame   0x00001b10       0x88 c:/program files (x86)/atmel/studio/7.0/toolchain/arm/arm-gnu-toolchain/bin/../lib/gcc/arm-none-eabi/6.3.1/../../../../arm-none-eabi/lib/thumb/v7e-m\libc_nano.a(lib_a-stdio.o)
 .debug_frame   0x00001b98       0x2c c:/program files (x86)/atmel/studio/7.0/toolchain/arm/arm-gnu-toolchain/bin/../lib/gcc/arm-none-eabi/6.3.1/../../../../arm-none-eabi/lib/thumb/v7e-m\libc_nano.a(lib_a-writer.o)
 .debug_frame   0x00001bc4       0x2c c:/program files (x86)/atmel/studio/7.0/toolchain/arm/arm-gnu-toolchain/bin/../lib/gcc/arm-none-eabi/6.3.1/../../../../arm-none-eabi/lib/thumb/v7e-m\libc_nano.a(lib_a-closer.o)
 .debug_frame   0x00001bf0       0x2c c:/program files (x86)/atmel/studio/7.0/toolchain/arm/arm-gnu-toolchain/bin/../lib/gcc/arm-none-eabi/6.3.1/../../../../arm-none-eabi/lib/thumb/v7e-m\libc_nano.a(lib_a-fstatr.o)
 .debug_frame   0x00001c1c       0x2c c:/program files (x86)/atmel/studio/7.0/toolchain/arm/arm-gnu-toolchain/bin/../lib/gcc/arm-none-eabi/6.3.1/../../../../arm-none-eabi/lib/thumb/v7e-m\libc_nano.a(lib_a-isattyr.o)
 .debug_frame   0x00001c48       0x2c c:/program files (x86)/atmel/studio/7.0/toolchain/arm/arm-gnu-toolchain/bin/../lib/gcc/arm-none-eabi/6.3.1/../../../../arm-none-eabi/lib/thumb/v7e-m\libc_nano.a(lib_a-lseekr.o)
 .debug_frame   0x00001c74       0x30 c:/program files (x86)/atmel/studio/7.0/toolchain/arm/arm-gnu-toolchain/bin/../lib/gcc/arm-none-eabi/6.3.1/../../../../arm-none-eabi/lib/thumb/v7e-m\libc_nano.a(lib_a-mlock.o)
 .debug_frame   0x00001ca4       0x2c c:/program files (x86)/atmel/studio/7.0/toolchain/arm/arm-gnu-toolchain/bin/../lib/gcc/arm-none-eabi/6.3.1/../../../../arm-none-eabi/lib/thumb/v7e-m\libc_nano.a(lib_a-readr.o)
 .debug_frame   0x00001cd0       0x5c c:/program files (x86)/atmel/studio/7.0/toolchain/arm/arm-gnu-toolchain/bin/../lib/gcc/arm-none-eabi/6.3.1/../../../../arm-none-eabi/lib/thumb/v7e-m\libc_nano.a(lib_a-reent.o)
